Archive member included to satisfy reference by file (symbol)

/Applications/ArmGNUToolchain/14.2.rel1/arm-none-eabi/bin/../lib/gcc/arm-none-eabi/14.2.1/../../../../arm-none-eabi/lib/thumb/v6-m/nofp/libm.a(libm_a-s_fmin.o)
                              CMakeFiles/P3.dir/P3.c.o (fmin)
/Applications/ArmGNUToolchain/14.2.rel1/arm-none-eabi/bin/../lib/gcc/arm-none-eabi/14.2.1/../../../../arm-none-eabi/lib/thumb/v6-m/nofp/libm.a(libm_a-s_fpclassify.o)
                              /Applications/ArmGNUToolchain/14.2.rel1/arm-none-eabi/bin/../lib/gcc/arm-none-eabi/14.2.1/../../../../arm-none-eabi/lib/thumb/v6-m/nofp/libm.a(libm_a-s_fmin.o) (__fpclassifyd)
/Applications/ArmGNUToolchain/14.2.rel1/arm-none-eabi/bin/../lib/gcc/arm-none-eabi/14.2.1/../../../../arm-none-eabi/lib/thumb/v6-m/nofp/libm.a(libm_a-s_fmax.o)
                              CMakeFiles/P3.dir/P3.c.o (fmax)
/Applications/ArmGNUToolchain/14.2.rel1/arm-none-eabi/bin/../lib/gcc/arm-none-eabi/14.2.1/thumb/v6-m/nofp/libgcc.a(_dvmd_tls.o)
                              CMakeFiles/P3.dir/Users/nekrutnikolai/git/pico-sdk/src/rp2_common/pico_divider/divider_hardware.S.o (__aeabi_idiv0)
/Applications/ArmGNUToolchain/14.2.rel1/arm-none-eabi/bin/../lib/gcc/arm-none-eabi/14.2.1/../../../../arm-none-eabi/lib/thumb/v6-m/nofp/libg.a(libc_a-atof.o)
                              CMakeFiles/P3.dir/P3.c.o (atof)
/Applications/ArmGNUToolchain/14.2.rel1/arm-none-eabi/bin/../lib/gcc/arm-none-eabi/14.2.1/../../../../arm-none-eabi/lib/thumb/v6-m/nofp/libg.a(libc_a-calloc.o)
                              CMakeFiles/P3.dir/Users/nekrutnikolai/git/pico-sdk/src/rp2_common/pico_malloc/malloc.c.o (calloc)
/Applications/ArmGNUToolchain/14.2.rel1/arm-none-eabi/bin/../lib/gcc/arm-none-eabi/14.2.1/../../../../arm-none-eabi/lib/thumb/v6-m/nofp/libg.a(libc_a-callocr.o)
                              /Applications/ArmGNUToolchain/14.2.rel1/arm-none-eabi/bin/../lib/gcc/arm-none-eabi/14.2.1/../../../../arm-none-eabi/lib/thumb/v6-m/nofp/libg.a(libc_a-calloc.o) (_calloc_r)
/Applications/ArmGNUToolchain/14.2.rel1/arm-none-eabi/bin/../lib/gcc/arm-none-eabi/14.2.1/../../../../arm-none-eabi/lib/thumb/v6-m/nofp/libg.a(libc_a-malloc.o)
                              CMakeFiles/P3.dir/Users/nekrutnikolai/git/pico-sdk/src/rp2_common/pico_malloc/malloc.c.o (malloc)
/Applications/ArmGNUToolchain/14.2.rel1/arm-none-eabi/bin/../lib/gcc/arm-none-eabi/14.2.1/../../../../arm-none-eabi/lib/thumb/v6-m/nofp/libg.a(libc_a-mallocr.o)
                              /Applications/ArmGNUToolchain/14.2.rel1/arm-none-eabi/bin/../lib/gcc/arm-none-eabi/14.2.1/../../../../arm-none-eabi/lib/thumb/v6-m/nofp/libg.a(libc_a-callocr.o) (_malloc_r)
/Applications/ArmGNUToolchain/14.2.rel1/arm-none-eabi/bin/../lib/gcc/arm-none-eabi/14.2.1/../../../../arm-none-eabi/lib/thumb/v6-m/nofp/libg.a(libc_a-mlock.o)
                              /Applications/ArmGNUToolchain/14.2.rel1/arm-none-eabi/bin/../lib/gcc/arm-none-eabi/14.2.1/../../../../arm-none-eabi/lib/thumb/v6-m/nofp/libg.a(libc_a-mallocr.o) (__malloc_lock)
/Applications/ArmGNUToolchain/14.2.rel1/arm-none-eabi/bin/../lib/gcc/arm-none-eabi/14.2.1/../../../../arm-none-eabi/lib/thumb/v6-m/nofp/libg.a(libc_a-realloc.o)
                              CMakeFiles/P3.dir/Users/nekrutnikolai/git/pico-sdk/src/rp2_common/pico_malloc/malloc.c.o (realloc)
/Applications/ArmGNUToolchain/14.2.rel1/arm-none-eabi/bin/../lib/gcc/arm-none-eabi/14.2.1/../../../../arm-none-eabi/lib/thumb/v6-m/nofp/libg.a(libc_a-reallocr.o)
                              /Applications/ArmGNUToolchain/14.2.rel1/arm-none-eabi/bin/../lib/gcc/arm-none-eabi/14.2.1/../../../../arm-none-eabi/lib/thumb/v6-m/nofp/libg.a(libc_a-realloc.o) (_realloc_r)
/Applications/ArmGNUToolchain/14.2.rel1/arm-none-eabi/bin/../lib/gcc/arm-none-eabi/14.2.1/../../../../arm-none-eabi/lib/thumb/v6-m/nofp/libg.a(libc_a-strtod.o)
                              /Applications/ArmGNUToolchain/14.2.rel1/arm-none-eabi/bin/../lib/gcc/arm-none-eabi/14.2.1/../../../../arm-none-eabi/lib/thumb/v6-m/nofp/libg.a(libc_a-atof.o) (strtod)
/Applications/ArmGNUToolchain/14.2.rel1/arm-none-eabi/bin/../lib/gcc/arm-none-eabi/14.2.1/../../../../arm-none-eabi/lib/thumb/v6-m/nofp/libg.a(libc_a-memcmp.o)
                              CMakeFiles/P3.dir/Users/nekrutnikolai/git/pico-sdk/src/rp2_common/pico_atomic/atomic.c.o (memcmp)
/Applications/ArmGNUToolchain/14.2.rel1/arm-none-eabi/bin/../lib/gcc/arm-none-eabi/14.2.1/../../../../arm-none-eabi/lib/thumb/v6-m/nofp/libg.a(libc_a-memmove.o)
                              CMakeFiles/P3.dir/Users/nekrutnikolai/git/pico-sdk/lib/cyw43-driver/src/cyw43_ll.c.o (memmove)
/Applications/ArmGNUToolchain/14.2.rel1/arm-none-eabi/bin/../lib/gcc/arm-none-eabi/14.2.1/../../../../arm-none-eabi/lib/thumb/v6-m/nofp/libg.a(libc_a-strncmp.o)
                              CMakeFiles/P3.dir/Users/nekrutnikolai/git/pico-sdk/lib/cyw43-driver/src/cyw43_ll.c.o (strncmp)
[...]
Memory Configuration

Name             Origin             Length             Attributes
FLASH            0x10000000         0x00200000         xr
RAM              0x20000000         0x00040000         xrw
SCRATCH_X        0x20040000         0x00001000         xrw
SCRATCH_Y        0x20041000         0x00001000         xrw
*default*        0x00000000         0xffffffff

Linker script and memory map

LOAD /Applications/ArmGNUToolchain/14.2.rel1/arm-none-eabi/bin/../lib/gcc/arm-none-eabi/14.2.1/thumb/v6-m/nofp/crti.o
LOAD /Applications/ArmGNUToolchain/14.2.rel1/arm-none-eabi/bin/../lib/gcc/arm-none-eabi/14.2.1/thumb/v6-m/nofp/crtbegin.o
LOAD /Applications/ArmGNUToolchain/14.2.rel1/arm-none-eabi/bin/../lib/gcc/arm-none-eabi/14.2.1/../../../../arm-none-eabi/lib/thumb/v6-m/nofp/crt0.o

.flash_begin    0x10000000        0x0
                0x10000000                        __flash_binary_start = .

.boot2          0x10000000      0x100
                0x10000000                        __boot2_start__ = .
 *(.boot2)
 .boot2         0x10000000      0x100 pico-sdk/src/rp2040/boot_stage2/CMakeFiles/bs2_default_library.dir/bs2_default_padded_checksummed.S.o
                0x10000100                        __boot2_end__ = .
                0x00000001                        ASSERT (((__boot2_end__ - __boot2_start__) == 0x100), ERROR: Pico second stage bootloader must be 256 bytes in size)

.text           0x10000100     0xf3cc
                0x10000100                        __logical_binary_start = .
 *(.vectors)
 .vectors       0x10000100       0xd4 CMakeFiles/P3.dir/Users/nekrutnikolai/git/pico-sdk/src/rp2_common/pico_crt0/crt0.S.o
                0x10000100                __VECTOR_TABLE
                0x10000100                __vectors
                0x100001c0                __default_isrs_start
                0x100001c0                isr_invalid
                0x100001c2                isr_nmi
                0x100001c4                isr_hardfault
                0x100001c6                isr_svcall
                0x100001c8                isr_pendsv
                0x100001ca                isr_systick
                0x100001cc                isr_irq28
                0x100001cc                isr_irq19
                0x100001cc                isr_irq0
                0x100001cc                isr_irq6
                0x100001cc                isr_irq22
                0x100001cc                isr_irq17
                0x100001cc                isr_irq14
                0x100001cc                isr_irq2
                0x100001cc                isr_irq10
                0x100001cc                isr_irq8
                0x100001cc                isr_irq24
                0x100001cc                isr_irq1
                0x100001cc                isr_irq7
                0x100001cc                isr_irq21
                0x100001cc                isr_irq20
                0x100001cc                isr_irq15
                0x100001cc                isr_irq25
                0x100001cc                isr_irq4
                0x100001cc                isr_irq16
                0x100001cc                isr_irq29
                0x100001cc                isr_irq26
                0x100001cc                __default_isrs_end
                0x100001cc                isr_irq3
                0x100001cc                isr_irq9
                0x100001cc                __unhandled_user_irq
                0x100001cc                isr_irq13
                0x100001cc                isr_irq27
                0x100001cc                isr_irq31
                0x100001cc                isr_irq5
                0x100001cc                isr_irq11
                0x100001cc                isr_irq23
                0x100001cc                isr_irq18
                0x100001cc                isr_irq30
                0x100001cc                isr_irq12
                0x100001d2                unhandled_user_irq_num_in_r0
 *(.binary_info_header)
 .binary_info_header
                0x100001d4       0x14 CMakeFiles/P3.dir/Users/nekrutnikolai/git/pico-sdk/src/rp2_common/pico_crt0/crt0.S.o
                0x100001e8                        __binary_info_header_end = .
 *(.embedded_block)
                0x100001e8                        __embedded_block_end = .
 *(.reset)
 .reset         0x100001e8       0x9c CMakeFiles/P3.dir/Users/nekrutnikolai/git/pico-sdk/src/rp2_common/pico_crt0/crt0.S.o
                0x100001e8                _entry_point
 *(.init)
 .init          0x10000284        0x4 /Applications/ArmGNUToolchain/14.2.rel1/arm-none-eabi/bin/../lib/gcc/arm-none-eabi/14.2.1/thumb/v6-m/nofp/crti.o
                0x10000284                _init
 *(EXCLUDE_FILE(*libm.a: *libc.a:*lib_a-mem*.o *libgcc.a:) .text*)
 .text.register_tm_clones
                0x10000288       0x28 /Applications/ArmGNUToolchain/14.2.rel1/arm-none-eabi/bin/../lib/gcc/arm-none-eabi/14.2.1/thumb/v6-m/nofp/crtbegin.o
 .text.frame_dummy
                0x100002b0       0x24 /Applications/ArmGNUToolchain/14.2.rel1/arm-none-eabi/bin/../lib/gcc/arm-none-eabi/14.2.1/thumb/v6-m/nofp/crtbegin.o
 .text.handle_serial_input
                0x100002d4      0x15c CMakeFiles/P3.dir/P3.c.o
                0x100002d4                handle_serial_input
 .text.startup.main
                0x10000430      0x418 CMakeFiles/P3.dir/P3.c.o
                0x10000430                main
 .text.mpu9250_setup
                0x10000848       0x88 CMakeFiles/P3.dir/Users/nekrutnikolai/git/RotorRascal/software/lib/MPU9250/mpu9250.c.o
                0x10000848                mpu9250_setup
 .text.mpu9250_update
                0x100008d0      0x224 CMakeFiles/P3.dir/Users/nekrutnikolai/git/RotorRascal/software/lib/MPU9250/mpu9250.c.o
                0x100008d0                mpu9250_update
 .text.gyro_cal
                0x10000af4       0xac CMakeFiles/P3.dir/Users/nekrutnikolai/git/RotorRascal/software/lib/MPU9250/mpu9250.c.o
                0x10000af4                gyro_cal
 .text.acc_cal  0x10000ba0       0xd0 CMakeFiles/P3.dir/Users/nekrutnikolai/git/RotorRascal/software/lib/MPU9250/mpu9250.c.o
                0x10000ba0                acc_cal
 .text.esc_setup
                0x10000c70      0x158 CMakeFiles/P3.dir/Users/nekrutnikolai/git/RotorRascal/software/lib/ESC/esc.c.o
                0x10000c70                esc_setup
 .text.cali_motor
                0x10000dc8      0x340 CMakeFiles/P3.dir/Users/nekrutnikolai/git/RotorRascal/software/lib/ESC/esc.c.o
                0x10000dc8                cali_motor
 .text.arm_motor
                0x10001108       0x5c CMakeFiles/P3.dir/Users/nekrutnikolai/git/RotorRascal/software/lib/ESC/esc.c.o
                0x10001108                arm_motor
 .text.motor_control
                0x10001164       0xe4 CMakeFiles/P3.dir/Users/nekrutnikolai/git/RotorRascal/software/lib/ESC/esc.c.o
                0x10001164                motor_control
 .text.leaky_init
                0x10001248        0xc CMakeFiles/P3.dir/Users/nekrutnikolai/git/RotorRascal/software/lib/Filter/leaky_LP.c.o
                0x10001248                leaky_init
 .text.leaky_update
                0x10001254       0x90 CMakeFiles/P3.dir/Users/nekrutnikolai/git/RotorRascal/software/lib/Filter/leaky_LP.c.o
                0x10001254                leaky_update
 .text.radio_irq_handler
                0x100012e4      0x108 CMakeFiles/P3.dir/Users/nekrutnikolai/git/RotorRascal/software/lib/Radio/radio.c.o
                0x100012e4                radio_irq_handler
 .text.radio_setup
                0x100013ec       0x8c CMakeFiles/P3.dir/Users/nekrutnikolai/git/RotorRascal/software/lib/Radio/radio.c.o
                0x100013ec                radio_setup
 .text.get_state_saturate
                0x10001478       0xb8 CMakeFiles/P3.dir/Users/nekrutnikolai/git/RotorRascal/software/lib/Control/controller.c.o
                0x10001478                get_state_saturate
 .text.init_controller
                0x10001530       0x2c CMakeFiles/P3.dir/Users/nekrutnikolai/git/RotorRascal/software/lib/Control/controller.c.o
                0x10001530                init_controller
 .text.saturate_control
                0x1000155c       0xc0 CMakeFiles/P3.dir/Users/nekrutnikolai/git/RotorRascal/software/lib/Control/controller.c.o
                0x1000155c                saturate_control
 .text.update_u
                0x1000161c      0x198 CMakeFiles/P3.dir/Users/nekrutnikolai/git/RotorRascal/software/lib/Control/controller.c.o
                0x1000161c                update_u
 .text.update_controller
                0x100017b4      0x120 CMakeFiles/P3.dir/Users/nekrutnikolai/git/RotorRascal/software/lib/Control/controller.c.o
                0x100017b4                update_controller
 .text.gpio_set_function
                0x100018d4       0x34 CMakeFiles/P3.dir/Users/nekrutnikolai/git/pico-sdk/src/rp2_common/hardware_gpio/gpio.c.o
                0x100018d4                gpio_set_function
 .text.gpio_set_pulls
                0x10001908       0x28 CMakeFiles/P3.dir/Users/nekrutnikolai/git/pico-sdk/src/rp2_common/hardware_gpio/gpio.c.o
                0x10001908                gpio_set_pulls
 .text.gpio_set_input_hysteresis_enabled
                0x10001930       0x28 CMakeFiles/P3.dir/Users/nekrutnikolai/git/pico-sdk/src/rp2_common/hardware_gpio/gpio.c.o
                0x10001930                gpio_set_input_hysteresis_enabled
 .text.gpio_set_irq_enabled
                0x10001958       0x58 CMakeFiles/P3.dir/Users/nekrutnikolai/git/pico-sdk/src/rp2_common/hardware_gpio/gpio.c.o
                0x10001958                gpio_set_irq_enabled
 .text.gpio_add_raw_irq_handler_with_order_priority_masked
                0x100019b0       0x44 CMakeFiles/P3.dir/Users/nekrutnikolai/git/pico-sdk/src/rp2_common/hardware_gpio/gpio.c.o
                0x100019b0                gpio_add_raw_irq_handler_with_order_priority_masked
 .text.gpio_remove_raw_irq_handler_masked
                0x100019f4       0x20 CMakeFiles/P3.dir/Users/nekrutnikolai/git/pico-sdk/src/rp2_common/hardware_gpio/gpio.c.o
                0x100019f4                gpio_remove_raw_irq_handler_masked
 .text.gpio_init
                0x10001a14       0x40 CMakeFiles/P3.dir/Users/nekrutnikolai/git/pico-sdk/src/rp2_common/hardware_gpio/gpio.c.o
                0x10001a14                gpio_init
 .text.rp2040_chip_version
                0x10001a54        0xc CMakeFiles/P3.dir/Users/nekrutnikolai/git/pico-sdk/src/rp2040/pico_platform/platform.c.o
                0x10001a54                rp2040_chip_version
 .text.panic    0x10001a60       0x30 CMakeFiles/P3.dir/Users/nekrutnikolai/git/pico-sdk/src/rp2_common/pico_platform_panic/panic.c.o
                0x10001a60                panic
 .text.hw_claim_lock
                0x10001a90       0x18 CMakeFiles/P3.dir/Users/nekrutnikolai/git/pico-sdk/src/common/hardware_claim/claim.c.o
                0x10001a90                hw_claim_lock
 .text.hw_claim_unlock
                0x10001aa8       0x14 CMakeFiles/P3.dir/Users/nekrutnikolai/git/pico-sdk/src/common/hardware_claim/claim.c.o
                0x10001aa8                hw_claim_unlock
 .text.hw_claim_or_assert
                0x10001abc       0x44 CMakeFiles/P3.dir/Users/nekrutnikolai/git/pico-sdk/src/common/hardware_claim/claim.c.o
                0x10001abc                hw_claim_or_assert
 .text.hw_claim_unused_from_range
                0x10001b00       0x88 CMakeFiles/P3.dir/Users/nekrutnikolai/git/pico-sdk/src/common/hardware_claim/claim.c.o
                0x10001b00                hw_claim_unused_from_range
 .text.hw_claim_clear
                0x10001b88       0x38 CMakeFiles/P3.dir/Users/nekrutnikolai/git/pico-sdk/src/common/hardware_claim/claim.c.o
                0x10001b88                hw_claim_clear
 .text.next_striped_spin_lock_num
                0x10001bc0       0x18 CMakeFiles/P3.dir/Users/nekrutnikolai/git/pico-sdk/src/rp2_common/hardware_sync/sync.c.o
                0x10001bc0                next_striped_spin_lock_num
 .text.spin_lock_claim_unused
                0x10001bd8       0x24 CMakeFiles/P3.dir/Users/nekrutnikolai/git/pico-sdk/src/rp2_common/hardware_sync/sync.c.o
                0x10001bd8                spin_lock_claim_unused
 .text.spin_locks_reset
                0x10001bfc       0x1c CMakeFiles/P3.dir/Users/nekrutnikolai/git/pico-sdk/src/rp2_common/hardware_sync_spin_lock/sync_spin_lock.c.o
                0x10001bfc                spin_locks_reset
 .text.runtime_init_per_core_irq_priorities
                0x10001c18       0x24 CMakeFiles/P3.dir/Users/nekrutnikolai/git/pico-sdk/src/rp2_common/hardware_irq/irq.c.o
                0x10001c18                runtime_init_per_core_irq_priorities
 .text.irq_set_enabled
                0x10001c3c       0x24 CMakeFiles/P3.dir/Users/nekrutnikolai/git/pico-sdk/src/rp2_common/hardware_irq/irq.c.o
                0x10001c3c                irq_set_enabled
 .text.irq_is_enabled
                0x10001c60       0x18 CMakeFiles/P3.dir/Users/nekrutnikolai/git/pico-sdk/src/rp2_common/hardware_irq/irq.c.o
                0x10001c60                irq_is_enabled
 .text.irq_set_pending
                0x10001c78       0x10 CMakeFiles/P3.dir/Users/nekrutnikolai/git/pico-sdk/src/rp2_common/hardware_irq/irq.c.o
                0x10001c78                irq_set_pending
 .text.irq_has_shared_handler
                0x10001c88       0x24 CMakeFiles/P3.dir/Users/nekrutnikolai/git/pico-sdk/src/rp2_common/hardware_irq/irq.c.o
                0x10001c88                irq_has_shared_handler
 .text.irq_set_exclusive_handler
                0x10001cac       0x54 CMakeFiles/P3.dir/Users/nekrutnikolai/git/pico-sdk/src/rp2_common/hardware_irq/irq.c.o
                0x10001cac                irq_set_exclusive_handler
 .text.irq_add_shared_handler
                0x10001d00      0x1f4 CMakeFiles/P3.dir/Users/nekrutnikolai/git/pico-sdk/src/rp2_common/hardware_irq/irq.c.o
                0x10001d00                irq_add_shared_handler
 .text.irq_remove_handler
                0x10001ef4      0x1d4 CMakeFiles/P3.dir/Users/nekrutnikolai/git/pico-sdk/src/rp2_common/hardware_irq/irq.c.o
                0x10001ef4                irq_remove_handler
 .text.irq_set_priority
                0x100020c8       0x28 CMakeFiles/P3.dir/Users/nekrutnikolai/git/pico-sdk/src/rp2_common/hardware_irq/irq.c.o
                0x100020c8                irq_set_priority
 .text.irq_add_tail_to_free_list
                0x100020f0       0xb4 CMakeFiles/P3.dir/Users/nekrutnikolai/git/pico-sdk/src/rp2_common/hardware_irq/irq.c.o
                0x100020f0                irq_add_tail_to_free_list
 .text.user_irq_unclaim
                0x100021a4       0x14 CMakeFiles/P3.dir/Users/nekrutnikolai/git/pico-sdk/src/rp2_common/hardware_irq/irq.c.o
                0x100021a4                user_irq_unclaim
 .text.user_irq_claim_unused
                0x100021b8       0x2c CMakeFiles/P3.dir/Users/nekrutnikolai/git/pico-sdk/src/rp2_common/hardware_irq/irq.c.o
                0x100021b8                user_irq_claim_unused
 .text.sem_init
                0x100021e4       0x20 CMakeFiles/P3.dir/Users/nekrutnikolai/git/pico-sdk/src/common/pico_sync/sem.c.o
                0x100021e4                sem_init
 .text.lock_init
                0x10002204       0x10 CMakeFiles/P3.dir/Users/nekrutnikolai/git/pico-sdk/src/common/pico_sync/lock_core.c.o
                0x10002204                lock_init
 .text.runtime_init_mutex
                0x10002214       0x50 CMakeFiles/P3.dir/Users/nekrutnikolai/git/pico-sdk/src/common/pico_sync/mutex.c.o
                0x10002214                runtime_init_mutex
 .text.mutex_init
                0x10002264       0x1c CMakeFiles/P3.dir/Users/nekrutnikolai/git/pico-sdk/src/common/pico_sync/mutex.c.o
                0x10002264                mutex_init
 .text.recursive_mutex_init
                0x10002280       0x1c CMakeFiles/P3.dir/Users/nekrutnikolai/git/pico-sdk/src/common/pico_sync/mutex.c.o
                0x10002280                recursive_mutex_init
 .text.critical_section_init
                0x1000229c       0x1c CMakeFiles/P3.dir/Users/nekrutnikolai/git/pico-sdk/src/common/pico_sync/critical_section.c.o
                0x1000229c                critical_section_init
 .text.critical_section_init_with_lock_num
                0x100022b8       0x14 CMakeFiles/P3.dir/Users/nekrutnikolai/git/pico-sdk/src/common/pico_sync/critical_section.c.o
                0x100022b8                critical_section_init_with_lock_num
 .text.sleep_until_callback
                0x100022cc       0x30 CMakeFiles/P3.dir/Users/nekrutnikolai/git/pico-sdk/src/common/pico_time/time.c.o
 .text.alarm_pool_irq_handler
                0x100022fc      0x300 CMakeFiles/P3.dir/Users/nekrutnikolai/git/pico-sdk/src/common/pico_time/time.c.o
 .text.runtime_init_default_alarm_pool
                0x100025fc       0xdc CMakeFiles/P3.dir/Users/nekrutnikolai/git/pico-sdk/src/common/pico_time/time.c.o
                0x100025fc                runtime_init_default_alarm_pool
 .text.alarm_pool_get_default
                0x100026d8        0x8 CMakeFiles/P3.dir/Users/nekrutnikolai/git/pico-sdk/src/common/pico_time/time.c.o
                0x100026d8                alarm_pool_get_default
 .text.alarm_pool_add_alarm_at
                0x100026e0       0xd0 CMakeFiles/P3.dir/Users/nekrutnikolai/git/pico-sdk/src/common/pico_time/time.c.o
                0x100026e0                alarm_pool_add_alarm_at
 .text.alarm_pool_add_alarm_at_force_in_context
                0x100027b0       0xb0 CMakeFiles/P3.dir/Users/nekrutnikolai/git/pico-sdk/src/common/pico_time/time.c.o
                0x100027b0                alarm_pool_add_alarm_at_force_in_context
 .text.alarm_pool_cancel_alarm
                0x10002860       0x74 CMakeFiles/P3.dir/Users/nekrutnikolai/git/pico-sdk/src/common/pico_time/time.c.o
                0x10002860                alarm_pool_cancel_alarm
 .text.alarm_pool_core_num
                0x100028d4        0x4 CMakeFiles/P3.dir/Users/nekrutnikolai/git/pico-sdk/src/common/pico_time/time.c.o
                0x100028d4                alarm_pool_core_num
 .text.sleep_until
                0x100028d8       0xd0 CMakeFiles/P3.dir/Users/nekrutnikolai/git/pico-sdk/src/common/pico_time/time.c.o
                0x100028d8                sleep_until
 .text.sleep_us
                0x100029a8       0xec CMakeFiles/P3.dir/Users/nekrutnikolai/git/pico-sdk/src/common/pico_time/time.c.o
                0x100029a8                sleep_us
 .text.sleep_ms
                0x10002a94       0xfc CMakeFiles/P3.dir/Users/nekrutnikolai/git/pico-sdk/src/common/pico_time/time.c.o
                0x10002a94                sleep_ms
 .text.best_effort_wfe_or_timeout
                0x10002b90      0x10c CMakeFiles/P3.dir/Users/nekrutnikolai/git/pico-sdk/src/common/pico_time/time.c.o
                0x10002b90                best_effort_wfe_or_timeout
 .text.timer_hardware_alarm_claim
                0x10002c9c       0x14 CMakeFiles/P3.dir/Users/nekrutnikolai/git/pico-sdk/src/rp2_common/hardware_timer/timer.c.o
                0x10002c9c                timer_hardware_alarm_claim
 .text.timer_time_us_64
                0x10002cb0       0x10 CMakeFiles/P3.dir/Users/nekrutnikolai/git/pico-sdk/src/rp2_common/hardware_timer/timer.c.o
                0x10002cb0                timer_time_us_64
 .text.time_us_64
                0x10002cc0       0x14 CMakeFiles/P3.dir/Users/nekrutnikolai/git/pico-sdk/src/rp2_common/hardware_timer/timer.c.o
                0x10002cc0                time_us_64
 .text.busy_wait_us
                0x10002cd4       0x68 CMakeFiles/P3.dir/Users/nekrutnikolai/git/pico-sdk/src/rp2_common/hardware_timer/timer.c.o
                0x10002cd4                busy_wait_us
 .text.busy_wait_until
                0x10002d3c       0x20 CMakeFiles/P3.dir/Users/nekrutnikolai/git/pico-sdk/src/rp2_common/hardware_timer/timer.c.o
                0x10002d3c                busy_wait_until
 .text.uart_init
                0x10002d5c      0x120 CMakeFiles/P3.dir/Users/nekrutnikolai/git/pico-sdk/src/rp2_common/hardware_uart/uart.c.o
                0x10002d5c                uart_init
 .text.uart_set_format
                0x10002e7c       0x78 CMakeFiles/P3.dir/Users/nekrutnikolai/git/pico-sdk/src/rp2_common/hardware_uart/uart.c.o
                0x10002e7c                uart_set_format
 .text.uart_set_fifo_enabled
                0x10002ef4       0x5c CMakeFiles/P3.dir/Users/nekrutnikolai/git/pico-sdk/src/rp2_common/hardware_uart/uart.c.o
                0x10002ef4                uart_set_fifo_enabled
 .text.clock_configure_int_divider
                0x10002f50       0xf4 CMakeFiles/P3.dir/Users/nekrutnikolai/git/pico-sdk/src/rp2_common/hardware_clocks/clocks.c.o
                0x10002f50                clock_configure_int_divider
 .text.clock_configure_undivided
                0x10003044       0xe8 CMakeFiles/P3.dir/Users/nekrutnikolai/git/pico-sdk/src/rp2_common/hardware_clocks/clocks.c.o
                0x10003044                clock_configure_undivided
 .text.clock_get_hz
                0x1000312c        0xc CMakeFiles/P3.dir/Users/nekrutnikolai/git/pico-sdk/src/rp2_common/hardware_clocks/clocks.c.o
                0x1000312c                clock_get_hz
 .text.pll_init
                0x10003138       0xa4 CMakeFiles/P3.dir/Users/nekrutnikolai/git/pico-sdk/src/rp2_common/hardware_pll/pll.c.o
                0x10003138                pll_init
 .text.watchdog_reboot
                0x100031dc       0x9c CMakeFiles/P3.dir/Users/nekrutnikolai/git/pico-sdk/src/rp2_common/hardware_watchdog/watchdog.c.o
                0x100031dc                watchdog_reboot
 .text.tick_start
                0x10003278       0x10 CMakeFiles/P3.dir/Users/nekrutnikolai/git/pico-sdk/src/rp2_common/hardware_ticks/ticks.c.o
                0x10003278                tick_start
 .text.rom_func_lookup
                0x10003288       0x10 CMakeFiles/P3.dir/Users/nekrutnikolai/git/pico-sdk/src/rp2_common/pico_bootrom/bootrom.c.o
                0x10003288                rom_func_lookup
 .text.rom_data_lookup
                0x10003298       0x10 CMakeFiles/P3.dir/Users/nekrutnikolai/git/pico-sdk/src/rp2_common/pico_bootrom/bootrom.c.o
                0x10003298                rom_data_lookup
 .text.rom_funcs_lookup
                0x100032a8       0x44 CMakeFiles/P3.dir/Users/nekrutnikolai/git/pico-sdk/src/rp2_common/pico_bootrom/bootrom.c.o
                0x100032a8                rom_funcs_lookup
 .text.rom_reset_usb_boot_extra
                0x100032ec       0x24 CMakeFiles/P3.dir/Users/nekrutnikolai/git/pico-sdk/src/rp2_common/pico_bootrom/bootrom.c.o
                0x100032ec                rom_reset_usb_boot_extra
 .text.xosc_init
                0x10003310       0x28 CMakeFiles/P3.dir/Users/nekrutnikolai/git/pico-sdk/src/rp2_common/hardware_xosc/xosc.c.o
                0x10003310                xosc_init
 .text.first_per_core_initializer
                0x10003338        0x4 CMakeFiles/P3.dir/Users/nekrutnikolai/git/pico-sdk/src/rp2_common/pico_runtime/runtime.c.o
 .text.hard_assertion_failure
                0x1000333c        0xc CMakeFiles/P3.dir/Users/nekrutnikolai/git/pico-sdk/src/rp2_common/pico_runtime/runtime.c.o
                0x1000333c                hard_assertion_failure
 .text.runtime_run_initializers
                0x10003348       0x28 CMakeFiles/P3.dir/Users/nekrutnikolai/git/pico-sdk/src/rp2_common/pico_runtime/runtime.c.o
                0x10003348                runtime_run_initializers
 .text.runtime_init_early_resets
                0x10003370       0x2c CMakeFiles/P3.dir/Users/nekrutnikolai/git/pico-sdk/src/rp2_common/pico_runtime_init/runtime_init.c.o
                0x10003370                runtime_init_early_resets
 .text.runtime_init_usb_power_down
                0x1000339c       0x1c CMakeFiles/P3.dir/Users/nekrutnikolai/git/pico-sdk/src/rp2_common/pico_runtime_init/runtime_init.c.o
                0x1000339c                runtime_init_usb_power_down
 .text.runtime_init_post_clock_resets
                0x100033b8       0x20 CMakeFiles/P3.dir/Users/nekrutnikolai/git/pico-sdk/src/rp2_common/pico_runtime_init/runtime_init.c.o
                0x100033b8                runtime_init_post_clock_resets
 .text.runtime_init_rp2040_gpio_ie_disable
                0x100033d8       0x14 CMakeFiles/P3.dir/Users/nekrutnikolai/git/pico-sdk/src/rp2_common/pico_runtime_init/runtime_init.c.o
                0x100033d8                runtime_init_rp2040_gpio_ie_disable
 .text.runtime_init_spin_locks_reset
                0x100033ec        0x8 CMakeFiles/P3.dir/Users/nekrutnikolai/git/pico-sdk/src/rp2_common/pico_runtime_init/runtime_init.c.o
                0x100033ec                runtime_init_spin_locks_reset
 .text.runtime_init_install_ram_vector_table
                0x100033f4       0x1c CMakeFiles/P3.dir/Users/nekrutnikolai/git/pico-sdk/src/rp2_common/pico_runtime_init/runtime_init.c.o
                0x100033f4                runtime_init_install_ram_vector_table
 .text.runtime_init_clocks
                0x10003410       0xd8 CMakeFiles/P3.dir/Users/nekrutnikolai/git/pico-sdk/src/rp2_common/pico_runtime_init/runtime_init_clocks.c.o
                0x10003410                runtime_init_clocks
 .text          0x100034e8       0x10 CMakeFiles/P3.dir/Users/nekrutnikolai/git/pico-sdk/src/rp2_common/pico_bit_ops/bit_ops_aeabi.S.o
 .text.ctzsi    0x100034f8        0xc CMakeFiles/P3.dir/Users/nekrutnikolai/git/pico-sdk/src/rp2_common/pico_bit_ops/bit_ops_aeabi.S.o
                0x100034f8                __wrap___ctzsi2
 .text.__wrap___aeabi_idiv
                0x10003504       0x50 CMakeFiles/P3.dir/Users/nekrutnikolai/git/pico-sdk/src/rp2_common/pico_divider/divider_hardware.S.o
                0x10003504                __wrap___aeabi_idivmod
                0x10003504                divmod_s32s32
                0x10003504                div_s32s32
                0x10003504                __wrap___aeabi_idiv
                0x1000350c                divmod_s32s32_unsafe
                0x10003538                divmod_s32s32_savestate
 .text.__wrap___aeabi_uidiv
                0x10003554       0x4c CMakeFiles/P3.dir/Users/nekrutnikolai/git/pico-sdk/src/rp2_common/pico_divider/divider_hardware.S.o
                0x10003554                __wrap___aeabi_uidiv
                0x10003554                __wrap___aeabi_uidivmod
                0x10003554                div_u32u32
                0x10003554                divmod_u32u32
                0x1000355c                divmod_u32u32_unsafe
                0x10003584                divmod_u32u32_savestate
 .text.__wrap___aeabi_ldiv
                0x100035a0      0x424 CMakeFiles/P3.dir/Users/nekrutnikolai/git/pico-sdk/src/rp2_common/pico_divider/divider_hardware.S.o
                0x100035a0                __wrap___aeabi_ldivmod
                0x100035a0                div_s64s64
                0x100035a0                divmod_s64s64
                0x100035d0                divmod_u64u64
                0x100035d0                div_u64u64
                0x100035d0                __wrap___aeabi_uldivmod
                0x100035e0                divmod_u64u64_savestate
                0x10003600                divmod_s64s64_unsafe
                0x10003688                divmod_u64u64_unsafe
 .text.__wrap___aeabi_darithmetic
                0x100039c4       0x60 CMakeFiles/P3.dir/Users/nekrutnikolai/git/pico-sdk/src/rp2_common/pico_double/double_aeabi_rp2040.S.o
                0x100039c4                __wrap___aeabi_drsub
                0x100039ca                __wrap___aeabi_dsub
                0x100039d4                __wrap___aeabi_dadd
                0x100039de                __wrap___aeabi_ddiv
                0x10003a12                __wrap___aeabi_dmul
 .text.__wrap___aeabi_cdcmple
                0x10003a24       0x6c CMakeFiles/P3.dir/Users/nekrutnikolai/git/pico-sdk/src/rp2_common/pico_double/double_aeabi_rp2040.S.o
                0x10003a24                __wrap___aeabi_cdrcmple
                0x10003a34                __wrap___aeabi_cdcmple
                0x10003a34                __wrap___aeabi_cdcmpeq
 .text.__wrap___aeabi_dcmpeq
                0x10003a90       0x10 CMakeFiles/P3.dir/Users/nekrutnikolai/git/pico-sdk/src/rp2_common/pico_double/double_aeabi_rp2040.S.o
                0x10003a90                __wrap___aeabi_dcmpeq
 .text.__wrap___aeabi_dcmplt
                0x10003aa0        0xc CMakeFiles/P3.dir/Users/nekrutnikolai/git/pico-sdk/src/rp2_common/pico_double/double_aeabi_rp2040.S.o
                0x10003aa0                __wrap___aeabi_dcmplt
 .text.__wrap___aeabi_dcmple
                0x10003aac       0x10 CMakeFiles/P3.dir/Users/nekrutnikolai/git/pico-sdk/src/rp2_common/pico_double/double_aeabi_rp2040.S.o
                0x10003aac                __wrap___aeabi_dcmple
 .text.__wrap___aeabi_dcmpge
                0x10003abc       0x10 CMakeFiles/P3.dir/Users/nekrutnikolai/git/pico-sdk/src/rp2_common/pico_double/double_aeabi_rp2040.S.o
                0x10003abc                __wrap___aeabi_dcmpge
 .text.__wrap___aeabi_dcmpgt
                0x10003acc        0xa CMakeFiles/P3.dir/Users/nekrutnikolai/git/pico-sdk/src/rp2_common/pico_double/double_aeabi_rp2040.S.o
                0x10003acc                __wrap___aeabi_dcmpgt
 .text.__wrap___aeabi_dcmpun
                0x10003ad6       0x18 CMakeFiles/P3.dir/Users/nekrutnikolai/git/pico-sdk/src/rp2_common/pico_double/double_aeabi_rp2040.S.o
                0x10003ad6                __wrap___aeabi_dcmpun
 *fill*         0x10003aee        0x2 
 .text.__wrap___aeabi_i2d
                0x10003af0       0x38 CMakeFiles/P3.dir/Users/nekrutnikolai/git/pico-sdk/src/rp2_common/pico_double/double_aeabi_rp2040.S.o
                0x10003af0                __wrap___aeabi_ui2d
                0x10003af0                uint2double
                0x10003af8                __wrap___aeabi_i2d
                0x10003af8                int2double
 .text.__wrap___aeabi_d2iz
                0x10003b28       0x48 CMakeFiles/P3.dir/Users/nekrutnikolai/git/pico-sdk/src/rp2_common/pico_double/double_aeabi_rp2040.S.o
                0x10003b28                __wrap___aeabi_d2iz
                0x10003b28                double2int_z
 .text.__wrap___aeabi_d2uiz
                0x10003b70       0x10 CMakeFiles/P3.dir/Users/nekrutnikolai/git/pico-sdk/src/rp2_common/pico_double/double_aeabi_rp2040.S.o
                0x10003b70                double2uint_z
                0x10003b70                double2uint
                0x10003b70                __wrap___aeabi_d2uiz
 .text.__wrap___aeabi_l2d
                0x10003b80       0x10 CMakeFiles/P3.dir/Users/nekrutnikolai/git/pico-sdk/src/rp2_common/pico_double/double_aeabi_rp2040.S.o
                0x10003b80                __wrap___aeabi_l2d
                0x10003b80                int642double
 .text.__wrap___aeabi_d2lz
                0x10003b90       0x26 CMakeFiles/P3.dir/Users/nekrutnikolai/git/pico-sdk/src/rp2_common/pico_double/double_aeabi_rp2040.S.o
                0x10003b90                __wrap___aeabi_d2lz
                0x10003b90                double2int64_z
 *fill*         0x10003bb6        0x2 
 .text.double2int64
                0x10003bb8       0x10 CMakeFiles/P3.dir/Users/nekrutnikolai/git/pico-sdk/src/rp2_common/pico_double/double_aeabi_rp2040.S.o
                0x10003bb8                double2int64
 .text.double2ufix64
                0x10003bc8       0x10 CMakeFiles/P3.dir/Users/nekrutnikolai/git/pico-sdk/src/rp2_common/pico_double/double_aeabi_rp2040.S.o
                0x10003bc8                double2ufix64
                0x10003bc8                double2ufix64_z
 .text.__wrap___aeabi_d2f
                0x10003bd8       0x10 CMakeFiles/P3.dir/Users/nekrutnikolai/git/pico-sdk/src/rp2_common/pico_double/double_aeabi_rp2040.S.o
                0x10003bd8                __wrap___aeabi_d2f
 .text.missing_double_func_shim
                0x10003be8        0xc CMakeFiles/P3.dir/Users/nekrutnikolai/git/pico-sdk/src/rp2_common/pico_double/double_init_rom_rp2040.c.o
 .text.__aeabi_double_init
                0x10003bf4       0xa0 CMakeFiles/P3.dir/Users/nekrutnikolai/git/pico-sdk/src/rp2_common/pico_double/double_init_rom_rp2040.c.o
                0x10003bf4                __aeabi_double_init
 .text.double_table_shim_on_use_helper
                0x10003c94       0x2c CMakeFiles/P3.dir/Users/nekrutnikolai/git/pico-sdk/src/rp2_common/pico_double/double_v1_rom_shim_rp2040.S.o
                0x10003c94                double_table_shim_on_use_helper
 .text.__aeabi_lmul
                0x10003cc0       0x32 CMakeFiles/P3.dir/Users/nekrutnikolai/git/pico-sdk/src/rp2_common/pico_int64_ops/pico_int64_ops_aeabi.S.o
                0x10003cc0                __wrap___aeabi_lmul
 *fill*         0x10003cf2        0x2 
 .text.__wrap___aeabi_farithmetic
                0x10003cf4       0x48 CMakeFiles/P3.dir/Users/nekrutnikolai/git/pico-sdk/src/rp2_common/pico_float/float_aeabi_rp2040.S.o
                0x10003cf4                __wrap___aeabi_frsub
                0x10003cfa                __wrap___aeabi_fsub
                0x10003d00                __wrap___aeabi_fadd
                0x10003d06                __wrap___aeabi_fdiv
                0x10003d2e                __wrap___aeabi_fmul
 .text.__wrap___aeabi_cfcmple
                0x10003d3c       0x50 CMakeFiles/P3.dir/Users/nekrutnikolai/git/pico-sdk/src/rp2_common/pico_float/float_aeabi_rp2040.S.o
                0x10003d3c                __wrap___aeabi_cfrcmple
                0x10003d48                __wrap___aeabi_cfcmpeq
                0x10003d48                __wrap___aeabi_cfcmple
 .text.__wrap___aeabi_fcmpeq
                0x10003d8c       0x10 CMakeFiles/P3.dir/Users/nekrutnikolai/git/pico-sdk/src/rp2_common/pico_float/float_aeabi_rp2040.S.o
                0x10003d8c                __wrap___aeabi_fcmpeq
 .text.__wrap___aeabi_ui2f
                0x10003d9c        0xa CMakeFiles/P3.dir/Users/nekrutnikolai/git/pico-sdk/src/rp2_common/pico_float/float_aeabi_rp2040.S.o
                0x10003d9c                uint2float
                0x10003d9c                __wrap___aeabi_ui2f
 *fill*         0x10003da6        0x2 
 .text.__wrap___aeabi_i2f
                0x10003da8       0x44 CMakeFiles/P3.dir/Users/nekrutnikolai/git/pico-sdk/src/rp2_common/pico_float/float_aeabi_rp2040.S.o
                0x10003da8                int2float
                0x10003da8                __wrap___aeabi_i2f
 .text.__wrap___aeabi_f2uiz
                0x10003dec        0xc CMakeFiles/P3.dir/Users/nekrutnikolai/git/pico-sdk/src/rp2_common/pico_float/float_aeabi_rp2040.S.o
                0x10003dec                float2uint
                0x10003dec                float2uint_z
                0x10003dec                __wrap___aeabi_f2uiz
 .text.__wrap___aeabi_f2d
                0x10003df8        0xc CMakeFiles/P3.dir/Users/nekrutnikolai/git/pico-sdk/src/rp2_common/pico_float/float_aeabi_rp2040.S.o
                0x10003df8                __wrap___aeabi_f2d
 .text.__wrap_sqrtf
                0x10003e04        0xc CMakeFiles/P3.dir/Users/nekrutnikolai/git/pico-sdk/src/rp2_common/pico_float/float_aeabi_rp2040.S.o
                0x10003e04                __wrap_sqrtf
 .text.__wrap_atan2f
                0x10003e10        0xc CMakeFiles/P3.dir/Users/nekrutnikolai/git/pico-sdk/src/rp2_common/pico_float/float_aeabi_rp2040.S.o
                0x10003e10                __wrap_atan2f
 .text.missing_float_func_shim
                0x10003e1c        0xc CMakeFiles/P3.dir/Users/nekrutnikolai/git/pico-sdk/src/rp2_common/pico_float/float_init_rom_rp2040.c.o
 .text.__aeabi_float_init
                0x10003e28       0x5c CMakeFiles/P3.dir/Users/nekrutnikolai/git/pico-sdk/src/rp2_common/pico_float/float_init_rom_rp2040.c.o
                0x10003e28                __aeabi_float_init
 .text          0x10003e84       0x10 CMakeFiles/P3.dir/Users/nekrutnikolai/git/pico-sdk/src/rp2_common/pico_mem_ops/mem_ops_aeabi.S.o
                0x10003e84                __aeabi_mem_init
 .text.memset   0x10003e94        0xc CMakeFiles/P3.dir/Users/nekrutnikolai/git/pico-sdk/src/rp2_common/pico_mem_ops/mem_ops_aeabi.S.o
                0x10003e94                __wrap_memset
 .text.memcpy   0x10003ea0        0xc CMakeFiles/P3.dir/Users/nekrutnikolai/git/pico-sdk/src/rp2_common/pico_mem_ops/mem_ops_aeabi.S.o
                0x10003ea0                __wrap___aeabi_memcpy
                0x10003ea0                __wrap_memcpy
 .text._out_null
                0x10003eac        0x4 CMakeFiles/P3.dir/Users/nekrutnikolai/git/pico-sdk/src/rp2_common/pico_printf/printf.c.o
 .text._out_rev
                0x10003eb0       0xac CMakeFiles/P3.dir/Users/nekrutnikolai/git/pico-sdk/src/rp2_common/pico_printf/printf.c.o
 .text._ntoa_format
                0x10003f5c      0x1cc CMakeFiles/P3.dir/Users/nekrutnikolai/git/pico-sdk/src/rp2_common/pico_printf/printf.c.o
 .text._out_char
                0x10004128       0x10 CMakeFiles/P3.dir/Users/nekrutnikolai/git/pico-sdk/src/rp2_common/pico_printf/printf.c.o
 .text._out_fct
                0x10004138       0x10 CMakeFiles/P3.dir/Users/nekrutnikolai/git/pico-sdk/src/rp2_common/pico_printf/printf.c.o
 .text._ftoa    0x10004148      0x4a8 CMakeFiles/P3.dir/Users/nekrutnikolai/git/pico-sdk/src/rp2_common/pico_printf/printf.c.o
 .text._etoa    0x100045f0      0x57c CMakeFiles/P3.dir/Users/nekrutnikolai/git/pico-sdk/src/rp2_common/pico_printf/printf.c.o
 .text._vsnprintf
                0x10004b6c      0xbe0 CMakeFiles/P3.dir/Users/nekrutnikolai/git/pico-sdk/src/rp2_common/pico_printf/printf.c.o
 .text.vfctprintf
                0x1000574c       0x24 CMakeFiles/P3.dir/Users/nekrutnikolai/git/pico-sdk/src/rp2_common/pico_printf/printf.c.o
                0x1000574c                vfctprintf
 .text.weak_raw_printf
                0x10005770       0x40 CMakeFiles/P3.dir/Users/nekrutnikolai/git/pico-sdk/src/rp2_common/pico_printf/printf.c.o
                0x10005770                weak_raw_printf
 .text.weak_raw_vprintf
                0x100057b0       0x30 CMakeFiles/P3.dir/Users/nekrutnikolai/git/pico-sdk/src/rp2_common/pico_printf/printf.c.o
                0x100057b0                weak_raw_vprintf
 .text._exit    0x100057e0        0x4 CMakeFiles/P3.dir/Users/nekrutnikolai/git/pico-sdk/src/rp2_common/pico_clib_interface/newlib_interface.c.o
                0x100057e0                _exit
 .text._sbrk    0x100057e4       0x34 CMakeFiles/P3.dir/Users/nekrutnikolai/git/pico-sdk/src/rp2_common/pico_clib_interface/newlib_interface.c.o
                0x100057e4                _sbrk
 .text.exit     0x10005818        0x8 CMakeFiles/P3.dir/Users/nekrutnikolai/git/pico-sdk/src/rp2_common/pico_clib_interface/newlib_interface.c.o
                0x10005818                exit
 .text.__assert_func
                0x10005820       0x38 CMakeFiles/P3.dir/Users/nekrutnikolai/git/pico-sdk/src/rp2_common/pico_clib_interface/newlib_interface.c.o
                0x10005820                __assert_func
 .text.runtime_init
                0x10005858       0x2c CMakeFiles/P3.dir/Users/nekrutnikolai/git/pico-sdk/src/rp2_common/pico_clib_interface/newlib_interface.c.o
                0x10005858                runtime_init
 .text.stdio_out_chars_no_crlf
                0x10005884       0x10 CMakeFiles/P3.dir/Users/nekrutnikolai/git/pico-sdk/src/rp2_common/pico_stdio/stdio.c.o
 .text.stdio_out_chars_crlf
                0x10005894       0xb0 CMakeFiles/P3.dir/Users/nekrutnikolai/git/pico-sdk/src/rp2_common/pico_stdio/stdio.c.o
 .text.stdio_buffered_printer
                0x10005944       0x64 CMakeFiles/P3.dir/Users/nekrutnikolai/git/pico-sdk/src/rp2_common/pico_stdio/stdio.c.o
 .text.stdio_put_string
                0x100059a8       0xfc CMakeFiles/P3.dir/Users/nekrutnikolai/git/pico-sdk/src/rp2_common/pico_stdio/stdio.c.o
                0x100059a8                stdio_put_string
 .text.stdio_set_driver_enabled
                0x10005aa4       0x30 CMakeFiles/P3.dir/Users/nekrutnikolai/git/pico-sdk/src/rp2_common/pico_stdio/stdio.c.o
                0x10005aa4                stdio_set_driver_enabled
 .text.stdio_init_all
                0x10005ad4       0x10 CMakeFiles/P3.dir/Users/nekrutnikolai/git/pico-sdk/src/rp2_common/pico_stdio/stdio.c.o
                0x10005ad4                stdio_init_all
 .text.stdio_getchar_timeout_us
                0x10005ae4       0x98 CMakeFiles/P3.dir/Users/nekrutnikolai/git/pico-sdk/src/rp2_common/pico_stdio/stdio.c.o
                0x10005ae4                stdio_getchar_timeout_us
 .text.__wrap_putchar
                0x10005b7c       0x94 CMakeFiles/P3.dir/Users/nekrutnikolai/git/pico-sdk/src/rp2_common/pico_stdio/stdio.c.o
                0x10005b7c                stdio_putchar
                0x10005b7c                __wrap_putchar
 .text.__wrap_puts
                0x10005c10       0x3c CMakeFiles/P3.dir/Users/nekrutnikolai/git/pico-sdk/src/rp2_common/pico_stdio/stdio.c.o
                0x10005c10                __wrap_puts
                0x10005c10                stdio_puts
 .text.__wrap_vprintf
                0x10005c4c       0xcc CMakeFiles/P3.dir/Users/nekrutnikolai/git/pico-sdk/src/rp2_common/pico_stdio/stdio.c.o
                0x10005c4c                __wrap_vprintf
                0x10005c4c                stdio_vprintf
 .text.__wrap_printf
                0x10005d18       0x18 CMakeFiles/P3.dir/Users/nekrutnikolai/git/pico-sdk/src/rp2_common/pico_stdio/stdio.c.o
                0x10005d18                stdio_printf
                0x10005d18                __wrap_printf
 .text.stdio_uart_out_chars
                0x10005d30       0x4c CMakeFiles/P3.dir/Users/nekrutnikolai/git/pico-sdk/src/rp2_common/pico_stdio_uart/stdio_uart.c.o
 .text.stdio_uart_in_chars
                0x10005d7c       0x90 CMakeFiles/P3.dir/Users/nekrutnikolai/git/pico-sdk/src/rp2_common/pico_stdio_uart/stdio_uart.c.o
                0x10005d7c                stdio_uart_in_chars
 .text.on_uart_rx
                0x10005e0c       0x28 CMakeFiles/P3.dir/Users/nekrutnikolai/git/pico-sdk/src/rp2_common/pico_stdio_uart/stdio_uart.c.o
 .text.stdio_uart_out_flush
                0x10005e34       0x14 CMakeFiles/P3.dir/Users/nekrutnikolai/git/pico-sdk/src/rp2_common/pico_stdio_uart/stdio_uart.c.o
 .text.stdio_uart_set_chars_available_callback
                0x10005e48       0x84 CMakeFiles/P3.dir/Users/nekrutnikolai/git/pico-sdk/src/rp2_common/pico_stdio_uart/stdio_uart.c.o
 .text.stdio_uart_init
                0x10005ecc       0x50 CMakeFiles/P3.dir/Users/nekrutnikolai/git/pico-sdk/src/rp2_common/pico_stdio_uart/stdio_uart.c.o
                0x10005ecc                stdio_uart_init
 .text.resetd_init
                0x10005f1c        0x4 CMakeFiles/P3.dir/Users/nekrutnikolai/git/pico-sdk/src/rp2_common/pico_stdio_usb/reset_interface.c.o
 .text.resetd_reset
                0x10005f20        0xc CMakeFiles/P3.dir/Users/nekrutnikolai/git/pico-sdk/src/rp2_common/pico_stdio_usb/reset_interface.c.o
 .text.resetd_open
                0x10005f2c       0x28 CMakeFiles/P3.dir/Users/nekrutnikolai/git/pico-sdk/src/rp2_common/pico_stdio_usb/reset_interface.c.o
 .text.resetd_xfer_cb
                0x10005f54        0x4 CMakeFiles/P3.dir/Users/nekrutnikolai/git/pico-sdk/src/rp2_common/pico_stdio_usb/reset_interface.c.o
 .text.resetd_control_xfer_cb
                0x10005f58       0x54 CMakeFiles/P3.dir/Users/nekrutnikolai/git/pico-sdk/src/rp2_common/pico_stdio_usb/reset_interface.c.o
 .text.tud_descriptor_bos_cb
                0x10005fac        0x8 CMakeFiles/P3.dir/Users/nekrutnikolai/git/pico-sdk/src/rp2_common/pico_stdio_usb/reset_interface.c.o
                0x10005fac                tud_descriptor_bos_cb
 .text.tud_vendor_control_xfer_cb
                0x10005fb4       0x34 CMakeFiles/P3.dir/Users/nekrutnikolai/git/pico-sdk/src/rp2_common/pico_stdio_usb/reset_interface.c.o
                0x10005fb4                tud_vendor_control_xfer_cb
 .text.usbd_app_driver_get_cb
                0x10005fe8        0xc CMakeFiles/P3.dir/Users/nekrutnikolai/git/pico-sdk/src/rp2_common/pico_stdio_usb/reset_interface.c.o
                0x10005fe8                usbd_app_driver_get_cb
 .text.tud_cdc_line_coding_cb
                0x10005ff4       0x2c CMakeFiles/P3.dir/Users/nekrutnikolai/git/pico-sdk/src/rp2_common/pico_stdio_usb/reset_interface.c.o
                0x10005ff4                tud_cdc_line_coding_cb
 .text.stdio_usb_set_chars_available_callback
                0x10006020       0x14 CMakeFiles/P3.dir/Users/nekrutnikolai/git/pico-sdk/src/rp2_common/pico_stdio_usb/stdio_usb.c.o
                0x10006020                stdio_usb_set_chars_available_callback
 .text.usb_irq  0x10006034       0x10 CMakeFiles/P3.dir/Users/nekrutnikolai/git/pico-sdk/src/rp2_common/pico_stdio_usb/stdio_usb.c.o
 .text.timer_task
                0x10006044       0x64 CMakeFiles/P3.dir/Users/nekrutnikolai/git/pico-sdk/src/rp2_common/pico_stdio_usb/stdio_usb.c.o
 .text.stdio_usb_in_chars
                0x100060a8       0x8c CMakeFiles/P3.dir/Users/nekrutnikolai/git/pico-sdk/src/rp2_common/pico_stdio_usb/stdio_usb.c.o
                0x100060a8                stdio_usb_in_chars
 .text.stdio_usb_out_flush
                0x10006134       0x4c CMakeFiles/P3.dir/Users/nekrutnikolai/git/pico-sdk/src/rp2_common/pico_stdio_usb/stdio_usb.c.o
 .text.stdio_usb_out_chars
                0x10006180      0x100 CMakeFiles/P3.dir/Users/nekrutnikolai/git/pico-sdk/src/rp2_common/pico_stdio_usb/stdio_usb.c.o
 .text.low_priority_worker_irq
                0x10006280       0xc8 CMakeFiles/P3.dir/Users/nekrutnikolai/git/pico-sdk/src/rp2_common/pico_stdio_usb/stdio_usb.c.o
 .text.stdio_usb_init
                0x10006348       0xe8 CMakeFiles/P3.dir/Users/nekrutnikolai/git/pico-sdk/src/rp2_common/pico_stdio_usb/stdio_usb.c.o
                0x10006348                stdio_usb_init
 .text.tud_descriptor_device_cb
                0x10006430        0x8 CMakeFiles/P3.dir/Users/nekrutnikolai/git/pico-sdk/src/rp2_common/pico_stdio_usb/stdio_usb_descriptors.c.o
                0x10006430                tud_descriptor_device_cb
 .text.tud_descriptor_configuration_cb
                0x10006438        0x8 CMakeFiles/P3.dir/Users/nekrutnikolai/git/pico-sdk/src/rp2_common/pico_stdio_usb/stdio_usb_descriptors.c.o
                0x10006438                tud_descriptor_configuration_cb
 .text.tud_descriptor_string_cb
                0x10006440       0x78 CMakeFiles/P3.dir/Users/nekrutnikolai/git/pico-sdk/src/rp2_common/pico_stdio_usb/stdio_usb_descriptors.c.o
                0x10006440                tud_descriptor_string_cb
 .text.startup._retrieve_unique_id_on_boot
                0x100064b8       0x10 CMakeFiles/P3.dir/Users/nekrutnikolai/git/pico-sdk/src/rp2_common/pico_unique_id/unique_id.c.o
 .text.pico_get_unique_board_id
                0x100064c8       0x10 CMakeFiles/P3.dir/Users/nekrutnikolai/git/pico-sdk/src/rp2_common/pico_unique_id/unique_id.c.o
                0x100064c8                pico_get_unique_board_id
 .text.pico_get_unique_board_id_string
                0x100064d8      0x1a8 CMakeFiles/P3.dir/Users/nekrutnikolai/git/pico-sdk/src/rp2_common/pico_unique_id/unique_id.c.o
                0x100064d8                pico_get_unique_board_id_string
 .text.flash_get_unique_id
                0x10006680       0x3c CMakeFiles/P3.dir/Users/nekrutnikolai/git/pico-sdk/src/rp2_common/hardware_flash/flash.c.o
                0x10006680                flash_get_unique_id
 .text.dcd_init
                0x100066bc       0x90 CMakeFiles/P3.dir/Users/nekrutnikolai/git/pico-sdk/lib/tinyusb/src/portable/raspberrypi/rp2040/dcd_rp2040.c.o
                0x100066bc                dcd_init
 .text.dcd_int_enable
                0x1000674c        0xc CMakeFiles/P3.dir/Users/nekrutnikolai/git/pico-sdk/lib/tinyusb/src/portable/raspberrypi/rp2040/dcd_rp2040.c.o
                0x1000674c                dcd_int_enable
 .text.dcd_set_address
                0x10006758       0x14 CMakeFiles/P3.dir/Users/nekrutnikolai/git/pico-sdk/lib/tinyusb/src/portable/raspberrypi/rp2040/dcd_rp2040.c.o
                0x10006758                dcd_set_address
 .text.dcd_sof_enable
                0x1000676c       0x1c CMakeFiles/P3.dir/Users/nekrutnikolai/git/pico-sdk/lib/tinyusb/src/portable/raspberrypi/rp2040/dcd_rp2040.c.o
                0x1000676c                dcd_sof_enable
 .text.dcd_edpt0_status_complete
                0x10006788       0x1c CMakeFiles/P3.dir/Users/nekrutnikolai/git/pico-sdk/lib/tinyusb/src/portable/raspberrypi/rp2040/dcd_rp2040.c.o
                0x10006788                dcd_edpt0_status_complete
 .text.dcd_edpt_open
                0x100067a4      0x114 CMakeFiles/P3.dir/Users/nekrutnikolai/git/pico-sdk/lib/tinyusb/src/portable/raspberrypi/rp2040/dcd_rp2040.c.o
                0x100067a4                dcd_edpt_open
 .text.dcd_edpt_close_all
                0x100068b8        0x8 CMakeFiles/P3.dir/Users/nekrutnikolai/git/pico-sdk/lib/tinyusb/src/portable/raspberrypi/rp2040/dcd_rp2040.c.o
                0x100068b8                dcd_edpt_close_all
 .text.dcd_edpt_xfer
                0x100068c0       0x24 CMakeFiles/P3.dir/Users/nekrutnikolai/git/pico-sdk/lib/tinyusb/src/portable/raspberrypi/rp2040/dcd_rp2040.c.o
                0x100068c0                dcd_edpt_xfer
 .text.dcd_edpt_stall
                0x100068e4       0x3c CMakeFiles/P3.dir/Users/nekrutnikolai/git/pico-sdk/lib/tinyusb/src/portable/raspberrypi/rp2040/dcd_rp2040.c.o
                0x100068e4                dcd_edpt_stall
 .text.dcd_edpt_clear_stall
                0x10006920       0x30 CMakeFiles/P3.dir/Users/nekrutnikolai/git/pico-sdk/lib/tinyusb/src/portable/raspberrypi/rp2040/dcd_rp2040.c.o
                0x10006920                dcd_edpt_clear_stall
 .text.rp2040_usb_init
                0x10006950       0x40 CMakeFiles/P3.dir/Users/nekrutnikolai/git/pico-sdk/lib/tinyusb/src/portable/raspberrypi/rp2040/rp2040_usb.c.o
                0x10006950                rp2040_usb_init
 .text.hw_endpoint_xfer_start
                0x10006990       0x40 CMakeFiles/P3.dir/Users/nekrutnikolai/git/pico-sdk/lib/tinyusb/src/portable/raspberrypi/rp2040/rp2040_usb.c.o
                0x10006990                hw_endpoint_xfer_start
 .text.tud_event_hook_cb
                0x100069d0        0x4 CMakeFiles/P3.dir/Users/nekrutnikolai/git/pico-sdk/lib/tinyusb/src/device/usbd.c.o
                0x100069d0                tud_event_hook_cb
 .text.tud_sof_cb
                0x100069d4        0x4 CMakeFiles/P3.dir/Users/nekrutnikolai/git/pico-sdk/lib/tinyusb/src/device/usbd.c.o
                0x100069d4                tud_sof_cb
 .text.tud_descriptor_device_qualifier_cb
                0x100069d8        0x4 CMakeFiles/P3.dir/Users/nekrutnikolai/git/pico-sdk/lib/tinyusb/src/device/usbd.c.o
                0x100069d8                tud_descriptor_device_qualifier_cb
 .text.tud_descriptor_other_speed_configuration_cb
                0x100069dc        0x4 CMakeFiles/P3.dir/Users/nekrutnikolai/git/pico-sdk/lib/tinyusb/src/device/usbd.c.o
                0x100069dc                tud_descriptor_other_speed_configuration_cb
 .text.tud_mount_cb
                0x100069e0        0x4 CMakeFiles/P3.dir/Users/nekrutnikolai/git/pico-sdk/lib/tinyusb/src/device/usbd.c.o
                0x100069e0                tud_mount_cb
 .text.tud_umount_cb
                0x100069e4        0x4 CMakeFiles/P3.dir/Users/nekrutnikolai/git/pico-sdk/lib/tinyusb/src/device/usbd.c.o
                0x100069e4                tud_umount_cb
 .text.tud_suspend_cb
                0x100069e8        0x4 CMakeFiles/P3.dir/Users/nekrutnikolai/git/pico-sdk/lib/tinyusb/src/device/usbd.c.o
                0x100069e8                tud_suspend_cb
 .text.tud_resume_cb
                0x100069ec        0x4 CMakeFiles/P3.dir/Users/nekrutnikolai/git/pico-sdk/lib/tinyusb/src/device/usbd.c.o
                0x100069ec                tud_resume_cb
 .text.tud_mounted
                0x100069f0       0x10 CMakeFiles/P3.dir/Users/nekrutnikolai/git/pico-sdk/lib/tinyusb/src/device/usbd.c.o
                0x100069f0                tud_mounted
 .text.tud_suspended
                0x10006a00       0x10 CMakeFiles/P3.dir/Users/nekrutnikolai/git/pico-sdk/lib/tinyusb/src/device/usbd.c.o
                0x10006a00                tud_suspended
 .text.tud_rhport_init
                0x10006a10       0xf4 CMakeFiles/P3.dir/Users/nekrutnikolai/git/pico-sdk/lib/tinyusb/src/device/usbd.c.o
                0x10006a10                tud_rhport_init
 .text.tud_task_ext
                0x10006b04      0x800 CMakeFiles/P3.dir/Users/nekrutnikolai/git/pico-sdk/lib/tinyusb/src/device/usbd.c.o
                0x10006b04                tud_task_ext
 .text.usbd_open_edpt_pair
                0x10007304       0x9c CMakeFiles/P3.dir/Users/nekrutnikolai/git/pico-sdk/lib/tinyusb/src/device/usbd.c.o
                0x10007304                usbd_open_edpt_pair
 .text.usbd_edpt_open
                0x100073a0       0x34 CMakeFiles/P3.dir/Users/nekrutnikolai/git/pico-sdk/lib/tinyusb/src/device/usbd.c.o
                0x100073a0                usbd_edpt_open
 .text.usbd_edpt_claim
                0x100073d4       0x28 CMakeFiles/P3.dir/Users/nekrutnikolai/git/pico-sdk/lib/tinyusb/src/device/usbd.c.o
                0x100073d4                usbd_edpt_claim
 .text.usbd_edpt_release
                0x100073fc       0x28 CMakeFiles/P3.dir/Users/nekrutnikolai/git/pico-sdk/lib/tinyusb/src/device/usbd.c.o
                0x100073fc                usbd_edpt_release
 .text.usbd_edpt_xfer
                0x10007424       0x4c CMakeFiles/P3.dir/Users/nekrutnikolai/git/pico-sdk/lib/tinyusb/src/device/usbd.c.o
                0x10007424                usbd_edpt_xfer
 .text.tud_control_status
                0x10007470       0x2c CMakeFiles/P3.dir/Users/nekrutnikolai/git/pico-sdk/lib/tinyusb/src/device/usbd_control.c.o
                0x10007470                tud_control_status
 .text.tud_control_xfer
                0x1000749c       0xa8 CMakeFiles/P3.dir/Users/nekrutnikolai/git/pico-sdk/lib/tinyusb/src/device/usbd_control.c.o
                0x1000749c                tud_control_xfer
 .text.usbd_control_reset
                0x10007544       0x14 CMakeFiles/P3.dir/Users/nekrutnikolai/git/pico-sdk/lib/tinyusb/src/device/usbd_control.c.o
                0x10007544                usbd_control_reset
 .text.usbd_control_set_complete_callback
                0x10007558        0xc CMakeFiles/P3.dir/Users/nekrutnikolai/git/pico-sdk/lib/tinyusb/src/device/usbd_control.c.o
                0x10007558                usbd_control_set_complete_callback
 .text.usbd_control_set_request
                0x10007564       0x1c CMakeFiles/P3.dir/Users/nekrutnikolai/git/pico-sdk/lib/tinyusb/src/device/usbd_control.c.o
                0x10007564                usbd_control_set_request
 .text.usbd_control_xfer_cb
                0x10007580       0xec CMakeFiles/P3.dir/Users/nekrutnikolai/git/pico-sdk/lib/tinyusb/src/device/usbd_control.c.o
                0x10007580                usbd_control_xfer_cb
 .text._prep_out_transaction.isra.0
                0x1000766c       0x6c CMakeFiles/P3.dir/Users/nekrutnikolai/git/pico-sdk/lib/tinyusb/src/class/cdc/cdc_device.c.o
 .text.tud_cdc_n_connected
                0x100076d8       0x2c CMakeFiles/P3.dir/Users/nekrutnikolai/git/pico-sdk/lib/tinyusb/src/class/cdc/cdc_device.c.o
                0x100076d8                tud_cdc_n_connected
 .text.tud_cdc_n_available
                0x10007704       0x14 CMakeFiles/P3.dir/Users/nekrutnikolai/git/pico-sdk/lib/tinyusb/src/class/cdc/cdc_device.c.o
                0x10007704                tud_cdc_n_available
 .text.tud_cdc_n_read
                0x10007718       0x88 CMakeFiles/P3.dir/Users/nekrutnikolai/git/pico-sdk/lib/tinyusb/src/class/cdc/cdc_device.c.o
                0x10007718                tud_cdc_n_read
 .text.tud_cdc_n_write_flush
                0x100077a0       0x74 CMakeFiles/P3.dir/Users/nekrutnikolai/git/pico-sdk/lib/tinyusb/src/class/cdc/cdc_device.c.o
                0x100077a0                tud_cdc_n_write_flush
 .text.tud_cdc_n_write
                0x10007814       0x40 CMakeFiles/P3.dir/Users/nekrutnikolai/git/pico-sdk/lib/tinyusb/src/class/cdc/cdc_device.c.o
                0x10007814                tud_cdc_n_write
 .text.tud_cdc_n_write_available
                0x10007854       0x14 CMakeFiles/P3.dir/Users/nekrutnikolai/git/pico-sdk/lib/tinyusb/src/class/cdc/cdc_device.c.o
                0x10007854                tud_cdc_n_write_available
 .text.cdcd_init
                0x10007868       0x70 CMakeFiles/P3.dir/Users/nekrutnikolai/git/pico-sdk/lib/tinyusb/src/class/cdc/cdc_device.c.o
                0x10007868                cdcd_init
 .text.cdcd_deinit
                0x100078d8       0x30 CMakeFiles/P3.dir/Users/nekrutnikolai/git/pico-sdk/lib/tinyusb/src/class/cdc/cdc_device.c.o
                0x100078d8                cdcd_deinit
 .text.cdcd_reset
                0x10007908       0x4c CMakeFiles/P3.dir/Users/nekrutnikolai/git/pico-sdk/lib/tinyusb/src/class/cdc/cdc_device.c.o
                0x10007908                cdcd_reset
 .text.cdcd_open
                0x10007954       0xa4 CMakeFiles/P3.dir/Users/nekrutnikolai/git/pico-sdk/lib/tinyusb/src/class/cdc/cdc_device.c.o
                0x10007954                cdcd_open
 .text.cdcd_control_xfer_cb
                0x100079f8       0xe8 CMakeFiles/P3.dir/Users/nekrutnikolai/git/pico-sdk/lib/tinyusb/src/class/cdc/cdc_device.c.o
                0x100079f8                cdcd_control_xfer_cb
 .text.cdcd_xfer_cb
                0x10007ae0      0x100 CMakeFiles/P3.dir/Users/nekrutnikolai/git/pico-sdk/lib/tinyusb/src/class/cdc/cdc_device.c.o
                0x10007ae0                cdcd_xfer_cb
 .text.vendord_init
                0x10007be0       0x5c CMakeFiles/P3.dir/Users/nekrutnikolai/git/pico-sdk/lib/tinyusb/src/class/vendor/vendor_device.c.o
                0x10007be0                vendord_init
 .text.vendord_deinit
                0x10007c3c       0x1c CMakeFiles/P3.dir/Users/nekrutnikolai/git/pico-sdk/lib/tinyusb/src/class/vendor/vendor_device.c.o
                0x10007c3c                vendord_deinit
 .text.vendord_reset
                0x10007c58       0x28 CMakeFiles/P3.dir/Users/nekrutnikolai/git/pico-sdk/lib/tinyusb/src/class/vendor/vendor_device.c.o
                0x10007c58                vendord_reset
 .text.vendord_open
                0x10007c80      0x120 CMakeFiles/P3.dir/Users/nekrutnikolai/git/pico-sdk/lib/tinyusb/src/class/vendor/vendor_device.c.o
                0x10007c80                vendord_open
 .text.vendord_xfer_cb
                0x10007da0       0x9c CMakeFiles/P3.dir/Users/nekrutnikolai/git/pico-sdk/lib/tinyusb/src/class/vendor/vendor_device.c.o
                0x10007da0                vendord_xfer_cb
 .text.tusb_rhport_init
                0x10007e3c       0x4c CMakeFiles/P3.dir/Users/nekrutnikolai/git/pico-sdk/lib/tinyusb/src/tusb.c.o
                0x10007e3c                tusb_rhport_init
 .text.tu_edpt_claim
                0x10007e88       0x50 CMakeFiles/P3.dir/Users/nekrutnikolai/git/pico-sdk/lib/tinyusb/src/tusb.c.o
                0x10007e88                tu_edpt_claim
 .text.tu_edpt_release
                0x10007ed8       0x38 CMakeFiles/P3.dir/Users/nekrutnikolai/git/pico-sdk/lib/tinyusb/src/tusb.c.o
                0x10007ed8                tu_edpt_release
 .text.tu_edpt_validate
                0x10007f10       0x7c CMakeFiles/P3.dir/Users/nekrutnikolai/git/pico-sdk/lib/tinyusb/src/tusb.c.o
                0x10007f10                tu_edpt_validate
 .text.tu_edpt_bind_driver
                0x10007f8c       0x34 CMakeFiles/P3.dir/Users/nekrutnikolai/git/pico-sdk/lib/tinyusb/src/tusb.c.o
                0x10007f8c                tu_edpt_bind_driver
 .text.tu_edpt_stream_init
                0x10007fc0       0x6c CMakeFiles/P3.dir/Users/nekrutnikolai/git/pico-sdk/lib/tinyusb/src/tusb.c.o
                0x10007fc0                tu_edpt_stream_init
 .text.tu_edpt_stream_deinit
                0x1000802c        0x4 CMakeFiles/P3.dir/Users/nekrutnikolai/git/pico-sdk/lib/tinyusb/src/tusb.c.o
                0x1000802c                tu_edpt_stream_deinit
 .text.tu_edpt_stream_write_zlp_if_needed
                0x10008030       0x68 CMakeFiles/P3.dir/Users/nekrutnikolai/git/pico-sdk/lib/tinyusb/src/tusb.c.o
                0x10008030                tu_edpt_stream_write_zlp_if_needed
 .text.tu_edpt_stream_write_xfer
                0x10008098       0x68 CMakeFiles/P3.dir/Users/nekrutnikolai/git/pico-sdk/lib/tinyusb/src/tusb.c.o
                0x10008098                tu_edpt_stream_write_xfer
 .text.tu_edpt_stream_read_xfer
                0x10008100       0xd8 CMakeFiles/P3.dir/Users/nekrutnikolai/git/pico-sdk/lib/tinyusb/src/tusb.c.o
                0x10008100                tu_edpt_stream_read_xfer
 .text.tu_fifo_config
                0x100081d8       0x6c CMakeFiles/P3.dir/Users/nekrutnikolai/git/pico-sdk/lib/tinyusb/src/common/tusb_fifo.c.o
                0x100081d8                tu_fifo_config
 .text.tu_fifo_count
                0x10008244       0x2c CMakeFiles/P3.dir/Users/nekrutnikolai/git/pico-sdk/lib/tinyusb/src/common/tusb_fifo.c.o
                0x10008244                tu_fifo_count
 .text.tu_fifo_empty
                0x10008270       0x10 CMakeFiles/P3.dir/Users/nekrutnikolai/git/pico-sdk/lib/tinyusb/src/common/tusb_fifo.c.o
                0x10008270                tu_fifo_empty
 .text.tu_fifo_remaining
                0x10008280       0x2c CMakeFiles/P3.dir/Users/nekrutnikolai/git/pico-sdk/lib/tinyusb/src/common/tusb_fifo.c.o
                0x10008280                tu_fifo_remaining
 .text.tu_fifo_read
                0x100082ac       0x9c CMakeFiles/P3.dir/Users/nekrutnikolai/git/pico-sdk/lib/tinyusb/src/common/tusb_fifo.c.o
                0x100082ac                tu_fifo_read
 .text.tu_fifo_read_n
                0x10008348       0xe8 CMakeFiles/P3.dir/Users/nekrutnikolai/git/pico-sdk/lib/tinyusb/src/common/tusb_fifo.c.o
                0x10008348                tu_fifo_read_n
 .text.tu_fifo_write
                0x10008430       0xa4 CMakeFiles/P3.dir/Users/nekrutnikolai/git/pico-sdk/lib/tinyusb/src/common/tusb_fifo.c.o
                0x10008430                tu_fifo_write
 .text.tu_fifo_write_n
                0x100084d4      0x178 CMakeFiles/P3.dir/Users/nekrutnikolai/git/pico-sdk/lib/tinyusb/src/common/tusb_fifo.c.o
                0x100084d4                tu_fifo_write_n
 .text.tu_fifo_clear
                0x1000864c       0x40 CMakeFiles/P3.dir/Users/nekrutnikolai/git/pico-sdk/lib/tinyusb/src/common/tusb_fifo.c.o
                0x1000864c                tu_fifo_clear
 .text.tu_fifo_set_overwritable
                0x1000868c       0x48 CMakeFiles/P3.dir/Users/nekrutnikolai/git/pico-sdk/lib/tinyusb/src/common/tusb_fifo.c.o
                0x1000868c                tu_fifo_set_overwritable
 .text.spi_init
                0x100086d4      0x13c CMakeFiles/P3.dir/Users/nekrutnikolai/git/pico-sdk/src/rp2_common/hardware_spi/spi.c.o
                0x100086d4                spi_init
 .text.cyw43_arch_set_async_context
                0x10008810        0xc CMakeFiles/P3.dir/Users/nekrutnikolai/git/pico-sdk/src/rp2_common/pico_cyw43_arch/cyw43_arch.c.o
                0x10008810                cyw43_arch_set_async_context
 .text.cyw43_arch_gpio_put
                0x1000881c       0x14 CMakeFiles/P3.dir/Users/nekrutnikolai/git/pico-sdk/src/rp2_common/pico_cyw43_arch/cyw43_arch.c.o
                0x1000881c                cyw43_arch_gpio_put
 .text.cyw43_arch_async_context
                0x10008830        0xc CMakeFiles/P3.dir/Users/nekrutnikolai/git/pico-sdk/src/rp2_common/pico_cyw43_arch/cyw43_arch.c.o
                0x10008830                cyw43_arch_async_context
 .text.cyw43_arch_init
                0x1000883c       0x64 CMakeFiles/P3.dir/Users/nekrutnikolai/git/pico-sdk/src/rp2_common/pico_cyw43_arch/cyw43_arch_threadsafe_background.c.o
                0x1000883c                cyw43_arch_init
 .text.ns_delay.constprop.0
                0x100088a0       0x20 CMakeFiles/P3.dir/Users/nekrutnikolai/git/pico-sdk/src/rp2_common/pico_cyw43_driver/cyw43_bus_pio_spi.c.o
 .text.cyw43_spi_deinit
                0x100088c0       0x6c CMakeFiles/P3.dir/Users/nekrutnikolai/git/pico-sdk/src/rp2_common/pico_cyw43_driver/cyw43_bus_pio_spi.c.o
                0x100088c0                cyw43_spi_deinit
 .text.cyw43_spi_init
                0x1000892c      0x128 CMakeFiles/P3.dir/Users/nekrutnikolai/git/pico-sdk/src/rp2_common/pico_cyw43_driver/cyw43_bus_pio_spi.c.o
                0x1000892c                cyw43_spi_init
 .text.cyw43_spi_transfer
                0x10008a54      0x448 CMakeFiles/P3.dir/Users/nekrutnikolai/git/pico-sdk/src/rp2_common/pico_cyw43_driver/cyw43_bus_pio_spi.c.o
                0x10008a54                cyw43_spi_transfer
 .text.cyw43_spi_gpio_setup
                0x10008e9c       0x3c CMakeFiles/P3.dir/Users/nekrutnikolai/git/pico-sdk/src/rp2_common/pico_cyw43_driver/cyw43_bus_pio_spi.c.o
                0x10008e9c                cyw43_spi_gpio_setup
 .text.cyw43_spi_reset
                0x10008ed8       0x28 CMakeFiles/P3.dir/Users/nekrutnikolai/git/pico-sdk/src/rp2_common/pico_cyw43_driver/cyw43_bus_pio_spi.c.o
                0x10008ed8                cyw43_spi_reset
 .text.read_reg_u32_swap
                0x10008f00       0x44 CMakeFiles/P3.dir/Users/nekrutnikolai/git/pico-sdk/src/rp2_common/pico_cyw43_driver/cyw43_bus_pio_spi.c.o
                0x10008f00                read_reg_u32_swap
 .text.cyw43_read_reg_u32
                0x10008f44       0x58 CMakeFiles/P3.dir/Users/nekrutnikolai/git/pico-sdk/src/rp2_common/pico_cyw43_driver/cyw43_bus_pio_spi.c.o
                0x10008f44                cyw43_read_reg_u32
 .text.cyw43_read_reg_u16
                0x10008f9c       0x58 CMakeFiles/P3.dir/Users/nekrutnikolai/git/pico-sdk/src/rp2_common/pico_cyw43_driver/cyw43_bus_pio_spi.c.o
                0x10008f9c                cyw43_read_reg_u16
 .text.cyw43_read_reg_u8
                0x10008ff4       0x58 CMakeFiles/P3.dir/Users/nekrutnikolai/git/pico-sdk/src/rp2_common/pico_cyw43_driver/cyw43_bus_pio_spi.c.o
                0x10008ff4                cyw43_read_reg_u8
 .text.write_reg_u32_swap
                0x1000904c      0x214 CMakeFiles/P3.dir/Users/nekrutnikolai/git/pico-sdk/src/rp2_common/pico_cyw43_driver/cyw43_bus_pio_spi.c.o
                0x1000904c                write_reg_u32_swap
 .text.cyw43_write_reg_u32
                0x10009260      0x234 CMakeFiles/P3.dir/Users/nekrutnikolai/git/pico-sdk/src/rp2_common/pico_cyw43_driver/cyw43_bus_pio_spi.c.o
                0x10009260                cyw43_write_reg_u32
 .text.cyw43_write_reg_u16
                0x10009494      0x234 CMakeFiles/P3.dir/Users/nekrutnikolai/git/pico-sdk/src/rp2_common/pico_cyw43_driver/cyw43_bus_pio_spi.c.o
                0x10009494                cyw43_write_reg_u16
 .text.cyw43_write_reg_u8
                0x100096c8      0x234 CMakeFiles/P3.dir/Users/nekrutnikolai/git/pico-sdk/src/rp2_common/pico_cyw43_driver/cyw43_bus_pio_spi.c.o
                0x100096c8                cyw43_write_reg_u8
 .text.cyw43_read_bytes
                0x100098fc       0x78 CMakeFiles/P3.dir/Users/nekrutnikolai/git/pico-sdk/src/rp2_common/pico_cyw43_driver/cyw43_bus_pio_spi.c.o
                0x100098fc                cyw43_read_bytes
 .text.cyw43_write_bytes
                0x10009974       0xd4 CMakeFiles/P3.dir/Users/nekrutnikolai/git/pico-sdk/src/rp2_common/pico_cyw43_driver/cyw43_bus_pio_spi.c.o
                0x10009974                cyw43_write_bytes
 .text.cyw43_set_backplane_window
                0x10009a48       0x68 CMakeFiles/P3.dir/Users/nekrutnikolai/git/pico-sdk/lib/cyw43-driver/src/cyw43_ll.c.o
 .text.cyw43_ll_parse_async_event
                0x10009ab0      0x138 CMakeFiles/P3.dir/Users/nekrutnikolai/git/pico-sdk/lib/cyw43-driver/src/cyw43_ll.c.o
 .text.cyw43_kso_set
                0x10009be8       0x80 CMakeFiles/P3.dir/Users/nekrutnikolai/git/pico-sdk/lib/cyw43-driver/src/cyw43_ll.c.o
 .text.cyw43_ll_sdpcm_poll_device
                0x10009c68      0x238 CMakeFiles/P3.dir/Users/nekrutnikolai/git/pico-sdk/lib/cyw43-driver/src/cyw43_ll.c.o
 .text.cyw43_sdpcm_send_common
                0x10009ea0       0xfc CMakeFiles/P3.dir/Users/nekrutnikolai/git/pico-sdk/lib/cyw43-driver/src/cyw43_ll.c.o
 .text.cyw43_do_ioctl.part.0
                0x10009f9c       0xc4 CMakeFiles/P3.dir/Users/nekrutnikolai/git/pico-sdk/lib/cyw43-driver/src/cyw43_ll.c.o
 .text.cyw43_write_iovar_u32.constprop.0
                0x1000a060       0x98 CMakeFiles/P3.dir/Users/nekrutnikolai/git/pico-sdk/lib/cyw43-driver/src/cyw43_ll.c.o
 .text.cyw43_write_iovar_n
                0x1000a0f8       0x8c CMakeFiles/P3.dir/Users/nekrutnikolai/git/pico-sdk/lib/cyw43-driver/src/cyw43_ll.c.o
 .text.cyw43_read_backplane.constprop.0
                0x1000a184       0xe4 CMakeFiles/P3.dir/Users/nekrutnikolai/git/pico-sdk/lib/cyw43-driver/src/cyw43_ll.c.o
 .text.cyw43_write_backplane
                0x1000a268      0x10c CMakeFiles/P3.dir/Users/nekrutnikolai/git/pico-sdk/lib/cyw43-driver/src/cyw43_ll.c.o
 .text.reset_device_core.constprop.0
                0x1000a374      0x410 CMakeFiles/P3.dir/Users/nekrutnikolai/git/pico-sdk/lib/cyw43-driver/src/cyw43_ll.c.o
 .text.cyw43_ll_init
                0x1000a784       0x1c CMakeFiles/P3.dir/Users/nekrutnikolai/git/pico-sdk/lib/cyw43-driver/src/cyw43_ll.c.o
                0x1000a784                cyw43_ll_init
 .text.cyw43_ll_deinit
                0x1000a7a0        0x8 CMakeFiles/P3.dir/Users/nekrutnikolai/git/pico-sdk/lib/cyw43-driver/src/cyw43_ll.c.o
                0x1000a7a0                cyw43_ll_deinit
 .text.cyw43_ll_process_packets
                0x1000a7a8       0x54 CMakeFiles/P3.dir/Users/nekrutnikolai/git/pico-sdk/lib/cyw43-driver/src/cyw43_ll.c.o
                0x1000a7a8                cyw43_ll_process_packets
 .text.cyw43_ll_ioctl
                0x1000a7fc       0x80 CMakeFiles/P3.dir/Users/nekrutnikolai/git/pico-sdk/lib/cyw43-driver/src/cyw43_ll.c.o
                0x1000a7fc                cyw43_ll_ioctl
 .text.cyw43_ll_bus_sleep
                0x1000a87c       0x34 CMakeFiles/P3.dir/Users/nekrutnikolai/git/pico-sdk/lib/cyw43-driver/src/cyw43_ll.c.o
                0x1000a87c                cyw43_ll_bus_sleep
 .text.cyw43_ll_wifi_get_mac
                0x1000a8b0       0x78 CMakeFiles/P3.dir/Users/nekrutnikolai/git/pico-sdk/lib/cyw43-driver/src/cyw43_ll.c.o
                0x1000a8b0                cyw43_ll_wifi_get_mac
 .text.cyw43_ll_bus_init
                0x1000a928      0x8d8 CMakeFiles/P3.dir/Users/nekrutnikolai/git/pico-sdk/lib/cyw43-driver/src/cyw43_ll.c.o
                0x1000a928                cyw43_ll_bus_init
 .text.cyw43_ll_wifi_set_wpa_auth
                0x1000b200       0x4c CMakeFiles/P3.dir/Users/nekrutnikolai/git/pico-sdk/lib/cyw43-driver/src/cyw43_ll.c.o
                0x1000b200                cyw43_ll_wifi_set_wpa_auth
 .text.cyw43_ll_wifi_rejoin
                0x1000b24c       0x58 CMakeFiles/P3.dir/Users/nekrutnikolai/git/pico-sdk/lib/cyw43-driver/src/cyw43_ll.c.o
                0x1000b24c                cyw43_ll_wifi_rejoin
 .text.cyw43_ll_gpio_set
                0x1000b2a4       0x94 CMakeFiles/P3.dir/Users/nekrutnikolai/git/pico-sdk/lib/cyw43-driver/src/cyw43_ll.c.o
                0x1000b2a4                cyw43_ll_gpio_set
 .text.cyw43_ll_has_work
                0x1000b338       0x14 CMakeFiles/P3.dir/Users/nekrutnikolai/git/pico-sdk/lib/cyw43-driver/src/cyw43_ll.c.o
                0x1000b338                cyw43_ll_has_work
 .text.cyw43_poll_func
                0x1000b34c       0xc0 CMakeFiles/P3.dir/Users/nekrutnikolai/git/pico-sdk/lib/cyw43-driver/src/cyw43_ctrl.c.o
 .text.cyw43_init
                0x1000b40c       0x6c CMakeFiles/P3.dir/Users/nekrutnikolai/git/pico-sdk/lib/cyw43-driver/src/cyw43_ctrl.c.o
                0x1000b40c                cyw43_init
 .text.cyw43_deinit
                0x1000b478       0x90 CMakeFiles/P3.dir/Users/nekrutnikolai/git/pico-sdk/lib/cyw43-driver/src/cyw43_ctrl.c.o
                0x1000b478                cyw43_deinit
 .text.cyw43_cb_read_host_interrupt_pin
                0x1000b508        0xc CMakeFiles/P3.dir/Users/nekrutnikolai/git/pico-sdk/lib/cyw43-driver/src/cyw43_ctrl.c.o
                0x1000b508                cyw43_cb_read_host_interrupt_pin
 .text.cyw43_cb_ensure_awake
                0x1000b514        0xc CMakeFiles/P3.dir/Users/nekrutnikolai/git/pico-sdk/lib/cyw43-driver/src/cyw43_ctrl.c.o
                0x1000b514                cyw43_cb_ensure_awake
 .text.cyw43_cb_process_async_event
                0x1000b520      0x210 CMakeFiles/P3.dir/Users/nekrutnikolai/git/pico-sdk/lib/cyw43-driver/src/cyw43_ctrl.c.o
                0x1000b520                cyw43_cb_process_async_event
 .text.cyw43_gpio_set
                0x1000b730       0xa4 CMakeFiles/P3.dir/Users/nekrutnikolai/git/pico-sdk/lib/cyw43-driver/src/cyw43_ctrl.c.o
                0x1000b730                cyw43_gpio_set
 .text.pio_sm_set_pindirs_with_mask64
                0x1000b7d4       0xac CMakeFiles/P3.dir/Users/nekrutnikolai/git/pico-sdk/src/rp2_common/hardware_pio/pio.c.o
                0x1000b7d4                pio_sm_set_pindirs_with_mask64
 .text.pio_sm_set_consecutive_pindirs
                0x1000b880       0xb4 CMakeFiles/P3.dir/Users/nekrutnikolai/git/pico-sdk/src/rp2_common/hardware_pio/pio.c.o
                0x1000b880                pio_sm_set_consecutive_pindirs
 .text.pio_claim_free_sm_and_add_program_for_gpio_range
                0x1000b934      0x184 CMakeFiles/P3.dir/Users/nekrutnikolai/git/pico-sdk/src/rp2_common/hardware_pio/pio.c.o
                0x1000b934                pio_claim_free_sm_and_add_program_for_gpio_range
 .text.pio_remove_program_and_unclaim_sm
                0x1000bab8       0x40 CMakeFiles/P3.dir/Users/nekrutnikolai/git/pico-sdk/src/rp2_common/hardware_pio/pio.c.o
                0x1000bab8                pio_remove_program_and_unclaim_sm
 .text.dma_channel_unclaim
                0x1000baf8       0x14 CMakeFiles/P3.dir/Users/nekrutnikolai/git/pico-sdk/src/rp2_common/hardware_dma/dma.c.o
                0x1000baf8                dma_channel_unclaim
 .text.dma_claim_unused_channel
                0x1000bb0c       0x24 CMakeFiles/P3.dir/Users/nekrutnikolai/git/pico-sdk/src/rp2_common/hardware_dma/dma.c.o
                0x1000bb0c                dma_claim_unused_channel
 .text.dma_channel_cleanup
                0x1000bb30       0x64 CMakeFiles/P3.dir/Users/nekrutnikolai/git/pico-sdk/src/rp2_common/hardware_dma/dma.c.o
                0x1000bb30                dma_channel_cleanup
 .text.cyw43_sleep_timeout_reached
                0x1000bb94       0x10 CMakeFiles/P3.dir/Users/nekrutnikolai/git/pico-sdk/src/rp2_common/pico_cyw43_driver/cyw43_driver.c.o
 .text.cyw43_irq_init
                0x1000bba4       0x28 CMakeFiles/P3.dir/Users/nekrutnikolai/git/pico-sdk/src/rp2_common/pico_cyw43_driver/cyw43_driver.c.o
                0x1000bba4                cyw43_irq_init
 .text.cyw43_irq_deinit
                0x1000bbcc       0x20 CMakeFiles/P3.dir/Users/nekrutnikolai/git/pico-sdk/src/rp2_common/pico_cyw43_driver/cyw43_driver.c.o
                0x1000bbcc                cyw43_irq_deinit
 .text.cyw43_gpio_irq_handler
                0x1000bbec       0x44 CMakeFiles/P3.dir/Users/nekrutnikolai/git/pico-sdk/src/rp2_common/pico_cyw43_driver/cyw43_driver.c.o
 .text.cyw43_do_poll
                0x1000bc30       0x6c CMakeFiles/P3.dir/Users/nekrutnikolai/git/pico-sdk/src/rp2_common/pico_cyw43_driver/cyw43_driver.c.o
 .text.cyw43_post_poll_hook
                0x1000bc9c       0x10 CMakeFiles/P3.dir/Users/nekrutnikolai/git/pico-sdk/src/rp2_common/pico_cyw43_driver/cyw43_driver.c.o
                0x1000bc9c                cyw43_post_poll_hook
 .text.cyw43_schedule_internal_poll_dispatch
                0x1000bcac       0x18 CMakeFiles/P3.dir/Users/nekrutnikolai/git/pico-sdk/src/rp2_common/pico_cyw43_driver/cyw43_driver.c.o
                0x1000bcac                cyw43_schedule_internal_poll_dispatch
 .text.cyw43_driver_init
                0x1000bcc4       0x38 CMakeFiles/P3.dir/Users/nekrutnikolai/git/pico-sdk/src/rp2_common/pico_cyw43_driver/cyw43_driver.c.o
                0x1000bcc4                cyw43_driver_init
 .text.cyw43_driver_deinit
                0x1000bcfc       0x44 CMakeFiles/P3.dir/Users/nekrutnikolai/git/pico-sdk/src/rp2_common/pico_cyw43_driver/cyw43_driver.c.o
                0x1000bcfc                cyw43_driver_deinit
 .text.cyw43_hal_generate_laa_mac
                0x1000bd40       0x28 CMakeFiles/P3.dir/Users/nekrutnikolai/git/pico-sdk/src/rp2_common/pico_cyw43_driver/cyw43_driver.c.o
                0x1000bd40                cyw43_hal_generate_laa_mac
 .text.cyw43_thread_enter
                0x1000bd68       0x14 CMakeFiles/P3.dir/Users/nekrutnikolai/git/pico-sdk/src/rp2_common/pico_cyw43_driver/cyw43_driver.c.o
                0x1000bd68                cyw43_thread_enter
 .text.cyw43_thread_exit
                0x1000bd7c       0x14 CMakeFiles/P3.dir/Users/nekrutnikolai/git/pico-sdk/src/rp2_common/pico_cyw43_driver/cyw43_driver.c.o
                0x1000bd7c                cyw43_thread_exit
 .text.cyw43_await_background_or_timeout_us
                0x1000bd90       0x5c CMakeFiles/P3.dir/Users/nekrutnikolai/git/pico-sdk/src/rp2_common/pico_cyw43_driver/cyw43_driver.c.o
                0x1000bd90                cyw43_await_background_or_timeout_us
 .text.cyw43_delay_ms
                0x1000bdec       0x44 CMakeFiles/P3.dir/Users/nekrutnikolai/git/pico-sdk/src/rp2_common/pico_cyw43_driver/cyw43_driver.c.o
                0x1000bdec                cyw43_delay_ms
 .text.cyw43_cb_tcpip_deinit
                0x1000be30        0x4 CMakeFiles/P3.dir/Users/nekrutnikolai/git/pico-sdk/src/rp2_common/pico_cyw43_driver/cyw43_driver.c.o
                0x1000be30                cyw43_cb_tcpip_deinit
 .text.cyw43_cb_tcpip_set_link_up
                0x1000be34        0xc CMakeFiles/P3.dir/Users/nekrutnikolai/git/pico-sdk/src/rp2_common/pico_cyw43_driver/cyw43_driver.c.o
                0x1000be34                cyw43_cb_tcpip_set_link_up
 .text.cyw43_cb_tcpip_set_link_down
                0x1000be40        0xc CMakeFiles/P3.dir/Users/nekrutnikolai/git/pico-sdk/src/rp2_common/pico_cyw43_driver/cyw43_driver.c.o
                0x1000be40                cyw43_cb_tcpip_set_link_down
 .text.cyw43_cb_process_ethernet
                0x1000be4c        0xc CMakeFiles/P3.dir/Users/nekrutnikolai/git/pico-sdk/src/rp2_common/pico_cyw43_driver/cyw43_driver.c.o
                0x1000be4c                cyw43_cb_process_ethernet
 .text.async_context_threadsafe_background_acquire_lock_blocking
                0x1000be58        0xc CMakeFiles/P3.dir/Users/nekrutnikolai/git/pico-sdk/src/rp2_common/pico_async_context/async_context_threadsafe_background.c.o
 .text.alarm_handler
                0x1000be64       0x20 CMakeFiles/P3.dir/Users/nekrutnikolai/git/pico-sdk/src/rp2_common/pico_async_context/async_context_threadsafe_background.c.o
 .text.async_context_threadsafe_background_set_work_pending
                0x1000be84       0x1c CMakeFiles/P3.dir/Users/nekrutnikolai/git/pico-sdk/src/rp2_common/pico_async_context/async_context_threadsafe_background.c.o
 .text.process_under_lock
                0x1000bea0       0xcc CMakeFiles/P3.dir/Users/nekrutnikolai/git/pico-sdk/src/rp2_common/pico_async_context/async_context_threadsafe_background.c.o
 .text.async_context_threadsafe_background_execute_sync
                0x1000bf6c       0x30 CMakeFiles/P3.dir/Users/nekrutnikolai/git/pico-sdk/src/rp2_common/pico_async_context/async_context_threadsafe_background.c.o
                0x1000bf6c                async_context_threadsafe_background_execute_sync
 .text.async_context_threadsafe_background_deinit
                0x1000bf9c       0x54 CMakeFiles/P3.dir/Users/nekrutnikolai/git/pico-sdk/src/rp2_common/pico_async_context/async_context_threadsafe_background.c.o
 .text.low_priority_irq_handler
                0x1000bff0       0x3c CMakeFiles/P3.dir/Users/nekrutnikolai/git/pico-sdk/src/rp2_common/pico_async_context/async_context_threadsafe_background.c.o
 .text.async_context_threadsafe_background_wait_for_work_until
                0x1000c02c        0xc CMakeFiles/P3.dir/Users/nekrutnikolai/git/pico-sdk/src/rp2_common/pico_async_context/async_context_threadsafe_background.c.o
 .text.async_context_threadsafe_background_wait_until
                0x1000c038       0x1c CMakeFiles/P3.dir/Users/nekrutnikolai/git/pico-sdk/src/rp2_common/pico_async_context/async_context_threadsafe_background.c.o
 .text.async_context_threadsafe_background_lock_check
                0x1000c054       0x28 CMakeFiles/P3.dir/Users/nekrutnikolai/git/pico-sdk/src/rp2_common/pico_async_context/async_context_threadsafe_background.c.o
 .text.async_context_threadsafe_background_release_lock
                0x1000c07c       0x1c CMakeFiles/P3.dir/Users/nekrutnikolai/git/pico-sdk/src/rp2_common/pico_async_context/async_context_threadsafe_background.c.o
 .text.async_context_threadsafe_background_when_pending_worker
                0x1000c098       0x34 CMakeFiles/P3.dir/Users/nekrutnikolai/git/pico-sdk/src/rp2_common/pico_async_context/async_context_threadsafe_background.c.o
 .text.async_context_threadsafe_background_add_when_pending_worker
                0x1000c0cc       0x34 CMakeFiles/P3.dir/Users/nekrutnikolai/git/pico-sdk/src/rp2_common/pico_async_context/async_context_threadsafe_background.c.o
 .text.async_context_threadsafe_background_remove_at_time_worker
                0x1000c100       0x34 CMakeFiles/P3.dir/Users/nekrutnikolai/git/pico-sdk/src/rp2_common/pico_async_context/async_context_threadsafe_background.c.o
 .text.async_context_threadsafe_background_add_at_time_worker
                0x1000c134       0x34 CMakeFiles/P3.dir/Users/nekrutnikolai/git/pico-sdk/src/rp2_common/pico_async_context/async_context_threadsafe_background.c.o
 .text.async_context_threadsafe_background_default_config
                0x1000c168        0xc CMakeFiles/P3.dir/Users/nekrutnikolai/git/pico-sdk/src/rp2_common/pico_async_context/async_context_threadsafe_background.c.o
                0x1000c168                async_context_threadsafe_background_default_config
 .text.async_context_threadsafe_background_init
                0x1000c174       0x8c CMakeFiles/P3.dir/Users/nekrutnikolai/git/pico-sdk/src/rp2_common/pico_async_context/async_context_threadsafe_background.c.o
                0x1000c174                async_context_threadsafe_background_init
 .text.async_context_base_add_at_time_worker
                0x1000c200       0x28 CMakeFiles/P3.dir/Users/nekrutnikolai/git/pico-sdk/src/rp2_common/pico_async_context/async_context_base.c.o
                0x1000c200                async_context_base_add_at_time_worker
 .text.async_context_base_remove_at_time_worker
                0x1000c228       0x24 CMakeFiles/P3.dir/Users/nekrutnikolai/git/pico-sdk/src/rp2_common/pico_async_context/async_context_base.c.o
                0x1000c228                async_context_base_remove_at_time_worker
 .text.async_context_base_add_when_pending_worker
                0x1000c24c       0x24 CMakeFiles/P3.dir/Users/nekrutnikolai/git/pico-sdk/src/rp2_common/pico_async_context/async_context_base.c.o
                0x1000c24c                async_context_base_add_when_pending_worker
 .text.async_context_base_remove_when_pending_worker
                0x1000c270       0x24 CMakeFiles/P3.dir/Users/nekrutnikolai/git/pico-sdk/src/rp2_common/pico_async_context/async_context_base.c.o
                0x1000c270                async_context_base_remove_when_pending_worker
 .text.async_context_base_execute_once
                0x1000c294      0x108 CMakeFiles/P3.dir/Users/nekrutnikolai/git/pico-sdk/src/rp2_common/pico_async_context/async_context_base.c.o
                0x1000c294                async_context_base_execute_once
 .text.atof     0x1000c39c        0xc /Applications/ArmGNUToolchain/14.2.rel1/arm-none-eabi/bin/../lib/gcc/arm-none-eabi/14.2.1/../../../../arm-none-eabi/lib/thumb/v6-m/nofp/libg.a(libc_a-atof.o)
                0x1000c39c                atof
 .text._calloc_r
                0x1000c3a8       0xa8 /Applications/ArmGNUToolchain/14.2.rel1/arm-none-eabi/bin/../lib/gcc/arm-none-eabi/14.2.1/../../../../arm-none-eabi/lib/thumb/v6-m/nofp/libg.a(libc_a-callocr.o)
                0x1000c3a8                _calloc_r
 .text._malloc_r
                0x1000c450      0x5cc /Applications/ArmGNUToolchain/14.2.rel1/arm-none-eabi/bin/../lib/gcc/arm-none-eabi/14.2.1/../../../../arm-none-eabi/lib/thumb/v6-m/nofp/libg.a(libc_a-mallocr.o)
                0x1000c450                _malloc_r
 .text.__malloc_lock
                0x1000ca1c       0x10 /Applications/ArmGNUToolchain/14.2.rel1/arm-none-eabi/bin/../lib/gcc/arm-none-eabi/14.2.1/../../../../arm-none-eabi/lib/thumb/v6-m/nofp/libg.a(libc_a-mlock.o)
                0x1000ca1c                __malloc_lock
 .text.__malloc_unlock
                0x1000ca2c       0x10 /Applications/ArmGNUToolchain/14.2.rel1/arm-none-eabi/bin/../lib/gcc/arm-none-eabi/14.2.1/../../../../arm-none-eabi/lib/thumb/v6-m/nofp/libg.a(libc_a-mlock.o)
                0x1000ca2c                __malloc_unlock
 .text.sulp     0x1000ca3c       0x30 /Applications/ArmGNUToolchain/14.2.rel1/arm-none-eabi/bin/../lib/gcc/arm-none-eabi/14.2.1/../../../../arm-none-eabi/lib/thumb/v6-m/nofp/libg.a(libc_a-strtod.o)
 .text._strtod_l
                0x1000ca6c      0xfdc /Applications/ArmGNUToolchain/14.2.rel1/arm-none-eabi/bin/../lib/gcc/arm-none-eabi/14.2.1/../../../../arm-none-eabi/lib/thumb/v6-m/nofp/libg.a(libc_a-strtod.o)
                0x1000ca6c                _strtod_l
 .text.strtod   0x1000da48       0x1c /Applications/ArmGNUToolchain/14.2.rel1/arm-none-eabi/bin/../lib/gcc/arm-none-eabi/14.2.1/../../../../arm-none-eabi/lib/thumb/v6-m/nofp/libg.a(libc_a-strtod.o)
                0x1000da48                strtod
 .text.memmove  0x1000da64       0xc4 /Applications/ArmGNUToolchain/14.2.rel1/arm-none-eabi/bin/../lib/gcc/arm-none-eabi/14.2.1/../../../../arm-none-eabi/lib/thumb/v6-m/nofp/libg.a(libc_a-memmove.o)
                0x1000da64                memmove
 .text.strncmp  0x1000db28       0x68 /Applications/ArmGNUToolchain/14.2.rel1/arm-none-eabi/bin/../lib/gcc/arm-none-eabi/14.2.1/../../../../arm-none-eabi/lib/thumb/v6-m/nofp/libg.a(libc_a-strncmp.o)
                0x1000db28                strncmp
 .text._sbrk_r  0x1000db90       0x24 /Applications/ArmGNUToolchain/14.2.rel1/arm-none-eabi/bin/../lib/gcc/arm-none-eabi/14.2.1/../../../../arm-none-eabi/lib/thumb/v6-m/nofp/libg.a(libc_a-sbrkr.o)
                0x1000db90                _sbrk_r
 .text.__errno  0x1000dbb4        0xc /Applications/ArmGNUToolchain/14.2.rel1/arm-none-eabi/bin/../lib/gcc/arm-none-eabi/14.2.1/../../../../arm-none-eabi/lib/thumb/v6-m/nofp/libg.a(libc_a-errno.o)
                0x1000dbb4                __errno
 .text.sysconf  0x1000dbc0       0x1c /Applications/ArmGNUToolchain/14.2.rel1/arm-none-eabi/bin/../lib/gcc/arm-none-eabi/14.2.1/../../../../arm-none-eabi/lib/thumb/v6-m/nofp/libg.a(libc_a-sysconf.o)
                0x1000dbc0                sysconf
 .text.__retarget_lock_acquire_recursive
                0x1000dbdc        0x4 /Applications/ArmGNUToolchain/14.2.rel1/arm-none-eabi/bin/../lib/gcc/arm-none-eabi/14.2.1/../../../../arm-none-eabi/lib/thumb/v6-m/nofp/libg.a(libc_a-lock.o)
                0x1000dbdc                __retarget_lock_acquire_recursive
 .text.__retarget_lock_release_recursive
                0x1000dbe0        0x4 /Applications/ArmGNUToolchain/14.2.rel1/arm-none-eabi/bin/../lib/gcc/arm-none-eabi/14.2.1/../../../../arm-none-eabi/lib/thumb/v6-m/nofp/libg.a(libc_a-lock.o)
                0x1000dbe0                __retarget_lock_release_recursive
 .text.strlen   0x1000dbe4       0x5c /Applications/ArmGNUToolchain/14.2.rel1/arm-none-eabi/bin/../lib/gcc/arm-none-eabi/14.2.1/../../../../arm-none-eabi/lib/thumb/v6-m/nofp/libg.a(libc_a-strlen-stub.o)
                0x1000dbe4                strlen
 .text.nan      0x1000dc40        0xc /Applications/ArmGNUToolchain/14.2.rel1/arm-none-eabi/bin/../lib/gcc/arm-none-eabi/14.2.1/../../../../arm-none-eabi/lib/thumb/v6-m/nofp/libg.a(libm_a-s_nan.o)
                0x1000dc40                nan
 .text._malloc_trim_r
                0x1000dc4c       0xb4 /Applications/ArmGNUToolchain/14.2.rel1/arm-none-eabi/bin/../lib/gcc/arm-none-eabi/14.2.1/../../../../arm-none-eabi/lib/thumb/v6-m/nofp/libg.a(libc_a-freer.o)
                0x1000dc4c                _malloc_trim_r
 .text._free_r  0x1000dd00      0x1f0 /Applications/ArmGNUToolchain/14.2.rel1/arm-none-eabi/bin/../lib/gcc/arm-none-eabi/14.2.1/../../../../arm-none-eabi/lib/thumb/v6-m/nofp/libg.a(libc_a-freer.o)
                0x1000dd00                _free_r
 .text.rshift   0x1000def0       0xb0 /Applications/ArmGNUToolchain/14.2.rel1/arm-none-eabi/bin/../lib/gcc/arm-none-eabi/14.2.1/../../../../arm-none-eabi/lib/thumb/v6-m/nofp/libg.a(libc_a-gdtoa-gethex.o)
 .text.__gethex
                0x1000dfa0      0x5f4 /Applications/ArmGNUToolchain/14.2.rel1/arm-none-eabi/bin/../lib/gcc/arm-none-eabi/14.2.1/../../../../arm-none-eabi/lib/thumb/v6-m/nofp/libg.a(libc_a-gdtoa-gethex.o)
                0x1000dfa0                __gethex
 .text.__match  0x1000e594       0x2c /Applications/ArmGNUToolchain/14.2.rel1/arm-none-eabi/bin/../lib/gcc/arm-none-eabi/14.2.1/../../../../arm-none-eabi/lib/thumb/v6-m/nofp/libg.a(libc_a-gdtoa-hexnan.o)
                0x1000e594                __match
 .text.__hexnan
                0x1000e5c0      0x208 /Applications/ArmGNUToolchain/14.2.rel1/arm-none-eabi/bin/../lib/gcc/arm-none-eabi/14.2.1/../../../../arm-none-eabi/lib/thumb/v6-m/nofp/libg.a(libc_a-gdtoa-hexnan.o)
                0x1000e5c0                __hexnan
 .text.__ascii_mbtowc
                0x1000e7c8       0x2c /Applications/ArmGNUToolchain/14.2.rel1/arm-none-eabi/bin/../lib/gcc/arm-none-eabi/14.2.1/../../../../arm-none-eabi/lib/thumb/v6-m/nofp/libg.a(libc_a-mbtowc_r.o)
                0x1000e7c8                __ascii_mbtowc
 .text._Balloc  0x1000e7f4       0x50 /Applications/ArmGNUToolchain/14.2.rel1/arm-none-eabi/bin/../lib/gcc/arm-none-eabi/14.2.1/../../../../arm-none-eabi/lib/thumb/v6-m/nofp/libg.a(libc_a-mprec.o)
                0x1000e7f4                _Balloc
 .text._Bfree   0x1000e844       0x14 /Applications/ArmGNUToolchain/14.2.rel1/arm-none-eabi/bin/../lib/gcc/arm-none-eabi/14.2.1/../../../../arm-none-eabi/lib/thumb/v6-m/nofp/libg.a(libc_a-mprec.o)
                0x1000e844                _Bfree
 .text.__multadd
                0x1000e858       0xa4 /Applications/ArmGNUToolchain/14.2.rel1/arm-none-eabi/bin/../lib/gcc/arm-none-eabi/14.2.1/../../../../arm-none-eabi/lib/thumb/v6-m/nofp/libg.a(libc_a-mprec.o)
                0x1000e858                __multadd
 .text.__s2b    0x1000e8fc       0xb0 /Applications/ArmGNUToolchain/14.2.rel1/arm-none-eabi/bin/../lib/gcc/arm-none-eabi/14.2.1/../../../../arm-none-eabi/lib/thumb/v6-m/nofp/libg.a(libc_a-mprec.o)
                0x1000e8fc                __s2b
 .text.__hi0bits
                0x1000e9ac       0x60 /Applications/ArmGNUToolchain/14.2.rel1/arm-none-eabi/bin/../lib/gcc/arm-none-eabi/14.2.1/../../../../arm-none-eabi/lib/thumb/v6-m/nofp/libg.a(libc_a-mprec.o)
                0x1000e9ac                __hi0bits
 .text.__lo0bits
                0x1000ea0c       0x90 /Applications/ArmGNUToolchain/14.2.rel1/arm-none-eabi/bin/../lib/gcc/arm-none-eabi/14.2.1/../../../../arm-none-eabi/lib/thumb/v6-m/nofp/libg.a(libc_a-mprec.o)
                0x1000ea0c                __lo0bits
 .text.__i2b    0x1000ea9c       0x60 /Applications/ArmGNUToolchain/14.2.rel1/arm-none-eabi/bin/../lib/gcc/arm-none-eabi/14.2.1/../../../../arm-none-eabi/lib/thumb/v6-m/nofp/libg.a(libc_a-mprec.o)
                0x1000ea9c                __i2b
 .text.__multiply
                0x1000eafc      0x1b0 /Applications/ArmGNUToolchain/14.2.rel1/arm-none-eabi/bin/../lib/gcc/arm-none-eabi/14.2.1/../../../../arm-none-eabi/lib/thumb/v6-m/nofp/libg.a(libc_a-mprec.o)
                0x1000eafc                __multiply
 .text.__pow5mult
                0x1000ecac       0xd8 /Applications/ArmGNUToolchain/14.2.rel1/arm-none-eabi/bin/../lib/gcc/arm-none-eabi/14.2.1/../../../../arm-none-eabi/lib/thumb/v6-m/nofp/libg.a(libc_a-mprec.o)
                0x1000ecac                __pow5mult
 .text.__lshift
                0x1000ed84       0xfc /Applications/ArmGNUToolchain/14.2.rel1/arm-none-eabi/bin/../lib/gcc/arm-none-eabi/14.2.1/../../../../arm-none-eabi/lib/thumb/v6-m/nofp/libg.a(libc_a-mprec.o)
                0x1000ed84                __lshift
 .text.__mcmp   0x1000ee80       0x3c /Applications/ArmGNUToolchain/14.2.rel1/arm-none-eabi/bin/../lib/gcc/arm-none-eabi/14.2.1/../../../../arm-none-eabi/lib/thumb/v6-m/nofp/libg.a(libc_a-mprec.o)
                0x1000ee80                __mcmp
 .text.__mdiff  0x1000eebc      0x1a8 /Applications/ArmGNUToolchain/14.2.rel1/arm-none-eabi/bin/../lib/gcc/arm-none-eabi/14.2.1/../../../../arm-none-eabi/lib/thumb/v6-m/nofp/libg.a(libc_a-mprec.o)
                0x1000eebc                __mdiff
 .text.__ulp    0x1000f064       0x40 /Applications/ArmGNUToolchain/14.2.rel1/arm-none-eabi/bin/../lib/gcc/arm-none-eabi/14.2.1/../../../../arm-none-eabi/lib/thumb/v6-m/nofp/libg.a(libc_a-mprec.o)
                0x1000f064                __ulp
 .text.__b2d    0x1000f0a4       0xb8 /Applications/ArmGNUToolchain/14.2.rel1/arm-none-eabi/bin/../lib/gcc/arm-none-eabi/14.2.1/../../../../arm-none-eabi/lib/thumb/v6-m/nofp/libg.a(libc_a-mprec.o)
                0x1000f0a4                __b2d
 .text.__d2b    0x1000f15c       0xc4 /Applications/ArmGNUToolchain/14.2.rel1/arm-none-eabi/bin/../lib/gcc/arm-none-eabi/14.2.1/../../../../arm-none-eabi/lib/thumb/v6-m/nofp/libg.a(libc_a-mprec.o)
                0x1000f15c                __d2b
 .text.__ratio  0x1000f220       0x68 /Applications/ArmGNUToolchain/14.2.rel1/arm-none-eabi/bin/../lib/gcc/arm-none-eabi/14.2.1/../../../../arm-none-eabi/lib/thumb/v6-m/nofp/libg.a(libc_a-mprec.o)
                0x1000f220                __ratio
 .text.__copybits
                0x1000f288       0x40 /Applications/ArmGNUToolchain/14.2.rel1/arm-none-eabi/bin/../lib/gcc/arm-none-eabi/14.2.1/../../../../arm-none-eabi/lib/thumb/v6-m/nofp/libg.a(libc_a-mprec.o)