Archive member included to satisfy reference by file (symbol)

/Applications/ArmGNUToolchain/14.2.rel1/arm-none-eabi/bin/../lib/gcc/arm-none-eabi/14.2.1/../../../../arm-none-eabi/lib/thumb/v6-m/nofp/libm.a(libm_a-s_fmin.o)
                              CMakeFiles/P3.dir/Users/nekrutnikolai/git/RotorRascal/software/lib/ESC/esc.c.o (fmin)
/Applications/ArmGNUToolchain/14.2.rel1/arm-none-eabi/bin/../lib/gcc/arm-none-eabi/14.2.1/../../../../arm-none-eabi/lib/thumb/v6-m/nofp/libm.a(libm_a-s_fpclassify.o)
                              /Applications/ArmGNUToolchain/14.2.rel1/arm-none-eabi/bin/../lib/gcc/arm-none-eabi/14.2.1/../../../../arm-none-eabi/lib/thumb/v6-m/nofp/libm.a(libm_a-s_fmin.o) (__fpclassifyd)
/Applications/ArmGNUToolchain/14.2.rel1/arm-none-eabi/bin/../lib/gcc/arm-none-eabi/14.2.1/../../../../arm-none-eabi/lib/thumb/v6-m/nofp/libm.a(libm_a-s_fmax.o)
                              CMakeFiles/P3.dir/Users/nekrutnikolai/git/RotorRascal/software/lib/ESC/esc.c.o (fmax)
/Applications/ArmGNUToolchain/14.2.rel1/arm-none-eabi/bin/../lib/gcc/arm-none-eabi/14.2.1/thumb/v6-m/nofp/libgcc.a(_dvmd_tls.o)
                              CMakeFiles/P3.dir/Users/nekrutnikolai/git/pico-sdk/src/rp2_common/pico_divider/divider_hardware.S.o (__aeabi_idiv0)
/Applications/ArmGNUToolchain/14.2.rel1/arm-none-eabi/bin/../lib/gcc/arm-none-eabi/14.2.1/../../../../arm-none-eabi/lib/thumb/v6-m/nofp/libg.a(libc_a-atof.o)
                              CMakeFiles/P3.dir/P3.c.o (atof)
/Applications/ArmGNUToolchain/14.2.rel1/arm-none-eabi/bin/../lib/gcc/arm-none-eabi/14.2.1/../../../../arm-none-eabi/lib/thumb/v6-m/nofp/libg.a(libc_a-calloc.o)
                              CMakeFiles/P3.dir/Users/nekrutnikolai/git/pico-sdk/src/rp2_common/pico_malloc/malloc.c.o (calloc)
/Applications/ArmGNUToolchain/14.2.rel1/arm-none-eabi/bin/../lib/gcc/arm-none-eabi/14.2.1/../../../../arm-none-eabi/lib/thumb/v6-m/nofp/libg.a(libc_a-callocr.o)
                              /Applications/ArmGNUToolchain/14.2.rel1/arm-none-eabi/bin/../lib/gcc/arm-none-eabi/14.2.1/../../../../arm-none-eabi/lib/thumb/v6-m/nofp/libg.a(libc_a-calloc.o) (_calloc_r)
/Applications/ArmGNUToolchain/14.2.rel1/arm-none-eabi/bin/../lib/gcc/arm-none-eabi/14.2.1/../../../../arm-none-eabi/lib/thumb/v6-m/nofp/libg.a(libc_a-malloc.o)
                              CMakeFiles/P3.dir/Users/nekrutnikolai/git/pico-sdk/src/rp2_common/pico_malloc/malloc.c.o (malloc)
/Applications/ArmGNUToolchain/14.2.rel1/arm-none-eabi/bin/../lib/gcc/arm-none-eabi/14.2.1/../../../../arm-none-eabi/lib/thumb/v6-m/nofp/libg.a(libc_a-mallocr.o)
                              /Applications/ArmGNUToolchain/14.2.rel1/arm-none-eabi/bin/../lib/gcc/arm-none-eabi/14.2.1/../../../../arm-none-eabi/lib/thumb/v6-m/nofp/libg.a(libc_a-callocr.o) (_malloc_r)
/Applications/ArmGNUToolchain/14.2.rel1/arm-none-eabi/bin/../lib/gcc/arm-none-eabi/14.2.1/../../../../arm-none-eabi/lib/thumb/v6-m/nofp/libg.a(libc_a-mlock.o)
                              /Applications/ArmGNUToolchain/14.2.rel1/arm-none-eabi/bin/../lib/gcc/arm-none-eabi/14.2.1/../../../../arm-none-eabi/lib/thumb/v6-m/nofp/libg.a(libc_a-mallocr.o) (__malloc_lock)
/Applications/ArmGNUToolchain/14.2.rel1/arm-none-eabi/bin/../lib/gcc/arm-none-eabi/14.2.1/../../../../arm-none-eabi/lib/thumb/v6-m/nofp/libg.a(libc_a-realloc.o)
                              CMakeFiles/P3.dir/Users/nekrutnikolai/git/pico-sdk/src/rp2_common/pico_malloc/malloc.c.o (realloc)
/Applications/ArmGNUToolchain/14.2.rel1/arm-none-eabi/bin/../lib/gcc/arm-none-eabi/14.2.1/../../../../arm-none-eabi/lib/thumb/v6-m/nofp/libg.a(libc_a-reallocr.o)
                              /Applications/ArmGNUToolchain/14.2.rel1/arm-none-eabi/bin/../lib/gcc/arm-none-eabi/14.2.1/../../../../arm-none-eabi/lib/thumb/v6-m/nofp/libg.a(libc_a-realloc.o) (_realloc_r)
/Applications/ArmGNUToolchain/14.2.rel1/arm-none-eabi/bin/../lib/gcc/arm-none-eabi/14.2.1/../../../../arm-none-eabi/lib/thumb/v6-m/nofp/libg.a(libc_a-strtod.o)
                              /Applications/ArmGNUToolchain/14.2.rel1/arm-none-eabi/bin/../lib/gcc/arm-none-eabi/14.2.1/../../../../arm-none-eabi/lib/thumb/v6-m/nofp/libg.a(libc_a-atof.o) (strtod)
/Applications/ArmGNUToolchain/14.2.rel1/arm-none-eabi/bin/../lib/gcc/arm-none-eabi/14.2.1/../../../../arm-none-eabi/lib/thumb/v6-m/nofp/libg.a(libc_a-memcmp.o)
                              CMakeFiles/P3.dir/Users/nekrutnikolai/git/pico-sdk/src/rp2_common/pico_atomic/atomic.c.o (memcmp)
/Applications/ArmGNUToolchain/14.2.rel1/arm-none-eabi/bin/../lib/gcc/arm-none-eabi/14.2.1/../../../../arm-none-eabi/lib/thumb/v6-m/nofp/libg.a(libc_a-memmove.o)
                              CMakeFiles/P3.dir/Users/nekrutnikolai/git/pico-sdk/lib/cyw43-driver/src/cyw43_ll.c.o (memmove)
/Applications/ArmGNUToolchain/14.2.rel1/arm-none-eabi/bin/../lib/gcc/arm-none-eabi/14.2.1/../../../../arm-none-eabi/lib/thumb/v6-m/nofp/libg.a(libc_a-strncmp.o)
[...]
Memory Configuration

Name             Origin             Length             Attributes
FLASH            0x10000000         0x00200000         xr
RAM              0x20000000         0x00040000         xrw
SCRATCH_X        0x20040000         0x00001000         xrw
SCRATCH_Y        0x20041000         0x00001000         xrw
*default*        0x00000000         0xffffffff

Linker script and memory map

LOAD /Applications/ArmGNUToolchain/14.2.rel1/arm-none-eabi/bin/../lib/gcc/arm-none-eabi/14.2.1/thumb/v6-m/nofp/crti.o
LOAD /Applications/ArmGNUToolchain/14.2.rel1/arm-none-eabi/bin/../lib/gcc/arm-none-eabi/14.2.1/thumb/v6-m/nofp/crtbegin.o
LOAD /Applications/ArmGNUToolchain/14.2.rel1/arm-none-eabi/bin/../lib/gcc/arm-none-eabi/14.2.1/../../../../arm-none-eabi/lib/thumb/v6-m/nofp/crt0.o

.flash_begin    0x10000000        0x0
                0x10000000                        __flash_binary_start = .

.boot2          0x10000000      0x100
                0x10000000                        __boot2_start__ = .
 *(.boot2)
 .boot2         0x10000000      0x100 pico-sdk/src/rp2040/boot_stage2/CMakeFiles/bs2_default_library.dir/bs2_default_padded_checksummed.S.o
                0x10000100                        __boot2_end__ = .
                0x00000001                        ASSERT (((__boot2_end__ - __boot2_start__) == 0x100), ERROR: Pico second stage bootloader must be 256 bytes in size)

.text           0x10000100     0xc9ec
                0x10000100                        __logical_binary_start = .
 *(.vectors)
 .vectors       0x10000100       0xd4 CMakeFiles/P3.dir/Users/nekrutnikolai/git/pico-sdk/src/rp2_common/pico_crt0/crt0.S.o
                0x10000100                __VECTOR_TABLE
                0x10000100                __vectors
                0x100001c0                __default_isrs_start
                0x100001c0                isr_invalid
                0x100001c2                isr_nmi
                0x100001c4                isr_hardfault
                0x100001c6                isr_svcall
                0x100001c8                isr_pendsv
                0x100001ca                isr_systick
                0x100001cc                isr_irq28
                0x100001cc                isr_irq19
                0x100001cc                isr_irq0
                0x100001cc                isr_irq6
                0x100001cc                isr_irq22
                0x100001cc                isr_irq17
                0x100001cc                isr_irq14
                0x100001cc                isr_irq2
                0x100001cc                isr_irq10
                0x100001cc                isr_irq8
                0x100001cc                isr_irq24
                0x100001cc                isr_irq1
                0x100001cc                isr_irq7
                0x100001cc                isr_irq21
                0x100001cc                isr_irq20
                0x100001cc                isr_irq15
                0x100001cc                isr_irq25
                0x100001cc                isr_irq4
                0x100001cc                isr_irq16
                0x100001cc                isr_irq29
                0x100001cc                isr_irq26
                0x100001cc                __default_isrs_end
                0x100001cc                isr_irq3
                0x100001cc                isr_irq9
                0x100001cc                __unhandled_user_irq
                0x100001cc                isr_irq13
                0x100001cc                isr_irq27
                0x100001cc                isr_irq31
                0x100001cc                isr_irq5
                0x100001cc                isr_irq11
                0x100001cc                isr_irq23
                0x100001cc                isr_irq18
                0x100001cc                isr_irq30
                0x100001cc                isr_irq12
                0x100001d2                unhandled_user_irq_num_in_r0
 *(.binary_info_header)
 .binary_info_header
                0x100001d4       0x14 CMakeFiles/P3.dir/Users/nekrutnikolai/git/pico-sdk/src/rp2_common/pico_crt0/crt0.S.o
                0x100001e8                        __binary_info_header_end = .
 *(.embedded_block)
                0x100001e8                        __embedded_block_end = .
 *(.reset)
 .reset         0x100001e8       0x9c CMakeFiles/P3.dir/Users/nekrutnikolai/git/pico-sdk/src/rp2_common/pico_crt0/crt0.S.o
                0x100001e8                _entry_point
 *(.init)
 .init          0x10000284        0x4 /Applications/ArmGNUToolchain/14.2.rel1/arm-none-eabi/bin/../lib/gcc/arm-none-eabi/14.2.1/thumb/v6-m/nofp/crti.o
                0x10000284                _init
 *(EXCLUDE_FILE(*libm.a: *libc.a:*lib_a-mem*.o *libgcc.a:) .text*)
 .text.register_tm_clones
                0x10000288       0x28 /Applications/ArmGNUToolchain/14.2.rel1/arm-none-eabi/bin/../lib/gcc/arm-none-eabi/14.2.1/thumb/v6-m/nofp/crtbegin.o
 .text.frame_dummy
                0x100002b0       0x24 /Applications/ArmGNUToolchain/14.2.rel1/arm-none-eabi/bin/../lib/gcc/arm-none-eabi/14.2.1/thumb/v6-m/nofp/crtbegin.o
 .text.PD_handler
                0x100002d4       0xec CMakeFiles/P3.dir/P3.c.o
                0x100002d4                PD_handler
 .text.uart0_setup
                0x100003c0       0x54 CMakeFiles/P3.dir/P3.c.o
                0x100003c0                uart0_setup
 .text.startup.main
                0x10000414      0x384 CMakeFiles/P3.dir/P3.c.o
                0x10000414                main
 .text.mpu9250_setup
                0x10000798       0x88 CMakeFiles/P3.dir/Users/nekrutnikolai/git/RotorRascal/software/lib/MPU9250/mpu9250.c.o
                0x10000798                mpu9250_setup
 .text.mpu9250_update
                0x10000820      0x224 CMakeFiles/P3.dir/Users/nekrutnikolai/git/RotorRascal/software/lib/MPU9250/mpu9250.c.o
                0x10000820                mpu9250_update
 .text.gyro_cal
                0x10000a44       0xac CMakeFiles/P3.dir/Users/nekrutnikolai/git/RotorRascal/software/lib/MPU9250/mpu9250.c.o
                0x10000a44                gyro_cal
 .text.acc_cal  0x10000af0       0xd0 CMakeFiles/P3.dir/Users/nekrutnikolai/git/RotorRascal/software/lib/MPU9250/mpu9250.c.o
                0x10000af0                acc_cal
 .text.esc_setup
                0x10000bc0      0x158 CMakeFiles/P3.dir/Users/nekrutnikolai/git/RotorRascal/software/lib/ESC/esc.c.o
                0x10000bc0                esc_setup
 .text.cali_motor
                0x10000d18      0x340 CMakeFiles/P3.dir/Users/nekrutnikolai/git/RotorRascal/software/lib/ESC/esc.c.o
                0x10000d18                cali_motor
 .text.arm_motor
                0x10001058       0x5c CMakeFiles/P3.dir/Users/nekrutnikolai/git/RotorRascal/software/lib/ESC/esc.c.o
                0x10001058                arm_motor
 .text.motor_control
                0x100010b4       0xe4 CMakeFiles/P3.dir/Users/nekrutnikolai/git/RotorRascal/software/lib/ESC/esc.c.o
                0x100010b4                motor_control
 .text.leaky_init
                0x10001198        0xc CMakeFiles/P3.dir/Users/nekrutnikolai/git/RotorRascal/software/lib/Filter/leaky_LP.c.o
                0x10001198                leaky_init
 .text.leaky_update
                0x100011a4       0x90 CMakeFiles/P3.dir/Users/nekrutnikolai/git/RotorRascal/software/lib/Filter/leaky_LP.c.o
                0x100011a4                leaky_update
 .text.radio_irq_handler
                0x10001234      0x108 CMakeFiles/P3.dir/Users/nekrutnikolai/git/RotorRascal/software/lib/Radio/radio.c.o
                0x10001234                radio_irq_handler
 .text.radio_setup
                0x1000133c       0x8c CMakeFiles/P3.dir/Users/nekrutnikolai/git/RotorRascal/software/lib/Radio/radio.c.o
                0x1000133c                radio_setup
 .text.get_state_saturate
                0x100013c8       0xb8 CMakeFiles/P3.dir/Users/nekrutnikolai/git/RotorRascal/software/lib/Control/controller.c.o
                0x100013c8                get_state_saturate
 .text.init_controller
                0x10001480       0x2c CMakeFiles/P3.dir/Users/nekrutnikolai/git/RotorRascal/software/lib/Control/controller.c.o
                0x10001480                init_controller
 .text.saturate_control
                0x100014ac       0xc0 CMakeFiles/P3.dir/Users/nekrutnikolai/git/RotorRascal/software/lib/Control/controller.c.o
                0x100014ac                saturate_control
 .text.update_u
                0x1000156c      0x198 CMakeFiles/P3.dir/Users/nekrutnikolai/git/RotorRascal/software/lib/Control/controller.c.o
                0x1000156c                update_u
 .text.update_controller
                0x10001704      0x120 CMakeFiles/P3.dir/Users/nekrutnikolai/git/RotorRascal/software/lib/Control/controller.c.o
                0x10001704                update_controller
 .text.gpio_set_function
                0x10001824       0x34 CMakeFiles/P3.dir/Users/nekrutnikolai/git/pico-sdk/src/rp2_common/hardware_gpio/gpio.c.o
                0x10001824                gpio_set_function
 .text.gpio_set_pulls
                0x10001858       0x28 CMakeFiles/P3.dir/Users/nekrutnikolai/git/pico-sdk/src/rp2_common/hardware_gpio/gpio.c.o
                0x10001858                gpio_set_pulls
 .text.gpio_set_input_hysteresis_enabled
                0x10001880       0x28 CMakeFiles/P3.dir/Users/nekrutnikolai/git/pico-sdk/src/rp2_common/hardware_gpio/gpio.c.o
                0x10001880                gpio_set_input_hysteresis_enabled
 .text.gpio_set_irq_enabled
                0x100018a8       0x58 CMakeFiles/P3.dir/Users/nekrutnikolai/git/pico-sdk/src/rp2_common/hardware_gpio/gpio.c.o
                0x100018a8                gpio_set_irq_enabled
 .text.gpio_add_raw_irq_handler_with_order_priority_masked
                0x10001900       0x44 CMakeFiles/P3.dir/Users/nekrutnikolai/git/pico-sdk/src/rp2_common/hardware_gpio/gpio.c.o
                0x10001900                gpio_add_raw_irq_handler_with_order_priority_masked
 .text.gpio_remove_raw_irq_handler_masked
                0x10001944       0x20 CMakeFiles/P3.dir/Users/nekrutnikolai/git/pico-sdk/src/rp2_common/hardware_gpio/gpio.c.o
                0x10001944                gpio_remove_raw_irq_handler_masked
 .text.gpio_init
                0x10001964       0x40 CMakeFiles/P3.dir/Users/nekrutnikolai/git/pico-sdk/src/rp2_common/hardware_gpio/gpio.c.o
                0x10001964                gpio_init
 .text.panic    0x100019a4       0x30 CMakeFiles/P3.dir/Users/nekrutnikolai/git/pico-sdk/src/rp2_common/pico_platform_panic/panic.c.o
                0x100019a4                panic
 .text.hw_claim_lock
                0x100019d4       0x18 CMakeFiles/P3.dir/Users/nekrutnikolai/git/pico-sdk/src/common/hardware_claim/claim.c.o
                0x100019d4                hw_claim_lock
 .text.hw_claim_unlock
                0x100019ec       0x14 CMakeFiles/P3.dir/Users/nekrutnikolai/git/pico-sdk/src/common/hardware_claim/claim.c.o
                0x100019ec                hw_claim_unlock
 .text.hw_claim_or_assert
                0x10001a00       0x44 CMakeFiles/P3.dir/Users/nekrutnikolai/git/pico-sdk/src/common/hardware_claim/claim.c.o
                0x10001a00                hw_claim_or_assert
 .text.hw_claim_unused_from_range
                0x10001a44       0x88 CMakeFiles/P3.dir/Users/nekrutnikolai/git/pico-sdk/src/common/hardware_claim/claim.c.o
                0x10001a44                hw_claim_unused_from_range
 .text.hw_claim_clear
                0x10001acc       0x38 CMakeFiles/P3.dir/Users/nekrutnikolai/git/pico-sdk/src/common/hardware_claim/claim.c.o
                0x10001acc                hw_claim_clear
 .text.next_striped_spin_lock_num
                0x10001b04       0x18 CMakeFiles/P3.dir/Users/nekrutnikolai/git/pico-sdk/src/rp2_common/hardware_sync/sync.c.o
                0x10001b04                next_striped_spin_lock_num
 .text.spin_locks_reset
                0x10001b1c       0x1c CMakeFiles/P3.dir/Users/nekrutnikolai/git/pico-sdk/src/rp2_common/hardware_sync_spin_lock/sync_spin_lock.c.o
                0x10001b1c                spin_locks_reset
 .text.runtime_init_per_core_irq_priorities
                0x10001b38       0x24 CMakeFiles/P3.dir/Users/nekrutnikolai/git/pico-sdk/src/rp2_common/hardware_irq/irq.c.o
                0x10001b38                runtime_init_per_core_irq_priorities
 .text.irq_set_enabled
                0x10001b5c       0x24 CMakeFiles/P3.dir/Users/nekrutnikolai/git/pico-sdk/src/rp2_common/hardware_irq/irq.c.o
                0x10001b5c                irq_set_enabled
 .text.irq_set_pending
                0x10001b80       0x10 CMakeFiles/P3.dir/Users/nekrutnikolai/git/pico-sdk/src/rp2_common/hardware_irq/irq.c.o
                0x10001b80                irq_set_pending
 .text.irq_set_exclusive_handler
                0x10001b90       0x54 CMakeFiles/P3.dir/Users/nekrutnikolai/git/pico-sdk/src/rp2_common/hardware_irq/irq.c.o
                0x10001b90                irq_set_exclusive_handler
 .text.irq_add_shared_handler
                0x10001be4      0x1f4 CMakeFiles/P3.dir/Users/nekrutnikolai/git/pico-sdk/src/rp2_common/hardware_irq/irq.c.o
                0x10001be4                irq_add_shared_handler
 .text.irq_remove_handler
                0x10001dd8      0x1d4 CMakeFiles/P3.dir/Users/nekrutnikolai/git/pico-sdk/src/rp2_common/hardware_irq/irq.c.o
                0x10001dd8                irq_remove_handler
 .text.irq_set_priority
                0x10001fac       0x28 CMakeFiles/P3.dir/Users/nekrutnikolai/git/pico-sdk/src/rp2_common/hardware_irq/irq.c.o
                0x10001fac                irq_set_priority
 .text.irq_add_tail_to_free_list
                0x10001fd4       0xb4 CMakeFiles/P3.dir/Users/nekrutnikolai/git/pico-sdk/src/rp2_common/hardware_irq/irq.c.o
                0x10001fd4                irq_add_tail_to_free_list
 .text.user_irq_unclaim
                0x10002088       0x14 CMakeFiles/P3.dir/Users/nekrutnikolai/git/pico-sdk/src/rp2_common/hardware_irq/irq.c.o
                0x10002088                user_irq_unclaim
 .text.user_irq_claim_unused
                0x1000209c       0x2c CMakeFiles/P3.dir/Users/nekrutnikolai/git/pico-sdk/src/rp2_common/hardware_irq/irq.c.o
                0x1000209c                user_irq_claim_unused
 .text.sem_init
                0x100020c8       0x20 CMakeFiles/P3.dir/Users/nekrutnikolai/git/pico-sdk/src/common/pico_sync/sem.c.o
                0x100020c8                sem_init
 .text.lock_init
                0x100020e8       0x10 CMakeFiles/P3.dir/Users/nekrutnikolai/git/pico-sdk/src/common/pico_sync/lock_core.c.o
                0x100020e8                lock_init
 .text.runtime_init_mutex
                0x100020f8       0x50 CMakeFiles/P3.dir/Users/nekrutnikolai/git/pico-sdk/src/common/pico_sync/mutex.c.o
                0x100020f8                runtime_init_mutex
 .text.recursive_mutex_init
                0x10002148       0x1c CMakeFiles/P3.dir/Users/nekrutnikolai/git/pico-sdk/src/common/pico_sync/mutex.c.o
                0x10002148                recursive_mutex_init
 .text.sleep_until_callback
                0x10002164       0x30 CMakeFiles/P3.dir/Users/nekrutnikolai/git/pico-sdk/src/common/pico_time/time.c.o
 .text.alarm_pool_irq_handler
                0x10002194      0x300 CMakeFiles/P3.dir/Users/nekrutnikolai/git/pico-sdk/src/common/pico_time/time.c.o
 .text.runtime_init_default_alarm_pool
                0x10002494       0xdc CMakeFiles/P3.dir/Users/nekrutnikolai/git/pico-sdk/src/common/pico_time/time.c.o
                0x10002494                runtime_init_default_alarm_pool
 .text.alarm_pool_get_default
                0x10002570        0x8 CMakeFiles/P3.dir/Users/nekrutnikolai/git/pico-sdk/src/common/pico_time/time.c.o
                0x10002570                alarm_pool_get_default
 .text.alarm_pool_add_alarm_at
                0x10002578       0xd0 CMakeFiles/P3.dir/Users/nekrutnikolai/git/pico-sdk/src/common/pico_time/time.c.o
                0x10002578                alarm_pool_add_alarm_at
 .text.alarm_pool_add_alarm_at_force_in_context
                0x10002648       0xb0 CMakeFiles/P3.dir/Users/nekrutnikolai/git/pico-sdk/src/common/pico_time/time.c.o
                0x10002648                alarm_pool_add_alarm_at_force_in_context
 .text.alarm_pool_cancel_alarm
                0x100026f8       0x74 CMakeFiles/P3.dir/Users/nekrutnikolai/git/pico-sdk/src/common/pico_time/time.c.o
                0x100026f8                alarm_pool_cancel_alarm
 .text.sleep_until
                0x1000276c       0xd0 CMakeFiles/P3.dir/Users/nekrutnikolai/git/pico-sdk/src/common/pico_time/time.c.o
                0x1000276c                sleep_until
 .text.sleep_us
                0x1000283c       0xec CMakeFiles/P3.dir/Users/nekrutnikolai/git/pico-sdk/src/common/pico_time/time.c.o
                0x1000283c                sleep_us
 .text.sleep_ms
                0x10002928       0xfc CMakeFiles/P3.dir/Users/nekrutnikolai/git/pico-sdk/src/common/pico_time/time.c.o
                0x10002928                sleep_ms
 .text.best_effort_wfe_or_timeout
                0x10002a24      0x10c CMakeFiles/P3.dir/Users/nekrutnikolai/git/pico-sdk/src/common/pico_time/time.c.o
                0x10002a24                best_effort_wfe_or_timeout
 .text.timer_hardware_alarm_claim
                0x10002b30       0x14 CMakeFiles/P3.dir/Users/nekrutnikolai/git/pico-sdk/src/rp2_common/hardware_timer/timer.c.o
                0x10002b30                timer_hardware_alarm_claim
 .text.timer_time_us_64
                0x10002b44       0x10 CMakeFiles/P3.dir/Users/nekrutnikolai/git/pico-sdk/src/rp2_common/hardware_timer/timer.c.o
                0x10002b44                timer_time_us_64
 .text.time_us_64
                0x10002b54       0x14 CMakeFiles/P3.dir/Users/nekrutnikolai/git/pico-sdk/src/rp2_common/hardware_timer/timer.c.o
                0x10002b54                time_us_64
 .text.busy_wait_us
                0x10002b68       0x68 CMakeFiles/P3.dir/Users/nekrutnikolai/git/pico-sdk/src/rp2_common/hardware_timer/timer.c.o
                0x10002b68                busy_wait_us
 .text.busy_wait_until
                0x10002bd0       0x20 CMakeFiles/P3.dir/Users/nekrutnikolai/git/pico-sdk/src/rp2_common/hardware_timer/timer.c.o
                0x10002bd0                busy_wait_until
 .text.uart_init
                0x10002bf0      0x120 CMakeFiles/P3.dir/Users/nekrutnikolai/git/pico-sdk/src/rp2_common/hardware_uart/uart.c.o
                0x10002bf0                uart_init
 .text.uart_set_baudrate
                0x10002d10       0xb4 CMakeFiles/P3.dir/Users/nekrutnikolai/git/pico-sdk/src/rp2_common/hardware_uart/uart.c.o
                0x10002d10                uart_set_baudrate
 .text.uart_set_format
                0x10002dc4       0x78 CMakeFiles/P3.dir/Users/nekrutnikolai/git/pico-sdk/src/rp2_common/hardware_uart/uart.c.o
                0x10002dc4                uart_set_format
 .text.uart_set_fifo_enabled
                0x10002e3c       0x5c CMakeFiles/P3.dir/Users/nekrutnikolai/git/pico-sdk/src/rp2_common/hardware_uart/uart.c.o
                0x10002e3c                uart_set_fifo_enabled
 .text.clock_configure_int_divider
                0x10002e98       0xf4 CMakeFiles/P3.dir/Users/nekrutnikolai/git/pico-sdk/src/rp2_common/hardware_clocks/clocks.c.o
                0x10002e98                clock_configure_int_divider
 .text.clock_configure_undivided
                0x10002f8c       0xe8 CMakeFiles/P3.dir/Users/nekrutnikolai/git/pico-sdk/src/rp2_common/hardware_clocks/clocks.c.o
                0x10002f8c                clock_configure_undivided
 .text.clock_get_hz
                0x10003074        0xc CMakeFiles/P3.dir/Users/nekrutnikolai/git/pico-sdk/src/rp2_common/hardware_clocks/clocks.c.o
                0x10003074                clock_get_hz
 .text.pll_init
                0x10003080       0xa4 CMakeFiles/P3.dir/Users/nekrutnikolai/git/pico-sdk/src/rp2_common/hardware_pll/pll.c.o
                0x10003080                pll_init
 .text.tick_start
                0x10003124       0x10 CMakeFiles/P3.dir/Users/nekrutnikolai/git/pico-sdk/src/rp2_common/hardware_ticks/ticks.c.o
                0x10003124                tick_start
 .text.rom_func_lookup
                0x10003134       0x10 CMakeFiles/P3.dir/Users/nekrutnikolai/git/pico-sdk/src/rp2_common/pico_bootrom/bootrom.c.o
                0x10003134                rom_func_lookup
 .text.rom_data_lookup
                0x10003144       0x10 CMakeFiles/P3.dir/Users/nekrutnikolai/git/pico-sdk/src/rp2_common/pico_bootrom/bootrom.c.o
                0x10003144                rom_data_lookup
 .text.rom_funcs_lookup
                0x10003154       0x44 CMakeFiles/P3.dir/Users/nekrutnikolai/git/pico-sdk/src/rp2_common/pico_bootrom/bootrom.c.o
                0x10003154                rom_funcs_lookup
 .text.xosc_init
                0x10003198       0x28 CMakeFiles/P3.dir/Users/nekrutnikolai/git/pico-sdk/src/rp2_common/hardware_xosc/xosc.c.o
                0x10003198                xosc_init
 .text.first_per_core_initializer
                0x100031c0        0x4 CMakeFiles/P3.dir/Users/nekrutnikolai/git/pico-sdk/src/rp2_common/pico_runtime/runtime.c.o
 .text.hard_assertion_failure
                0x100031c4        0xc CMakeFiles/P3.dir/Users/nekrutnikolai/git/pico-sdk/src/rp2_common/pico_runtime/runtime.c.o
                0x100031c4                hard_assertion_failure
 .text.runtime_run_initializers
                0x100031d0       0x28 CMakeFiles/P3.dir/Users/nekrutnikolai/git/pico-sdk/src/rp2_common/pico_runtime/runtime.c.o
                0x100031d0                runtime_run_initializers
 .text.runtime_init_early_resets
                0x100031f8       0x2c CMakeFiles/P3.dir/Users/nekrutnikolai/git/pico-sdk/src/rp2_common/pico_runtime_init/runtime_init.c.o
                0x100031f8                runtime_init_early_resets
 .text.runtime_init_usb_power_down
                0x10003224       0x1c CMakeFiles/P3.dir/Users/nekrutnikolai/git/pico-sdk/src/rp2_common/pico_runtime_init/runtime_init.c.o
                0x10003224                runtime_init_usb_power_down
 .text.runtime_init_post_clock_resets
                0x10003240       0x20 CMakeFiles/P3.dir/Users/nekrutnikolai/git/pico-sdk/src/rp2_common/pico_runtime_init/runtime_init.c.o
                0x10003240                runtime_init_post_clock_resets
 .text.runtime_init_rp2040_gpio_ie_disable
                0x10003260       0x14 CMakeFiles/P3.dir/Users/nekrutnikolai/git/pico-sdk/src/rp2_common/pico_runtime_init/runtime_init.c.o
                0x10003260                runtime_init_rp2040_gpio_ie_disable
 .text.runtime_init_spin_locks_reset
                0x10003274        0x8 CMakeFiles/P3.dir/Users/nekrutnikolai/git/pico-sdk/src/rp2_common/pico_runtime_init/runtime_init.c.o
                0x10003274                runtime_init_spin_locks_reset
 .text.runtime_init_install_ram_vector_table
                0x1000327c       0x1c CMakeFiles/P3.dir/Users/nekrutnikolai/git/pico-sdk/src/rp2_common/pico_runtime_init/runtime_init.c.o
                0x1000327c                runtime_init_install_ram_vector_table
 .text.runtime_init_clocks
                0x10003298       0xd8 CMakeFiles/P3.dir/Users/nekrutnikolai/git/pico-sdk/src/rp2_common/pico_runtime_init/runtime_init_clocks.c.o
                0x10003298                runtime_init_clocks
 .text          0x10003370       0x10 CMakeFiles/P3.dir/Users/nekrutnikolai/git/pico-sdk/src/rp2_common/pico_bit_ops/bit_ops_aeabi.S.o
 .text.ctzsi    0x10003380        0xc CMakeFiles/P3.dir/Users/nekrutnikolai/git/pico-sdk/src/rp2_common/pico_bit_ops/bit_ops_aeabi.S.o
                0x10003380                __wrap___ctzsi2
 .text.__wrap___aeabi_idiv
                0x1000338c       0x50 CMakeFiles/P3.dir/Users/nekrutnikolai/git/pico-sdk/src/rp2_common/pico_divider/divider_hardware.S.o
                0x1000338c                __wrap___aeabi_idivmod
                0x1000338c                divmod_s32s32
                0x1000338c                div_s32s32
                0x1000338c                __wrap___aeabi_idiv
                0x10003394                divmod_s32s32_unsafe
                0x100033c0                divmod_s32s32_savestate
 .text.__wrap___aeabi_uidiv
                0x100033dc       0x4c CMakeFiles/P3.dir/Users/nekrutnikolai/git/pico-sdk/src/rp2_common/pico_divider/divider_hardware.S.o
                0x100033dc                __wrap___aeabi_uidiv
                0x100033dc                __wrap___aeabi_uidivmod
                0x100033dc                div_u32u32
                0x100033dc                divmod_u32u32
                0x100033e4                divmod_u32u32_unsafe
                0x1000340c                divmod_u32u32_savestate
 .text.__wrap___aeabi_ldiv
                0x10003428      0x424 CMakeFiles/P3.dir/Users/nekrutnikolai/git/pico-sdk/src/rp2_common/pico_divider/divider_hardware.S.o
                0x10003428                __wrap___aeabi_ldivmod
                0x10003428                div_s64s64
                0x10003428                divmod_s64s64
                0x10003458                divmod_u64u64
                0x10003458                div_u64u64
                0x10003458                __wrap___aeabi_uldivmod
                0x10003468                divmod_u64u64_savestate
                0x10003488                divmod_s64s64_unsafe
                0x10003510                divmod_u64u64_unsafe
 .text.__wrap___aeabi_darithmetic
                0x1000384c       0x60 CMakeFiles/P3.dir/Users/nekrutnikolai/git/pico-sdk/src/rp2_common/pico_double/double_aeabi_rp2040.S.o
                0x1000384c                __wrap___aeabi_drsub
                0x10003852                __wrap___aeabi_dsub
                0x1000385c                __wrap___aeabi_dadd
                0x10003866                __wrap___aeabi_ddiv
                0x1000389a                __wrap___aeabi_dmul
 .text.__wrap___aeabi_cdcmple
                0x100038ac       0x6c CMakeFiles/P3.dir/Users/nekrutnikolai/git/pico-sdk/src/rp2_common/pico_double/double_aeabi_rp2040.S.o
                0x100038ac                __wrap___aeabi_cdrcmple
                0x100038bc                __wrap___aeabi_cdcmple
                0x100038bc                __wrap___aeabi_cdcmpeq
 .text.__wrap___aeabi_dcmpeq
                0x10003918       0x10 CMakeFiles/P3.dir/Users/nekrutnikolai/git/pico-sdk/src/rp2_common/pico_double/double_aeabi_rp2040.S.o
                0x10003918                __wrap___aeabi_dcmpeq
 .text.__wrap___aeabi_dcmplt
                0x10003928        0xc CMakeFiles/P3.dir/Users/nekrutnikolai/git/pico-sdk/src/rp2_common/pico_double/double_aeabi_rp2040.S.o
                0x10003928                __wrap___aeabi_dcmplt
 .text.__wrap___aeabi_dcmple
                0x10003934       0x10 CMakeFiles/P3.dir/Users/nekrutnikolai/git/pico-sdk/src/rp2_common/pico_double/double_aeabi_rp2040.S.o
                0x10003934                __wrap___aeabi_dcmple
 .text.__wrap___aeabi_dcmpge
                0x10003944       0x10 CMakeFiles/P3.dir/Users/nekrutnikolai/git/pico-sdk/src/rp2_common/pico_double/double_aeabi_rp2040.S.o
                0x10003944                __wrap___aeabi_dcmpge
 .text.__wrap___aeabi_dcmpgt
                0x10003954        0xa CMakeFiles/P3.dir/Users/nekrutnikolai/git/pico-sdk/src/rp2_common/pico_double/double_aeabi_rp2040.S.o
                0x10003954                __wrap___aeabi_dcmpgt
 .text.__wrap___aeabi_dcmpun
                0x1000395e       0x18 CMakeFiles/P3.dir/Users/nekrutnikolai/git/pico-sdk/src/rp2_common/pico_double/double_aeabi_rp2040.S.o
                0x1000395e                __wrap___aeabi_dcmpun
 *fill*         0x10003976        0x2 
 .text.__wrap___aeabi_i2d
                0x10003978       0x38 CMakeFiles/P3.dir/Users/nekrutnikolai/git/pico-sdk/src/rp2_common/pico_double/double_aeabi_rp2040.S.o
                0x10003978                __wrap___aeabi_ui2d
                0x10003978                uint2double
                0x10003980                __wrap___aeabi_i2d
                0x10003980                int2double
 .text.__wrap___aeabi_d2iz
                0x100039b0       0x48 CMakeFiles/P3.dir/Users/nekrutnikolai/git/pico-sdk/src/rp2_common/pico_double/double_aeabi_rp2040.S.o
                0x100039b0                __wrap___aeabi_d2iz
                0x100039b0                double2int_z
 .text.__wrap___aeabi_d2uiz
                0x100039f8       0x10 CMakeFiles/P3.dir/Users/nekrutnikolai/git/pico-sdk/src/rp2_common/pico_double/double_aeabi_rp2040.S.o
                0x100039f8                double2uint_z
                0x100039f8                double2uint
                0x100039f8                __wrap___aeabi_d2uiz
 .text.__wrap___aeabi_l2d
                0x10003a08       0x10 CMakeFiles/P3.dir/Users/nekrutnikolai/git/pico-sdk/src/rp2_common/pico_double/double_aeabi_rp2040.S.o
                0x10003a08                __wrap___aeabi_l2d
                0x10003a08                int642double
 .text.__wrap___aeabi_d2lz
                0x10003a18       0x26 CMakeFiles/P3.dir/Users/nekrutnikolai/git/pico-sdk/src/rp2_common/pico_double/double_aeabi_rp2040.S.o
                0x10003a18                __wrap___aeabi_d2lz
                0x10003a18                double2int64_z
 *fill*         0x10003a3e        0x2 
 .text.double2int64
                0x10003a40       0x10 CMakeFiles/P3.dir/Users/nekrutnikolai/git/pico-sdk/src/rp2_common/pico_double/double_aeabi_rp2040.S.o
                0x10003a40                double2int64
 .text.double2ufix64
                0x10003a50       0x10 CMakeFiles/P3.dir/Users/nekrutnikolai/git/pico-sdk/src/rp2_common/pico_double/double_aeabi_rp2040.S.o
                0x10003a50                double2ufix64
                0x10003a50                double2ufix64_z
 .text.__wrap___aeabi_d2f
                0x10003a60       0x10 CMakeFiles/P3.dir/Users/nekrutnikolai/git/pico-sdk/src/rp2_common/pico_double/double_aeabi_rp2040.S.o
                0x10003a60                __wrap___aeabi_d2f
 .text.missing_double_func_shim
                0x10003a70        0xc CMakeFiles/P3.dir/Users/nekrutnikolai/git/pico-sdk/src/rp2_common/pico_double/double_init_rom_rp2040.c.o
 .text.__aeabi_double_init
                0x10003a7c       0xa0 CMakeFiles/P3.dir/Users/nekrutnikolai/git/pico-sdk/src/rp2_common/pico_double/double_init_rom_rp2040.c.o
                0x10003a7c                __aeabi_double_init
 .text.double_table_shim_on_use_helper
                0x10003b1c       0x2c CMakeFiles/P3.dir/Users/nekrutnikolai/git/pico-sdk/src/rp2_common/pico_double/double_v1_rom_shim_rp2040.S.o
                0x10003b1c                double_table_shim_on_use_helper
 .text.__aeabi_lmul
                0x10003b48       0x32 CMakeFiles/P3.dir/Users/nekrutnikolai/git/pico-sdk/src/rp2_common/pico_int64_ops/pico_int64_ops_aeabi.S.o
                0x10003b48                __wrap___aeabi_lmul
 *fill*         0x10003b7a        0x2 
 .text.__wrap___aeabi_farithmetic
                0x10003b7c       0x48 CMakeFiles/P3.dir/Users/nekrutnikolai/git/pico-sdk/src/rp2_common/pico_float/float_aeabi_rp2040.S.o
                0x10003b7c                __wrap___aeabi_frsub
                0x10003b82                __wrap___aeabi_fsub
                0x10003b88                __wrap___aeabi_fadd
                0x10003b8e                __wrap___aeabi_fdiv
                0x10003bb6                __wrap___aeabi_fmul
 .text.__wrap___aeabi_cfcmple
                0x10003bc4       0x50 CMakeFiles/P3.dir/Users/nekrutnikolai/git/pico-sdk/src/rp2_common/pico_float/float_aeabi_rp2040.S.o
                0x10003bc4                __wrap___aeabi_cfrcmple
                0x10003bd0                __wrap___aeabi_cfcmpeq
                0x10003bd0                __wrap___aeabi_cfcmple
 .text.__wrap___aeabi_fcmpeq
                0x10003c14       0x10 CMakeFiles/P3.dir/Users/nekrutnikolai/git/pico-sdk/src/rp2_common/pico_float/float_aeabi_rp2040.S.o
                0x10003c14                __wrap___aeabi_fcmpeq
 .text.__wrap___aeabi_ui2f
                0x10003c24        0xa CMakeFiles/P3.dir/Users/nekrutnikolai/git/pico-sdk/src/rp2_common/pico_float/float_aeabi_rp2040.S.o
                0x10003c24                uint2float
                0x10003c24                __wrap___aeabi_ui2f
 *fill*         0x10003c2e        0x2 
 .text.__wrap___aeabi_i2f
                0x10003c30       0x44 CMakeFiles/P3.dir/Users/nekrutnikolai/git/pico-sdk/src/rp2_common/pico_float/float_aeabi_rp2040.S.o
                0x10003c30                int2float
                0x10003c30                __wrap___aeabi_i2f
 .text.__wrap___aeabi_f2uiz
                0x10003c74        0xc CMakeFiles/P3.dir/Users/nekrutnikolai/git/pico-sdk/src/rp2_common/pico_float/float_aeabi_rp2040.S.o
                0x10003c74                float2uint
                0x10003c74                float2uint_z
                0x10003c74                __wrap___aeabi_f2uiz
 .text.__wrap___aeabi_f2d
                0x10003c80        0xc CMakeFiles/P3.dir/Users/nekrutnikolai/git/pico-sdk/src/rp2_common/pico_float/float_aeabi_rp2040.S.o
                0x10003c80                __wrap___aeabi_f2d
 .text.__wrap_sqrtf
                0x10003c8c        0xc CMakeFiles/P3.dir/Users/nekrutnikolai/git/pico-sdk/src/rp2_common/pico_float/float_aeabi_rp2040.S.o
                0x10003c8c                __wrap_sqrtf
 .text.__wrap_atan2f
                0x10003c98        0xc CMakeFiles/P3.dir/Users/nekrutnikolai/git/pico-sdk/src/rp2_common/pico_float/float_aeabi_rp2040.S.o
                0x10003c98                __wrap_atan2f
 .text.missing_float_func_shim
                0x10003ca4        0xc CMakeFiles/P3.dir/Users/nekrutnikolai/git/pico-sdk/src/rp2_common/pico_float/float_init_rom_rp2040.c.o
 .text.__aeabi_float_init
                0x10003cb0       0x5c CMakeFiles/P3.dir/Users/nekrutnikolai/git/pico-sdk/src/rp2_common/pico_float/float_init_rom_rp2040.c.o
                0x10003cb0                __aeabi_float_init
 .text          0x10003d0c       0x10 CMakeFiles/P3.dir/Users/nekrutnikolai/git/pico-sdk/src/rp2_common/pico_mem_ops/mem_ops_aeabi.S.o
                0x10003d0c                __aeabi_mem_init
 .text.memset   0x10003d1c        0xc CMakeFiles/P3.dir/Users/nekrutnikolai/git/pico-sdk/src/rp2_common/pico_mem_ops/mem_ops_aeabi.S.o
                0x10003d1c                __wrap_memset
 .text.memcpy   0x10003d28        0xc CMakeFiles/P3.dir/Users/nekrutnikolai/git/pico-sdk/src/rp2_common/pico_mem_ops/mem_ops_aeabi.S.o
                0x10003d28                __wrap___aeabi_memcpy
                0x10003d28                __wrap_memcpy
 .text._out_null
                0x10003d34        0x4 CMakeFiles/P3.dir/Users/nekrutnikolai/git/pico-sdk/src/rp2_common/pico_printf/printf.c.o
 .text._out_rev
                0x10003d38       0xac CMakeFiles/P3.dir/Users/nekrutnikolai/git/pico-sdk/src/rp2_common/pico_printf/printf.c.o
 .text._ntoa_format
                0x10003de4      0x1cc CMakeFiles/P3.dir/Users/nekrutnikolai/git/pico-sdk/src/rp2_common/pico_printf/printf.c.o
 .text._out_char
                0x10003fb0       0x10 CMakeFiles/P3.dir/Users/nekrutnikolai/git/pico-sdk/src/rp2_common/pico_printf/printf.c.o
 .text._out_fct
                0x10003fc0       0x10 CMakeFiles/P3.dir/Users/nekrutnikolai/git/pico-sdk/src/rp2_common/pico_printf/printf.c.o
 .text._ftoa    0x10003fd0      0x4a8 CMakeFiles/P3.dir/Users/nekrutnikolai/git/pico-sdk/src/rp2_common/pico_printf/printf.c.o
 .text._etoa    0x10004478      0x57c CMakeFiles/P3.dir/Users/nekrutnikolai/git/pico-sdk/src/rp2_common/pico_printf/printf.c.o
 .text._vsnprintf
                0x100049f4      0xbe0 CMakeFiles/P3.dir/Users/nekrutnikolai/git/pico-sdk/src/rp2_common/pico_printf/printf.c.o
 .text.vfctprintf
                0x100055d4       0x24 CMakeFiles/P3.dir/Users/nekrutnikolai/git/pico-sdk/src/rp2_common/pico_printf/printf.c.o
                0x100055d4                vfctprintf
 .text.weak_raw_printf
                0x100055f8       0x40 CMakeFiles/P3.dir/Users/nekrutnikolai/git/pico-sdk/src/rp2_common/pico_printf/printf.c.o
                0x100055f8                weak_raw_printf
 .text.weak_raw_vprintf
                0x10005638       0x30 CMakeFiles/P3.dir/Users/nekrutnikolai/git/pico-sdk/src/rp2_common/pico_printf/printf.c.o
                0x10005638                weak_raw_vprintf
 .text._exit    0x10005668        0x4 CMakeFiles/P3.dir/Users/nekrutnikolai/git/pico-sdk/src/rp2_common/pico_clib_interface/newlib_interface.c.o
                0x10005668                _exit
 .text._sbrk    0x1000566c       0x34 CMakeFiles/P3.dir/Users/nekrutnikolai/git/pico-sdk/src/rp2_common/pico_clib_interface/newlib_interface.c.o
                0x1000566c                _sbrk
 .text.exit     0x100056a0        0x8 CMakeFiles/P3.dir/Users/nekrutnikolai/git/pico-sdk/src/rp2_common/pico_clib_interface/newlib_interface.c.o
                0x100056a0                exit
 .text.__assert_func
                0x100056a8       0x38 CMakeFiles/P3.dir/Users/nekrutnikolai/git/pico-sdk/src/rp2_common/pico_clib_interface/newlib_interface.c.o
                0x100056a8                __assert_func
 .text.runtime_init
                0x100056e0       0x2c CMakeFiles/P3.dir/Users/nekrutnikolai/git/pico-sdk/src/rp2_common/pico_clib_interface/newlib_interface.c.o
                0x100056e0                runtime_init
 .text.stdio_out_chars_no_crlf
                0x1000570c       0x10 CMakeFiles/P3.dir/Users/nekrutnikolai/git/pico-sdk/src/rp2_common/pico_stdio/stdio.c.o
 .text.stdio_out_chars_crlf
                0x1000571c       0xb0 CMakeFiles/P3.dir/Users/nekrutnikolai/git/pico-sdk/src/rp2_common/pico_stdio/stdio.c.o
 .text.stdio_buffered_printer
                0x100057cc       0x64 CMakeFiles/P3.dir/Users/nekrutnikolai/git/pico-sdk/src/rp2_common/pico_stdio/stdio.c.o
 .text.stdio_put_string
                0x10005830       0xfc CMakeFiles/P3.dir/Users/nekrutnikolai/git/pico-sdk/src/rp2_common/pico_stdio/stdio.c.o
                0x10005830                stdio_put_string
 .text.stdio_set_driver_enabled
                0x1000592c       0x30 CMakeFiles/P3.dir/Users/nekrutnikolai/git/pico-sdk/src/rp2_common/pico_stdio/stdio.c.o
                0x1000592c                stdio_set_driver_enabled
 .text.stdio_init_all
                0x1000595c        0xc CMakeFiles/P3.dir/Users/nekrutnikolai/git/pico-sdk/src/rp2_common/pico_stdio/stdio.c.o
                0x1000595c                stdio_init_all
 .text.__wrap_putchar
                0x10005968       0x94 CMakeFiles/P3.dir/Users/nekrutnikolai/git/pico-sdk/src/rp2_common/pico_stdio/stdio.c.o
                0x10005968                stdio_putchar
                0x10005968                __wrap_putchar
 .text.__wrap_puts
                0x100059fc       0x3c CMakeFiles/P3.dir/Users/nekrutnikolai/git/pico-sdk/src/rp2_common/pico_stdio/stdio.c.o
                0x100059fc                __wrap_puts
                0x100059fc                stdio_puts
 .text.__wrap_vprintf
                0x10005a38       0xcc CMakeFiles/P3.dir/Users/nekrutnikolai/git/pico-sdk/src/rp2_common/pico_stdio/stdio.c.o
                0x10005a38                __wrap_vprintf
                0x10005a38                stdio_vprintf
 .text.__wrap_printf
                0x10005b04       0x18 CMakeFiles/P3.dir/Users/nekrutnikolai/git/pico-sdk/src/rp2_common/pico_stdio/stdio.c.o
                0x10005b04                stdio_printf
                0x10005b04                __wrap_printf
 .text.stdio_uart_out_chars
                0x10005b1c       0x4c CMakeFiles/P3.dir/Users/nekrutnikolai/git/pico-sdk/src/rp2_common/pico_stdio_uart/stdio_uart.c.o
 .text.stdio_uart_in_chars
                0x10005b68       0x90 CMakeFiles/P3.dir/Users/nekrutnikolai/git/pico-sdk/src/rp2_common/pico_stdio_uart/stdio_uart.c.o
                0x10005b68                stdio_uart_in_chars
 .text.on_uart_rx
                0x10005bf8       0x28 CMakeFiles/P3.dir/Users/nekrutnikolai/git/pico-sdk/src/rp2_common/pico_stdio_uart/stdio_uart.c.o
 .text.stdio_uart_out_flush
                0x10005c20       0x14 CMakeFiles/P3.dir/Users/nekrutnikolai/git/pico-sdk/src/rp2_common/pico_stdio_uart/stdio_uart.c.o
 .text.stdio_uart_set_chars_available_callback
                0x10005c34       0x84 CMakeFiles/P3.dir/Users/nekrutnikolai/git/pico-sdk/src/rp2_common/pico_stdio_uart/stdio_uart.c.o
 .text.stdio_uart_init
                0x10005cb8       0x50 CMakeFiles/P3.dir/Users/nekrutnikolai/git/pico-sdk/src/rp2_common/pico_stdio_uart/stdio_uart.c.o
                0x10005cb8                stdio_uart_init
 .text.spi_init
                0x10005d08      0x13c CMakeFiles/P3.dir/Users/nekrutnikolai/git/pico-sdk/src/rp2_common/hardware_spi/spi.c.o
                0x10005d08                spi_init
 .text.cyw43_arch_set_async_context
                0x10005e44        0xc CMakeFiles/P3.dir/Users/nekrutnikolai/git/pico-sdk/src/rp2_common/pico_cyw43_arch/cyw43_arch.c.o
                0x10005e44                cyw43_arch_set_async_context
 .text.cyw43_arch_gpio_put
                0x10005e50       0x14 CMakeFiles/P3.dir/Users/nekrutnikolai/git/pico-sdk/src/rp2_common/pico_cyw43_arch/cyw43_arch.c.o
                0x10005e50                cyw43_arch_gpio_put
 .text.cyw43_arch_async_context
                0x10005e64        0xc CMakeFiles/P3.dir/Users/nekrutnikolai/git/pico-sdk/src/rp2_common/pico_cyw43_arch/cyw43_arch.c.o
                0x10005e64                cyw43_arch_async_context
 .text.cyw43_arch_init
                0x10005e70       0x64 CMakeFiles/P3.dir/Users/nekrutnikolai/git/pico-sdk/src/rp2_common/pico_cyw43_arch/cyw43_arch_threadsafe_background.c.o
                0x10005e70                cyw43_arch_init
 .text.startup._retrieve_unique_id_on_boot
                0x10005ed4       0x10 CMakeFiles/P3.dir/Users/nekrutnikolai/git/pico-sdk/src/rp2_common/pico_unique_id/unique_id.c.o
 .text.pico_get_unique_board_id
                0x10005ee4       0x10 CMakeFiles/P3.dir/Users/nekrutnikolai/git/pico-sdk/src/rp2_common/pico_unique_id/unique_id.c.o
                0x10005ee4                pico_get_unique_board_id
 .text.flash_get_unique_id
                0x10005ef4       0x3c CMakeFiles/P3.dir/Users/nekrutnikolai/git/pico-sdk/src/rp2_common/hardware_flash/flash.c.o
                0x10005ef4                flash_get_unique_id
 .text.ns_delay.constprop.0
                0x10005f30       0x20 CMakeFiles/P3.dir/Users/nekrutnikolai/git/pico-sdk/src/rp2_common/pico_cyw43_driver/cyw43_bus_pio_spi.c.o
 .text.cyw43_spi_deinit
                0x10005f50       0x6c CMakeFiles/P3.dir/Users/nekrutnikolai/git/pico-sdk/src/rp2_common/pico_cyw43_driver/cyw43_bus_pio_spi.c.o
                0x10005f50                cyw43_spi_deinit
 .text.cyw43_spi_init
                0x10005fbc      0x128 CMakeFiles/P3.dir/Users/nekrutnikolai/git/pico-sdk/src/rp2_common/pico_cyw43_driver/cyw43_bus_pio_spi.c.o
                0x10005fbc                cyw43_spi_init
 .text.cyw43_spi_transfer
                0x100060e4      0x448 CMakeFiles/P3.dir/Users/nekrutnikolai/git/pico-sdk/src/rp2_common/pico_cyw43_driver/cyw43_bus_pio_spi.c.o
                0x100060e4                cyw43_spi_transfer
 .text.cyw43_spi_gpio_setup
                0x1000652c       0x3c CMakeFiles/P3.dir/Users/nekrutnikolai/git/pico-sdk/src/rp2_common/pico_cyw43_driver/cyw43_bus_pio_spi.c.o
                0x1000652c                cyw43_spi_gpio_setup
 .text.cyw43_spi_reset
                0x10006568       0x28 CMakeFiles/P3.dir/Users/nekrutnikolai/git/pico-sdk/src/rp2_common/pico_cyw43_driver/cyw43_bus_pio_spi.c.o
                0x10006568                cyw43_spi_reset
 .text.read_reg_u32_swap
                0x10006590       0x44 CMakeFiles/P3.dir/Users/nekrutnikolai/git/pico-sdk/src/rp2_common/pico_cyw43_driver/cyw43_bus_pio_spi.c.o
                0x10006590                read_reg_u32_swap
 .text.cyw43_read_reg_u32
                0x100065d4       0x58 CMakeFiles/P3.dir/Users/nekrutnikolai/git/pico-sdk/src/rp2_common/pico_cyw43_driver/cyw43_bus_pio_spi.c.o
                0x100065d4                cyw43_read_reg_u32
 .text.cyw43_read_reg_u16
                0x1000662c       0x58 CMakeFiles/P3.dir/Users/nekrutnikolai/git/pico-sdk/src/rp2_common/pico_cyw43_driver/cyw43_bus_pio_spi.c.o
                0x1000662c                cyw43_read_reg_u16
 .text.cyw43_read_reg_u8
                0x10006684       0x58 CMakeFiles/P3.dir/Users/nekrutnikolai/git/pico-sdk/src/rp2_common/pico_cyw43_driver/cyw43_bus_pio_spi.c.o
                0x10006684                cyw43_read_reg_u8
 .text.write_reg_u32_swap
                0x100066dc      0x214 CMakeFiles/P3.dir/Users/nekrutnikolai/git/pico-sdk/src/rp2_common/pico_cyw43_driver/cyw43_bus_pio_spi.c.o
                0x100066dc                write_reg_u32_swap
 .text.cyw43_write_reg_u32
                0x100068f0      0x234 CMakeFiles/P3.dir/Users/nekrutnikolai/git/pico-sdk/src/rp2_common/pico_cyw43_driver/cyw43_bus_pio_spi.c.o
                0x100068f0                cyw43_write_reg_u32
 .text.cyw43_write_reg_u16
                0x10006b24      0x234 CMakeFiles/P3.dir/Users/nekrutnikolai/git/pico-sdk/src/rp2_common/pico_cyw43_driver/cyw43_bus_pio_spi.c.o
                0x10006b24                cyw43_write_reg_u16
 .text.cyw43_write_reg_u8
                0x10006d58      0x234 CMakeFiles/P3.dir/Users/nekrutnikolai/git/pico-sdk/src/rp2_common/pico_cyw43_driver/cyw43_bus_pio_spi.c.o
                0x10006d58                cyw43_write_reg_u8
 .text.cyw43_read_bytes
                0x10006f8c       0x78 CMakeFiles/P3.dir/Users/nekrutnikolai/git/pico-sdk/src/rp2_common/pico_cyw43_driver/cyw43_bus_pio_spi.c.o
                0x10006f8c                cyw43_read_bytes
 .text.cyw43_write_bytes
                0x10007004       0xd4 CMakeFiles/P3.dir/Users/nekrutnikolai/git/pico-sdk/src/rp2_common/pico_cyw43_driver/cyw43_bus_pio_spi.c.o
                0x10007004                cyw43_write_bytes
 .text.cyw43_set_backplane_window
                0x100070d8       0x68 CMakeFiles/P3.dir/Users/nekrutnikolai/git/pico-sdk/lib/cyw43-driver/src/cyw43_ll.c.o
 .text.cyw43_ll_parse_async_event
                0x10007140      0x138 CMakeFiles/P3.dir/Users/nekrutnikolai/git/pico-sdk/lib/cyw43-driver/src/cyw43_ll.c.o
 .text.cyw43_kso_set
                0x10007278       0x80 CMakeFiles/P3.dir/Users/nekrutnikolai/git/pico-sdk/lib/cyw43-driver/src/cyw43_ll.c.o
 .text.cyw43_ll_sdpcm_poll_device
                0x100072f8      0x238 CMakeFiles/P3.dir/Users/nekrutnikolai/git/pico-sdk/lib/cyw43-driver/src/cyw43_ll.c.o
 .text.cyw43_sdpcm_send_common
                0x10007530       0xfc CMakeFiles/P3.dir/Users/nekrutnikolai/git/pico-sdk/lib/cyw43-driver/src/cyw43_ll.c.o
 .text.cyw43_do_ioctl.part.0
                0x1000762c       0xc4 CMakeFiles/P3.dir/Users/nekrutnikolai/git/pico-sdk/lib/cyw43-driver/src/cyw43_ll.c.o
 .text.cyw43_write_iovar_u32.constprop.0
                0x100076f0       0x98 CMakeFiles/P3.dir/Users/nekrutnikolai/git/pico-sdk/lib/cyw43-driver/src/cyw43_ll.c.o
 .text.cyw43_write_iovar_n
                0x10007788       0x8c CMakeFiles/P3.dir/Users/nekrutnikolai/git/pico-sdk/lib/cyw43-driver/src/cyw43_ll.c.o
 .text.cyw43_read_backplane.constprop.0
                0x10007814       0xe4 CMakeFiles/P3.dir/Users/nekrutnikolai/git/pico-sdk/lib/cyw43-driver/src/cyw43_ll.c.o
 .text.cyw43_write_backplane
                0x100078f8      0x10c CMakeFiles/P3.dir/Users/nekrutnikolai/git/pico-sdk/lib/cyw43-driver/src/cyw43_ll.c.o
 .text.reset_device_core.constprop.0
                0x10007a04      0x410 CMakeFiles/P3.dir/Users/nekrutnikolai/git/pico-sdk/lib/cyw43-driver/src/cyw43_ll.c.o
 .text.cyw43_ll_init
                0x10007e14       0x1c CMakeFiles/P3.dir/Users/nekrutnikolai/git/pico-sdk/lib/cyw43-driver/src/cyw43_ll.c.o
                0x10007e14                cyw43_ll_init
 .text.cyw43_ll_deinit
                0x10007e30        0x8 CMakeFiles/P3.dir/Users/nekrutnikolai/git/pico-sdk/lib/cyw43-driver/src/cyw43_ll.c.o
                0x10007e30                cyw43_ll_deinit
 .text.cyw43_ll_process_packets
                0x10007e38       0x54 CMakeFiles/P3.dir/Users/nekrutnikolai/git/pico-sdk/lib/cyw43-driver/src/cyw43_ll.c.o
                0x10007e38                cyw43_ll_process_packets
 .text.cyw43_ll_ioctl
                0x10007e8c       0x80 CMakeFiles/P3.dir/Users/nekrutnikolai/git/pico-sdk/lib/cyw43-driver/src/cyw43_ll.c.o
                0x10007e8c                cyw43_ll_ioctl
 .text.cyw43_ll_bus_sleep
                0x10007f0c       0x34 CMakeFiles/P3.dir/Users/nekrutnikolai/git/pico-sdk/lib/cyw43-driver/src/cyw43_ll.c.o
                0x10007f0c                cyw43_ll_bus_sleep
 .text.cyw43_ll_wifi_get_mac
                0x10007f40       0x78 CMakeFiles/P3.dir/Users/nekrutnikolai/git/pico-sdk/lib/cyw43-driver/src/cyw43_ll.c.o
                0x10007f40                cyw43_ll_wifi_get_mac
 .text.cyw43_ll_bus_init
                0x10007fb8      0x8d8 CMakeFiles/P3.dir/Users/nekrutnikolai/git/pico-sdk/lib/cyw43-driver/src/cyw43_ll.c.o
                0x10007fb8                cyw43_ll_bus_init
 .text.cyw43_ll_wifi_set_wpa_auth
                0x10008890       0x4c CMakeFiles/P3.dir/Users/nekrutnikolai/git/pico-sdk/lib/cyw43-driver/src/cyw43_ll.c.o
                0x10008890                cyw43_ll_wifi_set_wpa_auth
 .text.cyw43_ll_wifi_rejoin
                0x100088dc       0x58 CMakeFiles/P3.dir/Users/nekrutnikolai/git/pico-sdk/lib/cyw43-driver/src/cyw43_ll.c.o
                0x100088dc                cyw43_ll_wifi_rejoin
 .text.cyw43_ll_gpio_set
                0x10008934       0x94 CMakeFiles/P3.dir/Users/nekrutnikolai/git/pico-sdk/lib/cyw43-driver/src/cyw43_ll.c.o
                0x10008934                cyw43_ll_gpio_set
 .text.cyw43_ll_has_work
                0x100089c8       0x14 CMakeFiles/P3.dir/Users/nekrutnikolai/git/pico-sdk/lib/cyw43-driver/src/cyw43_ll.c.o
                0x100089c8                cyw43_ll_has_work
 .text.cyw43_poll_func
                0x100089dc       0xc0 CMakeFiles/P3.dir/Users/nekrutnikolai/git/pico-sdk/lib/cyw43-driver/src/cyw43_ctrl.c.o
 .text.cyw43_init
                0x10008a9c       0x6c CMakeFiles/P3.dir/Users/nekrutnikolai/git/pico-sdk/lib/cyw43-driver/src/cyw43_ctrl.c.o
                0x10008a9c                cyw43_init
 .text.cyw43_deinit
                0x10008b08       0x90 CMakeFiles/P3.dir/Users/nekrutnikolai/git/pico-sdk/lib/cyw43-driver/src/cyw43_ctrl.c.o
                0x10008b08                cyw43_deinit
 .text.cyw43_cb_read_host_interrupt_pin
                0x10008b98        0xc CMakeFiles/P3.dir/Users/nekrutnikolai/git/pico-sdk/lib/cyw43-driver/src/cyw43_ctrl.c.o
                0x10008b98                cyw43_cb_read_host_interrupt_pin
 .text.cyw43_cb_ensure_awake
                0x10008ba4        0xc CMakeFiles/P3.dir/Users/nekrutnikolai/git/pico-sdk/lib/cyw43-driver/src/cyw43_ctrl.c.o
                0x10008ba4                cyw43_cb_ensure_awake
 .text.cyw43_cb_process_async_event
                0x10008bb0      0x210 CMakeFiles/P3.dir/Users/nekrutnikolai/git/pico-sdk/lib/cyw43-driver/src/cyw43_ctrl.c.o
                0x10008bb0                cyw43_cb_process_async_event
 .text.cyw43_gpio_set
                0x10008dc0       0xa4 CMakeFiles/P3.dir/Users/nekrutnikolai/git/pico-sdk/lib/cyw43-driver/src/cyw43_ctrl.c.o
                0x10008dc0                cyw43_gpio_set
 .text.pio_sm_set_pindirs_with_mask64
                0x10008e64       0xac CMakeFiles/P3.dir/Users/nekrutnikolai/git/pico-sdk/src/rp2_common/hardware_pio/pio.c.o
                0x10008e64                pio_sm_set_pindirs_with_mask64
 .text.pio_sm_set_consecutive_pindirs
                0x10008f10       0xb4 CMakeFiles/P3.dir/Users/nekrutnikolai/git/pico-sdk/src/rp2_common/hardware_pio/pio.c.o
                0x10008f10                pio_sm_set_consecutive_pindirs
 .text.pio_claim_free_sm_and_add_program_for_gpio_range
                0x10008fc4      0x184 CMakeFiles/P3.dir/Users/nekrutnikolai/git/pico-sdk/src/rp2_common/hardware_pio/pio.c.o
                0x10008fc4                pio_claim_free_sm_and_add_program_for_gpio_range
 .text.pio_remove_program_and_unclaim_sm
                0x10009148       0x40 CMakeFiles/P3.dir/Users/nekrutnikolai/git/pico-sdk/src/rp2_common/hardware_pio/pio.c.o
                0x10009148                pio_remove_program_and_unclaim_sm
 .text.dma_channel_unclaim
                0x10009188       0x14 CMakeFiles/P3.dir/Users/nekrutnikolai/git/pico-sdk/src/rp2_common/hardware_dma/dma.c.o
                0x10009188                dma_channel_unclaim
 .text.dma_claim_unused_channel
                0x1000919c       0x24 CMakeFiles/P3.dir/Users/nekrutnikolai/git/pico-sdk/src/rp2_common/hardware_dma/dma.c.o
                0x1000919c                dma_claim_unused_channel
 .text.dma_channel_cleanup
                0x100091c0       0x64 CMakeFiles/P3.dir/Users/nekrutnikolai/git/pico-sdk/src/rp2_common/hardware_dma/dma.c.o
                0x100091c0                dma_channel_cleanup
 .text.cyw43_sleep_timeout_reached
                0x10009224       0x10 CMakeFiles/P3.dir/Users/nekrutnikolai/git/pico-sdk/src/rp2_common/pico_cyw43_driver/cyw43_driver.c.o
 .text.cyw43_irq_init
                0x10009234       0x28 CMakeFiles/P3.dir/Users/nekrutnikolai/git/pico-sdk/src/rp2_common/pico_cyw43_driver/cyw43_driver.c.o
                0x10009234                cyw43_irq_init
 .text.cyw43_irq_deinit
                0x1000925c       0x20 CMakeFiles/P3.dir/Users/nekrutnikolai/git/pico-sdk/src/rp2_common/pico_cyw43_driver/cyw43_driver.c.o
                0x1000925c                cyw43_irq_deinit
 .text.cyw43_gpio_irq_handler
                0x1000927c       0x44 CMakeFiles/P3.dir/Users/nekrutnikolai/git/pico-sdk/src/rp2_common/pico_cyw43_driver/cyw43_driver.c.o
 .text.cyw43_do_poll
                0x100092c0       0x6c CMakeFiles/P3.dir/Users/nekrutnikolai/git/pico-sdk/src/rp2_common/pico_cyw43_driver/cyw43_driver.c.o
 .text.cyw43_post_poll_hook
                0x1000932c       0x10 CMakeFiles/P3.dir/Users/nekrutnikolai/git/pico-sdk/src/rp2_common/pico_cyw43_driver/cyw43_driver.c.o
                0x1000932c                cyw43_post_poll_hook
 .text.cyw43_schedule_internal_poll_dispatch
                0x1000933c       0x18 CMakeFiles/P3.dir/Users/nekrutnikolai/git/pico-sdk/src/rp2_common/pico_cyw43_driver/cyw43_driver.c.o
                0x1000933c                cyw43_schedule_internal_poll_dispatch
 .text.cyw43_driver_init
                0x10009354       0x38 CMakeFiles/P3.dir/Users/nekrutnikolai/git/pico-sdk/src/rp2_common/pico_cyw43_driver/cyw43_driver.c.o
                0x10009354                cyw43_driver_init
 .text.cyw43_driver_deinit
                0x1000938c       0x44 CMakeFiles/P3.dir/Users/nekrutnikolai/git/pico-sdk/src/rp2_common/pico_cyw43_driver/cyw43_driver.c.o
                0x1000938c                cyw43_driver_deinit
 .text.cyw43_hal_generate_laa_mac
                0x100093d0       0x28 CMakeFiles/P3.dir/Users/nekrutnikolai/git/pico-sdk/src/rp2_common/pico_cyw43_driver/cyw43_driver.c.o
                0x100093d0                cyw43_hal_generate_laa_mac
 .text.cyw43_thread_enter
                0x100093f8       0x14 CMakeFiles/P3.dir/Users/nekrutnikolai/git/pico-sdk/src/rp2_common/pico_cyw43_driver/cyw43_driver.c.o
                0x100093f8                cyw43_thread_enter
 .text.cyw43_thread_exit
                0x1000940c       0x14 CMakeFiles/P3.dir/Users/nekrutnikolai/git/pico-sdk/src/rp2_common/pico_cyw43_driver/cyw43_driver.c.o
                0x1000940c                cyw43_thread_exit
 .text.cyw43_await_background_or_timeout_us
                0x10009420       0x5c CMakeFiles/P3.dir/Users/nekrutnikolai/git/pico-sdk/src/rp2_common/pico_cyw43_driver/cyw43_driver.c.o
                0x10009420                cyw43_await_background_or_timeout_us
 .text.cyw43_delay_ms
                0x1000947c       0x44 CMakeFiles/P3.dir/Users/nekrutnikolai/git/pico-sdk/src/rp2_common/pico_cyw43_driver/cyw43_driver.c.o
                0x1000947c                cyw43_delay_ms
 .text.cyw43_cb_tcpip_deinit
                0x100094c0        0x4 CMakeFiles/P3.dir/Users/nekrutnikolai/git/pico-sdk/src/rp2_common/pico_cyw43_driver/cyw43_driver.c.o
                0x100094c0                cyw43_cb_tcpip_deinit
 .text.cyw43_cb_tcpip_set_link_up
                0x100094c4        0xc CMakeFiles/P3.dir/Users/nekrutnikolai/git/pico-sdk/src/rp2_common/pico_cyw43_driver/cyw43_driver.c.o
                0x100094c4                cyw43_cb_tcpip_set_link_up
 .text.cyw43_cb_tcpip_set_link_down
                0x100094d0        0xc CMakeFiles/P3.dir/Users/nekrutnikolai/git/pico-sdk/src/rp2_common/pico_cyw43_driver/cyw43_driver.c.o
                0x100094d0                cyw43_cb_tcpip_set_link_down
 .text.cyw43_cb_process_ethernet
                0x100094dc        0xc CMakeFiles/P3.dir/Users/nekrutnikolai/git/pico-sdk/src/rp2_common/pico_cyw43_driver/cyw43_driver.c.o
                0x100094dc                cyw43_cb_process_ethernet
 .text.async_context_threadsafe_background_acquire_lock_blocking
                0x100094e8        0xc CMakeFiles/P3.dir/Users/nekrutnikolai/git/pico-sdk/src/rp2_common/pico_async_context/async_context_threadsafe_background.c.o
 .text.alarm_handler
                0x100094f4       0x20 CMakeFiles/P3.dir/Users/nekrutnikolai/git/pico-sdk/src/rp2_common/pico_async_context/async_context_threadsafe_background.c.o
 .text.async_context_threadsafe_background_set_work_pending
                0x10009514       0x1c CMakeFiles/P3.dir/Users/nekrutnikolai/git/pico-sdk/src/rp2_common/pico_async_context/async_context_threadsafe_background.c.o
 .text.process_under_lock
                0x10009530       0xcc CMakeFiles/P3.dir/Users/nekrutnikolai/git/pico-sdk/src/rp2_common/pico_async_context/async_context_threadsafe_background.c.o
 .text.async_context_threadsafe_background_execute_sync
                0x100095fc       0x30 CMakeFiles/P3.dir/Users/nekrutnikolai/git/pico-sdk/src/rp2_common/pico_async_context/async_context_threadsafe_background.c.o
                0x100095fc                async_context_threadsafe_background_execute_sync
 .text.async_context_threadsafe_background_deinit
                0x1000962c       0x54 CMakeFiles/P3.dir/Users/nekrutnikolai/git/pico-sdk/src/rp2_common/pico_async_context/async_context_threadsafe_background.c.o
 .text.low_priority_irq_handler
                0x10009680       0x3c CMakeFiles/P3.dir/Users/nekrutnikolai/git/pico-sdk/src/rp2_common/pico_async_context/async_context_threadsafe_background.c.o
 .text.async_context_threadsafe_background_wait_for_work_until
                0x100096bc        0xc CMakeFiles/P3.dir/Users/nekrutnikolai/git/pico-sdk/src/rp2_common/pico_async_context/async_context_threadsafe_background.c.o
 .text.async_context_threadsafe_background_wait_until
                0x100096c8       0x1c CMakeFiles/P3.dir/Users/nekrutnikolai/git/pico-sdk/src/rp2_common/pico_async_context/async_context_threadsafe_background.c.o
 .text.async_context_threadsafe_background_lock_check
                0x100096e4       0x28 CMakeFiles/P3.dir/Users/nekrutnikolai/git/pico-sdk/src/rp2_common/pico_async_context/async_context_threadsafe_background.c.o
 .text.async_context_threadsafe_background_release_lock
                0x1000970c       0x1c CMakeFiles/P3.dir/Users/nekrutnikolai/git/pico-sdk/src/rp2_common/pico_async_context/async_context_threadsafe_background.c.o
 .text.async_context_threadsafe_background_when_pending_worker
                0x10009728       0x34 CMakeFiles/P3.dir/Users/nekrutnikolai/git/pico-sdk/src/rp2_common/pico_async_context/async_context_threadsafe_background.c.o
 .text.async_context_threadsafe_background_add_when_pending_worker
                0x1000975c       0x34 CMakeFiles/P3.dir/Users/nekrutnikolai/git/pico-sdk/src/rp2_common/pico_async_context/async_context_threadsafe_background.c.o
 .text.async_context_threadsafe_background_remove_at_time_worker
                0x10009790       0x34 CMakeFiles/P3.dir/Users/nekrutnikolai/git/pico-sdk/src/rp2_common/pico_async_context/async_context_threadsafe_background.c.o
 .text.async_context_threadsafe_background_add_at_time_worker
                0x100097c4       0x34 CMakeFiles/P3.dir/Users/nekrutnikolai/git/pico-sdk/src/rp2_common/pico_async_context/async_context_threadsafe_background.c.o
 .text.async_context_threadsafe_background_default_config
                0x100097f8        0xc CMakeFiles/P3.dir/Users/nekrutnikolai/git/pico-sdk/src/rp2_common/pico_async_context/async_context_threadsafe_background.c.o
                0x100097f8                async_context_threadsafe_background_default_config
 .text.async_context_threadsafe_background_init
                0x10009804       0x8c CMakeFiles/P3.dir/Users/nekrutnikolai/git/pico-sdk/src/rp2_common/pico_async_context/async_context_threadsafe_background.c.o
                0x10009804                async_context_threadsafe_background_init
 .text.async_context_base_add_at_time_worker
                0x10009890       0x28 CMakeFiles/P3.dir/Users/nekrutnikolai/git/pico-sdk/src/rp2_common/pico_async_context/async_context_base.c.o
                0x10009890                async_context_base_add_at_time_worker
 .text.async_context_base_remove_at_time_worker
                0x100098b8       0x24 CMakeFiles/P3.dir/Users/nekrutnikolai/git/pico-sdk/src/rp2_common/pico_async_context/async_context_base.c.o
                0x100098b8                async_context_base_remove_at_time_worker
 .text.async_context_base_add_when_pending_worker
                0x100098dc       0x24 CMakeFiles/P3.dir/Users/nekrutnikolai/git/pico-sdk/src/rp2_common/pico_async_context/async_context_base.c.o
                0x100098dc                async_context_base_add_when_pending_worker
 .text.async_context_base_remove_when_pending_worker
                0x10009900       0x24 CMakeFiles/P3.dir/Users/nekrutnikolai/git/pico-sdk/src/rp2_common/pico_async_context/async_context_base.c.o
                0x10009900                async_context_base_remove_when_pending_worker
 .text.async_context_base_execute_once
                0x10009924      0x108 CMakeFiles/P3.dir/Users/nekrutnikolai/git/pico-sdk/src/rp2_common/pico_async_context/async_context_base.c.o
                0x10009924                async_context_base_execute_once
 .text.atof     0x10009a2c        0xc /Applications/ArmGNUToolchain/14.2.rel1/arm-none-eabi/bin/../lib/gcc/arm-none-eabi/14.2.1/../../../../arm-none-eabi/lib/thumb/v6-m/nofp/libg.a(libc_a-atof.o)
                0x10009a2c                atof
 .text._calloc_r
                0x10009a38       0xa8 /Applications/ArmGNUToolchain/14.2.rel1/arm-none-eabi/bin/../lib/gcc/arm-none-eabi/14.2.1/../../../../arm-none-eabi/lib/thumb/v6-m/nofp/libg.a(libc_a-callocr.o)
                0x10009a38                _calloc_r
 .text._malloc_r
                0x10009ae0      0x5cc /Applications/ArmGNUToolchain/14.2.rel1/arm-none-eabi/bin/../lib/gcc/arm-none-eabi/14.2.1/../../../../arm-none-eabi/lib/thumb/v6-m/nofp/libg.a(libc_a-mallocr.o)
                0x10009ae0                _malloc_r
 .text.__malloc_lock
                0x1000a0ac       0x10 /Applications/ArmGNUToolchain/14.2.rel1/arm-none-eabi/bin/../lib/gcc/arm-none-eabi/14.2.1/../../../../arm-none-eabi/lib/thumb/v6-m/nofp/libg.a(libc_a-mlock.o)
                0x1000a0ac                __malloc_lock
 .text.__malloc_unlock
                0x1000a0bc       0x10 /Applications/ArmGNUToolchain/14.2.rel1/arm-none-eabi/bin/../lib/gcc/arm-none-eabi/14.2.1/../../../../arm-none-eabi/lib/thumb/v6-m/nofp/libg.a(libc_a-mlock.o)
                0x1000a0bc                __malloc_unlock
 .text.sulp     0x1000a0cc       0x30 /Applications/ArmGNUToolchain/14.2.rel1/arm-none-eabi/bin/../lib/gcc/arm-none-eabi/14.2.1/../../../../arm-none-eabi/lib/thumb/v6-m/nofp/libg.a(libc_a-strtod.o)
 .text._strtod_l
                0x1000a0fc      0xfdc /Applications/ArmGNUToolchain/14.2.rel1/arm-none-eabi/bin/../lib/gcc/arm-none-eabi/14.2.1/../../../../arm-none-eabi/lib/thumb/v6-m/nofp/libg.a(libc_a-strtod.o)
                0x1000a0fc                _strtod_l
 .text.strtod   0x1000b0d8       0x1c /Applications/ArmGNUToolchain/14.2.rel1/arm-none-eabi/bin/../lib/gcc/arm-none-eabi/14.2.1/../../../../arm-none-eabi/lib/thumb/v6-m/nofp/libg.a(libc_a-strtod.o)
                0x1000b0d8                strtod
 .text.memmove  0x1000b0f4       0xc4 /Applications/ArmGNUToolchain/14.2.rel1/arm-none-eabi/bin/../lib/gcc/arm-none-eabi/14.2.1/../../../../arm-none-eabi/lib/thumb/v6-m/nofp/libg.a(libc_a-memmove.o)
                0x1000b0f4                memmove
 .text.strncmp  0x1000b1b8       0x68 /Applications/ArmGNUToolchain/14.2.rel1/arm-none-eabi/bin/../lib/gcc/arm-none-eabi/14.2.1/../../../../arm-none-eabi/lib/thumb/v6-m/nofp/libg.a(libc_a-strncmp.o)
                0x1000b1b8                strncmp
 .text._sbrk_r  0x1000b220       0x24 /Applications/ArmGNUToolchain/14.2.rel1/arm-none-eabi/bin/../lib/gcc/arm-none-eabi/14.2.1/../../../../arm-none-eabi/lib/thumb/v6-m/nofp/libg.a(libc_a-sbrkr.o)
                0x1000b220                _sbrk_r
 .text.__errno  0x1000b244        0xc /Applications/ArmGNUToolchain/14.2.rel1/arm-none-eabi/bin/../lib/gcc/arm-none-eabi/14.2.1/../../../../arm-none-eabi/lib/thumb/v6-m/nofp/libg.a(libc_a-errno.o)
                0x1000b244                __errno
 .text.sysconf  0x1000b250       0x1c /Applications/ArmGNUToolchain/14.2.rel1/arm-none-eabi/bin/../lib/gcc/arm-none-eabi/14.2.1/../../../../arm-none-eabi/lib/thumb/v6-m/nofp/libg.a(libc_a-sysconf.o)
                0x1000b250                sysconf
 .text.__retarget_lock_acquire_recursive
                0x1000b26c        0x4 /Applications/ArmGNUToolchain/14.2.rel1/arm-none-eabi/bin/../lib/gcc/arm-none-eabi/14.2.1/../../../../arm-none-eabi/lib/thumb/v6-m/nofp/libg.a(libc_a-lock.o)
                0x1000b26c                __retarget_lock_acquire_recursive
 .text.__retarget_lock_release_recursive
                0x1000b270        0x4 /Applications/ArmGNUToolchain/14.2.rel1/arm-none-eabi/bin/../lib/gcc/arm-none-eabi/14.2.1/../../../../arm-none-eabi/lib/thumb/v6-m/nofp/libg.a(libc_a-lock.o)
                0x1000b270                __retarget_lock_release_recursive
 .text.strlen   0x1000b274       0x5c /Applications/ArmGNUToolchain/14.2.rel1/arm-none-eabi/bin/../lib/gcc/arm-none-eabi/14.2.1/../../../../arm-none-eabi/lib/thumb/v6-m/nofp/libg.a(libc_a-strlen-stub.o)
                0x1000b274                strlen
 .text.nan      0x1000b2d0        0xc /Applications/ArmGNUToolchain/14.2.rel1/arm-none-eabi/bin/../lib/gcc/arm-none-eabi/14.2.1/../../../../arm-none-eabi/lib/thumb/v6-m/nofp/libg.a(libm_a-s_nan.o)
                0x1000b2d0                nan
 .text._malloc_trim_r
                0x1000b2dc       0xb4 /Applications/ArmGNUToolchain/14.2.rel1/arm-none-eabi/bin/../lib/gcc/arm-none-eabi/14.2.1/../../../../arm-none-eabi/lib/thumb/v6-m/nofp/libg.a(libc_a-freer.o)
                0x1000b2dc                _malloc_trim_r
 .text._free_r  0x1000b390      0x1f0 /Applications/ArmGNUToolchain/14.2.rel1/arm-none-eabi/bin/../lib/gcc/arm-none-eabi/14.2.1/../../../../arm-none-eabi/lib/thumb/v6-m/nofp/libg.a(libc_a-freer.o)
                0x1000b390                _free_r
 .text.rshift   0x1000b580       0xb0 /Applications/ArmGNUToolchain/14.2.rel1/arm-none-eabi/bin/../lib/gcc/arm-none-eabi/14.2.1/../../../../arm-none-eabi/lib/thumb/v6-m/nofp/libg.a(libc_a-gdtoa-gethex.o)
 .text.__gethex
                0x1000b630      0x5f4 /Applications/ArmGNUToolchain/14.2.rel1/arm-none-eabi/bin/../lib/gcc/arm-none-eabi/14.2.1/../../../../arm-none-eabi/lib/thumb/v6-m/nofp/libg.a(libc_a-gdtoa-gethex.o)
                0x1000b630                __gethex
 .text.__match  0x1000bc24       0x2c /Applications/ArmGNUToolchain/14.2.rel1/arm-none-eabi/bin/../lib/gcc/arm-none-eabi/14.2.1/../../../../arm-none-eabi/lib/thumb/v6-m/nofp/libg.a(libc_a-gdtoa-hexnan.o)
                0x1000bc24                __match
 .text.__hexnan
                0x1000bc50      0x208 /Applications/ArmGNUToolchain/14.2.rel1/arm-none-eabi/bin/../lib/gcc/arm-none-eabi/14.2.1/../../../../arm-none-eabi/lib/thumb/v6-m/nofp/libg.a(libc_a-gdtoa-hexnan.o)
                0x1000bc50                __hexnan
 .text.__ascii_mbtowc
                0x1000be58       0x2c /Applications/ArmGNUToolchain/14.2.rel1/arm-none-eabi/bin/../lib/gcc/arm-none-eabi/14.2.1/../../../../arm-none-eabi/lib/thumb/v6-m/nofp/libg.a(libc_a-mbtowc_r.o)
                0x1000be58                __ascii_mbtowc
 .text._Balloc  0x1000be84       0x50 /Applications/ArmGNUToolchain/14.2.rel1/arm-none-eabi/bin/../lib/gcc/arm-none-eabi/14.2.1/../../../../arm-none-eabi/lib/thumb/v6-m/nofp/libg.a(libc_a-mprec.o)
                0x1000be84                _Balloc
 .text._Bfree   0x1000bed4       0x14 /Applications/ArmGNUToolchain/14.2.rel1/arm-none-eabi/bin/../lib/gcc/arm-none-eabi/14.2.1/../../../../arm-none-eabi/lib/thumb/v6-m/nofp/libg.a(libc_a-mprec.o)
                0x1000bed4                _Bfree
 .text.__multadd
                0x1000bee8       0xa4 /Applications/ArmGNUToolchain/14.2.rel1/arm-none-eabi/bin/../lib/gcc/arm-none-eabi/14.2.1/../../../../arm-none-eabi/lib/thumb/v6-m/nofp/libg.a(libc_a-mprec.o)
                0x1000bee8                __multadd
 .text.__s2b    0x1000bf8c       0xb0 /Applications/ArmGNUToolchain/14.2.rel1/arm-none-eabi/bin/../lib/gcc/arm-none-eabi/14.2.1/../../../../arm-none-eabi/lib/thumb/v6-m/nofp/libg.a(libc_a-mprec.o)
                0x1000bf8c                __s2b
 .text.__hi0bits
                0x1000c03c       0x60 /Applications/ArmGNUToolchain/14.2.rel1/arm-none-eabi/bin/../lib/gcc/arm-none-eabi/14.2.1/../../../../arm-none-eabi/lib/thumb/v6-m/nofp/libg.a(libc_a-mprec.o)
                0x1000c03c                __hi0bits
 .text.__lo0bits
                0x1000c09c       0x90 /Applications/ArmGNUToolchain/14.2.rel1/arm-none-eabi/bin/../lib/gcc/arm-none-eabi/14.2.1/../../../../arm-none-eabi/lib/thumb/v6-m/nofp/libg.a(libc_a-mprec.o)
                0x1000c09c                __lo0bits
 .text.__i2b    0x1000c12c       0x60 /Applications/ArmGNUToolchain/14.2.rel1/arm-none-eabi/bin/../lib/gcc/arm-none-eabi/14.2.1/../../../../arm-none-eabi/lib/thumb/v6-m/nofp/libg.a(libc_a-mprec.o)
                0x1000c12c                __i2b
 .text.__multiply
                0x1000c18c      0x1b0 /Applications/ArmGNUToolchain/14.2.rel1/arm-none-eabi/bin/../lib/gcc/arm-none-eabi/14.2.1/../../../../arm-none-eabi/lib/thumb/v6-m/nofp/libg.a(libc_a-mprec.o)
                0x1000c18c                __multiply
 .text.__pow5mult
                0x1000c33c       0xd8 /Applications/ArmGNUToolchain/14.2.rel1/arm-none-eabi/bin/../lib/gcc/arm-none-eabi/14.2.1/../../../../arm-none-eabi/lib/thumb/v6-m/nofp/libg.a(libc_a-mprec.o)
                0x1000c33c                __pow5mult
 .text.__lshift
                0x1000c414       0xfc /Applications/ArmGNUToolchain/14.2.rel1/arm-none-eabi/bin/../lib/gcc/arm-none-eabi/14.2.1/../../../../arm-none-eabi/lib/thumb/v6-m/nofp/libg.a(libc_a-mprec.o)
                0x1000c414                __lshift
 .text.__mcmp   0x1000c510       0x3c /Applications/ArmGNUToolchain/14.2.rel1/arm-none-eabi/bin/../lib/gcc/arm-none-eabi/14.2.1/../../../../arm-none-eabi/lib/thumb/v6-m/nofp/libg.a(libc_a-mprec.o)
                0x1000c510                __mcmp
 .text.__mdiff  0x1000c54c      0x1a8 /Applications/ArmGNUToolchain/14.2.rel1/arm-none-eabi/bin/../lib/gcc/arm-none-eabi/14.2.1/../../../../arm-none-eabi/lib/thumb/v6-m/nofp/libg.a(libc_a-mprec.o)
                0x1000c54c                __mdiff
 .text.__ulp    0x1000c6f4       0x40 /Applications/ArmGNUToolchain/14.2.rel1/arm-none-eabi/bin/../lib/gcc/arm-none-eabi/14.2.1/../../../../arm-none-eabi/lib/thumb/v6-m/nofp/libg.a(libc_a-mprec.o)
                0x1000c6f4                __ulp
 .text.__b2d    0x1000c734       0xb8 /Applications/ArmGNUToolchain/14.2.rel1/arm-none-eabi/bin/../lib/gcc/arm-none-eabi/14.2.1/../../../../arm-none-eabi/lib/thumb/v6-m/nofp/libg.a(libc_a-mprec.o)
                0x1000c734                __b2d
 .text.__d2b    0x1000c7ec       0xc4 /Applications/ArmGNUToolchain/14.2.rel1/arm-none-eabi/bin/../lib/gcc/arm-none-eabi/14.2.1/../../../../arm-none-eabi/lib/thumb/v6-m/nofp/libg.a(libc_a-mprec.o)
                0x1000c7ec                __d2b
 .text.__ratio  0x1000c8b0       0x68 /Applications/ArmGNUToolchain/14.2.rel1/arm-none-eabi/bin/../lib/gcc/arm-none-eabi/14.2.1/../../../../arm-none-eabi/lib/thumb/v6-m/nofp/libg.a(libc_a-mprec.o)
                0x1000c8b0                __ratio
 .text.__copybits
                0x1000c918       0x40 /Applications/ArmGNUToolchain/14.2.rel1/arm-none-eabi/bin/../lib/gcc/arm-none-eabi/14.2.1/../../../../arm-none-eabi/lib/thumb/v6-m/nofp/libg.a(libc_a-mprec.o)
                0x1000c918                __copybits
 .text.__any_on
                0x1000c958       0x4c /Applications/ArmGNUToolchain/14.2.rel1/arm-none-eabi/bin/../lib/gcc/arm-none-eabi/14.2.1/../../../../arm-none-eabi/lib/thumb/v6-m/nofp/libg.a(libc_a-mprec.o)
                0x1000c958                __any_on
 .text.__ascii_wctomb
                0x1000c9a4       0x1c /Applications/ArmGNUToolchain/14.2.rel1/arm-none-eabi/bin/../lib/gcc/arm-none-eabi/14.2.1/../../../../arm-none-eabi/lib/thumb/v6-m/nofp/libg.a(libc_a-wctomb_r.o)
                0x1000c9a4                __ascii_wctomb
 *(.fini)
 .fini          0x1000c9c0        0x4 /Applications/ArmGNUToolchain/14.2.rel1/arm-none-eabi/bin/../lib/gcc/arm-none-eabi/14.2.1/thumb/v6-m/nofp/crti.o
                0x1000c9c0                _fini
 *fill*         0x1000c9c4        0x4 
 .fini.__stub   0x1000c9c8       0xe0 linker stubs
 *crtbegin.o(.ctors)
 *crtbegin?.o(.ctors)
 *(EXCLUDE_FILE(*crtend.o *crtend?.o) .ctors)
 *(SORT_BY_NAME(.ctors.*))
 *(.ctors)
 *crtbegin.o(.dtors)
 *crtbegin?.o(.dtors)
 *(EXCLUDE_FILE(*crtend.o *crtend?.o) .dtors)
 *(SORT_BY_NAME(.dtors.*))
 *(.dtors)
                0x1000caa8                        . = ALIGN (0x4)
                0x1000caa8                        PROVIDE (__preinit_array_start = .)
 *(SORT_BY_NAME(.preinit_array.*))
 .preinit_array.00100
                0x1000caa8        0x4 CMakeFiles/P3.dir/Users/nekrutnikolai/git/pico-sdk/src/rp2_common/pico_runtime_init/runtime_init.c.o
                0x1000caa8                __pre_init_runtime_init_early_resets
 .preinit_array.00101
                0x1000caac        0x4 CMakeFiles/P3.dir/Users/nekrutnikolai/git/pico-sdk/src/rp2_common/pico_runtime_init/runtime_init.c.o
                0x1000caac                __pre_init_runtime_init_usb_power_down
 .preinit_array.00275
                0x1000cab0        0x4 CMakeFiles/P3.dir/Users/nekrutnikolai/git/pico-sdk/src/rp2_common/pico_bit_ops/bit_ops_aeabi.S.o
 .preinit_array.00300
                0x1000cab4        0x4 CMakeFiles/P3.dir/Users/nekrutnikolai/git/pico-sdk/src/rp2_common/pico_mem_ops/mem_ops_aeabi.S.o
 .preinit_array.00350
                0x1000cab8        0x4 CMakeFiles/P3.dir/Users/nekrutnikolai/git/pico-sdk/src/rp2_common/pico_double/double_aeabi_rp2040.S.o
 .preinit_array.00350
                0x1000cabc        0x4 CMakeFiles/P3.dir/Users/nekrutnikolai/git/pico-sdk/src/rp2_common/pico_float/float_aeabi_rp2040.S.o
 .preinit_array.00500
                0x1000cac0        0x4 CMakeFiles/P3.dir/Users/nekrutnikolai/git/pico-sdk/src/rp2_common/pico_runtime_init/runtime_init.c.o
                0x1000cac0                __pre_init_runtime_init_clocks
 .preinit_array.00600
                0x1000cac4        0x4 CMakeFiles/P3.dir/Users/nekrutnikolai/git/pico-sdk/src/rp2_common/pico_runtime_init/runtime_init.c.o
                0x1000cac4                __pre_init_runtime_init_post_clock_resets
 .preinit_array.00700
                0x1000cac8        0x4 CMakeFiles/P3.dir/Users/nekrutnikolai/git/pico-sdk/src/rp2_common/pico_runtime_init/runtime_init.c.o
                0x1000cac8                __pre_init_runtime_init_rp2040_gpio_ie_disable
 .preinit_array.01000
                0x1000cacc        0x4 CMakeFiles/P3.dir/Users/nekrutnikolai/git/pico-sdk/src/rp2_common/pico_runtime_init/runtime_init.c.o
                0x1000cacc                __pre_init_runtime_init_spin_locks_reset
 .preinit_array.01100
                0x1000cad0        0x4 CMakeFiles/P3.dir/Users/nekrutnikolai/git/pico-sdk/src/common/pico_sync/mutex.c.o
                0x1000cad0                __pre_init_runtime_init_mutex
 .preinit_array.10080
                0x1000cad4        0x4 CMakeFiles/P3.dir/Users/nekrutnikolai/git/pico-sdk/src/rp2_common/pico_runtime_init/runtime_init.c.o
                0x1000cad4                __pre_init_runtime_init_install_ram_vector_table
 .preinit_array.11000
                0x1000cad8        0x4 CMakeFiles/P3.dir/Users/nekrutnikolai/git/pico-sdk/src/common/pico_time/time.c.o
                0x1000cad8                __pre_init_runtime_init_default_alarm_pool
 .preinit_array.YYYYY
                0x1000cadc        0x4 CMakeFiles/P3.dir/Users/nekrutnikolai/git/pico-sdk/src/rp2_common/pico_runtime/runtime.c.o
                0x1000cadc                __pre_init_first_per_core_initializer
 .preinit_array.ZZZZZ.01200
                0x1000cae0        0x4 CMakeFiles/P3.dir/Users/nekrutnikolai/git/pico-sdk/src/rp2_common/hardware_irq/irq.c.o
                0x1000cae0                __pre_init_runtime_init_per_core_irq_priorities
 *(.preinit_array)
                0x1000cae4                        PROVIDE (__preinit_array_end = .)
                0x1000cae4                        . = ALIGN (0x4)
                0x1000cae4                        PROVIDE (__init_array_start = .)
 *(SORT_BY_NAME(.init_array.*))
 *(.init_array)
 .init_array    0x1000cae4        0x4 /Applications/ArmGNUToolchain/14.2.rel1/arm-none-eabi/bin/../lib/gcc/arm-none-eabi/14.2.1/thumb/v6-m/nofp/crtbegin.o
 .init_array    0x1000cae8        0x4 CMakeFiles/P3.dir/Users/nekrutnikolai/git/pico-sdk/src/rp2_common/pico_unique_id/unique_id.c.o
                0x1000caec                        PROVIDE (__init_array_end = .)
                0x1000caec                        . = ALIGN (0x4)
                [!provide]                        PROVIDE (__fini_array_start = .)
 *(SORT_BY_NAME(.fini_array.*))
 *(.fini_array)
                [!provide]                        PROVIDE (__fini_array_end = .)
 *(.eh_frame*)
 .eh_frame      0x1000caec        0x0 /Applications/ArmGNUToolchain/14.2.rel1/arm-none-eabi/bin/../lib/gcc/arm-none-eabi/14.2.1/thumb/v6-m/nofp/crtbegin.o
                0x1000caec                        . = ALIGN (0x4)

.glue_7         0x1000caec        0x0
 .glue_7        0x1000caec        0x0 linker stubs

.glue_7t        0x1000caec        0x0
 .glue_7t       0x1000caec        0x0 linker stubs

.vfp11_veneer   0x1000caec        0x0
 .vfp11_veneer  0x1000caec        0x0 linker stubs

.v4_bx          0x1000caec        0x0
 .v4_bx         0x1000caec        0x0 linker stubs

.iplt           0x1000caec        0x0
 .iplt          0x1000caec        0x0 /Applications/ArmGNUToolchain/14.2.rel1/arm-none-eabi/bin/../lib/gcc/arm-none-eabi/14.2.1/thumb/v6-m/nofp/crtbegin.o

.rodata         0x1000caf0    0x38370
 *(EXCLUDE_FILE(*libm.a: *libc.a:*lib_a-mem*.o *libgcc.a:) .rodata*)
 .rodata.main.str1.4
                0x1000caf0      0x726 CMakeFiles/P3.dir/P3.c.o
                                0x107 (size before relaxing)
 *fill*         0x1000d216        0x2 
 .rodata        0x1000d218       0x10 CMakeFiles/P3.dir/P3.c.o
 .rodata.panic.str1.4
                0x1000d228       0x12 CMakeFiles/P3.dir/Users/nekrutnikolai/git/pico-sdk/src/rp2_common/pico_platform_panic/panic.c.o
 .rodata.user_irq_claim_unused.str1.4
                0x1000d228       0x1b CMakeFiles/P3.dir/Users/nekrutnikolai/git/pico-sdk/src/rp2_common/hardware_irq/irq.c.o
 .rodata.at_the_end_of_time
                0x1000d228        0x8 CMakeFiles/P3.dir/Users/nekrutnikolai/git/pico-sdk/src/common/pico_time/time.c.o
                0x1000d228                at_the_end_of_time
 .rodata.timer_hardware_alarm_claim.str1.4
                0x1000d230       0x22 CMakeFiles/P3.dir/Users/nekrutnikolai/git/pico-sdk/src/rp2_common/hardware_timer/timer.c.o
 .rodata.hard_assertion_failure.str1.4
                0x1000d230        0xc CMakeFiles/P3.dir/Users/nekrutnikolai/git/pico-sdk/src/rp2_common/pico_runtime/runtime.c.o
 .rodata.missing_double_func_shim.str1.4
                0x1000d230       0x18 CMakeFiles/P3.dir/Users/nekrutnikolai/git/pico-sdk/src/rp2_common/pico_double/double_init_rom_rp2040.c.o
 .rodata.missing_float_func_shim.str1.4
                0x1000d230        0x1 CMakeFiles/P3.dir/Users/nekrutnikolai/git/pico-sdk/src/rp2_common/pico_float/float_init_rom_rp2040.c.o
 .rodata.str1.4
                0x1000d230       0x38 CMakeFiles/P3.dir/Users/nekrutnikolai/git/pico-sdk/src/rp2_common/pico_standard_binary_info/standard_binary_info.c.o
 .rodata.__bi_84
                0x1000d230        0xc CMakeFiles/P3.dir/Users/nekrutnikolai/git/pico-sdk/src/rp2_common/pico_standard_binary_info/standard_binary_info.c.o
 .rodata.__bi_78
                0x1000d23c        0xc CMakeFiles/P3.dir/Users/nekrutnikolai/git/pico-sdk/src/rp2_common/pico_standard_binary_info/standard_binary_info.c.o
 .rodata.__bi_54
                0x1000d248        0xc CMakeFiles/P3.dir/Users/nekrutnikolai/git/pico-sdk/src/rp2_common/pico_standard_binary_info/standard_binary_info.c.o
 .rodata.__bi_48
                0x1000d254        0xc CMakeFiles/P3.dir/Users/nekrutnikolai/git/pico-sdk/src/rp2_common/pico_standard_binary_info/standard_binary_info.c.o
 .rodata.__bi_42
                0x1000d260        0xc CMakeFiles/P3.dir/Users/nekrutnikolai/git/pico-sdk/src/rp2_common/pico_standard_binary_info/standard_binary_info.c.o
 .rodata.__bi_34
                0x1000d26c        0xc CMakeFiles/P3.dir/Users/nekrutnikolai/git/pico-sdk/src/rp2_common/pico_standard_binary_info/standard_binary_info.c.o
 .rodata.__bi_26
                0x1000d278        0xc CMakeFiles/P3.dir/Users/nekrutnikolai/git/pico-sdk/src/rp2_common/pico_standard_binary_info/standard_binary_info.c.o
 .rodata._ftoa.str1.4
                0x1000d284       0x15 CMakeFiles/P3.dir/Users/nekrutnikolai/git/pico-sdk/src/rp2_common/pico_printf/printf.c.o
 .rodata._vsnprintf
                0x1000d284      0x19c CMakeFiles/P3.dir/Users/nekrutnikolai/git/pico-sdk/src/rp2_common/pico_printf/printf.c.o
 .rodata.pow10.0
                0x1000d420       0x50 CMakeFiles/P3.dir/Users/nekrutnikolai/git/pico-sdk/src/rp2_common/pico_printf/printf.c.o
 .rodata.__assert_func.str1.4
                0x1000d470       0x43 CMakeFiles/P3.dir/Users/nekrutnikolai/git/pico-sdk/src/rp2_common/pico_clib_interface/newlib_interface.c.o
 .rodata.crlf_str.0
                0x1000d470        0x2 CMakeFiles/P3.dir/Users/nekrutnikolai/git/pico-sdk/src/rp2_common/pico_stdio/stdio.c.o
 .rodata.str1.4
                0x1000d472       0x2c CMakeFiles/P3.dir/Users/nekrutnikolai/git/pico-sdk/src/rp2_common/pico_stdio_uart/stdio_uart.c.o
 *fill*         0x1000d472        0x2 
 .rodata.__bi_45.4
                0x1000d474        0xc CMakeFiles/P3.dir/Users/nekrutnikolai/git/pico-sdk/src/rp2_common/pico_stdio_uart/stdio_uart.c.o
 .rodata.__bi_49.5
                0x1000d480        0x8 CMakeFiles/P3.dir/Users/nekrutnikolai/git/pico-sdk/src/rp2_common/pico_stdio_uart/stdio_uart.c.o
 .rodata.__bi_50.6
                0x1000d488        0x8 CMakeFiles/P3.dir/Users/nekrutnikolai/git/pico-sdk/src/rp2_common/pico_stdio_uart/stdio_uart.c.o
 .rodata.cyw43_read_bytes.str1.4
                0x1000d490       0x1a CMakeFiles/P3.dir/Users/nekrutnikolai/git/pico-sdk/src/rp2_common/pico_cyw43_driver/cyw43_bus_pio_spi.c.o
 .rodata.cyw43_write_bytes.str1.4
                0x1000d490        0xd CMakeFiles/P3.dir/Users/nekrutnikolai/git/pico-sdk/src/rp2_common/pico_cyw43_driver/cyw43_bus_pio_spi.c.o
 .rodata.spi_gap01_sample0_program
                0x1000d490        0x8 CMakeFiles/P3.dir/Users/nekrutnikolai/git/pico-sdk/src/rp2_common/pico_cyw43_driver/cyw43_bus_pio_spi.c.o
 .rodata.spi_gap01_sample0_program_instructions
                0x1000d498        0xc CMakeFiles/P3.dir/Users/nekrutnikolai/git/pico-sdk/src/rp2_common/pico_cyw43_driver/cyw43_bus_pio_spi.c.o
 .rodata.cyw43_kso_set.str1.4
                0x1000d4a4       0x23 CMakeFiles/P3.dir/Users/nekrutnikolai/git/pico-sdk/lib/cyw43-driver/src/cyw43_ll.c.o
 .rodata.cyw43_ll_sdpcm_poll_device.str1.4
                0x1000d4a4       0x55 CMakeFiles/P3.dir/Users/nekrutnikolai/git/pico-sdk/lib/cyw43-driver/src/cyw43_ll.c.o
 .rodata.cyw43_sdpcm_send_common.str1.4
                0x1000d4a4       0x22 CMakeFiles/P3.dir/Users/nekrutnikolai/git/pico-sdk/lib/cyw43-driver/src/cyw43_ll.c.o
 .rodata.cyw43_do_ioctl.part.0.str1.4
                0x1000d4a4       0x53 CMakeFiles/P3.dir/Users/nekrutnikolai/git/pico-sdk/lib/cyw43-driver/src/cyw43_ll.c.o
 .rodata.reset_device_core.constprop.0.str1.4
                0x1000d4a4       0x1a CMakeFiles/P3.dir/Users/nekrutnikolai/git/pico-sdk/lib/cyw43-driver/src/cyw43_ll.c.o
 .rodata.cyw43_ll_wifi_on.str1.4
                0x1000d4a4       0x52 CMakeFiles/P3.dir/Users/nekrutnikolai/git/pico-sdk/lib/cyw43-driver/src/cyw43_ll.c.o
 .rodata.cyw43_ll_bus_init.str1.4
                0x1000d4a4       0xea CMakeFiles/P3.dir/Users/nekrutnikolai/git/pico-sdk/lib/cyw43-driver/src/cyw43_ll.c.o
 .rodata.cyw43_ll_gpio_set.str1.4
                0x1000d4a4        0x8 CMakeFiles/P3.dir/Users/nekrutnikolai/git/pico-sdk/lib/cyw43-driver/src/cyw43_ll.c.o
 .rodata.w43439A0_7_95_49_00_combined
                0x1000d4a4    0x36fd8 CMakeFiles/P3.dir/Users/nekrutnikolai/git/pico-sdk/lib/cyw43-driver/src/cyw43_ll.c.o
 .rodata.wifi_nvram_4343
                0x1004447c      0x2e7 CMakeFiles/P3.dir/Users/nekrutnikolai/git/pico-sdk/lib/cyw43-driver/src/cyw43_ll.c.o
 *fill*         0x10044763        0x1 
 .rodata        0x10044764       0x72 CMakeFiles/P3.dir/Users/nekrutnikolai/git/pico-sdk/lib/cyw43-driver/src/cyw43_ll.c.o
 .rodata.cyw43_cb_process_async_event.str1.4
                0x100447d6       0x28 CMakeFiles/P3.dir/Users/nekrutnikolai/git/pico-sdk/lib/cyw43-driver/src/cyw43_ctrl.c.o
 *fill*         0x100447d6        0x2 
 .rodata.cyw43_cb_process_async_event
                0x100447d8       0xc8 CMakeFiles/P3.dir/Users/nekrutnikolai/git/pico-sdk/lib/cyw43-driver/src/cyw43_ctrl.c.o
 .rodata.str1.4
                0x100448a0       0x9e CMakeFiles/P3.dir/Users/nekrutnikolai/git/pico-sdk/lib/cyw43-driver/src/cyw43_ctrl.c.o
 .rodata.cyw43_async_event_name_table
                0x100448a0      0x164 CMakeFiles/P3.dir/Users/nekrutnikolai/git/pico-sdk/lib/cyw43-driver/src/cyw43_ctrl.c.o
 .rodata.pio_claim_unused_sm.str1.4
                0x10044a04       0x24 CMakeFiles/P3.dir/Users/nekrutnikolai/git/pico-sdk/src/rp2_common/hardware_pio/pio.c.o
 .rodata.dma_claim_unused_channel.str1.4
                0x10044a04       0x1e CMakeFiles/P3.dir/Users/nekrutnikolai/git/pico-sdk/src/rp2_common/hardware_dma/dma.c.o
 .rodata.cyw43_cb_tcpip_set_link_up.str1.4
                0x10044a04       0x20 CMakeFiles/P3.dir/Users/nekrutnikolai/git/pico-sdk/src/rp2_common/pico_cyw43_driver/cyw43_driver.c.o
 .rodata.async_context_threadsafe_background_lock_check.str1.4
                0x10044a04       0x20 CMakeFiles/P3.dir/Users/nekrutnikolai/git/pico-sdk/src/rp2_common/pico_async_context/async_context_threadsafe_background.c.o
 .rodata.template
                0x10044a04       0x38 CMakeFiles/P3.dir/Users/nekrutnikolai/git/pico-sdk/src/rp2_common/pico_async_context/async_context_threadsafe_background.c.o
 .rodata._strtod_l.str1.4
                0x10044a3c       0x15 /Applications/ArmGNUToolchain/14.2.rel1/arm-none-eabi/bin/../lib/gcc/arm-none-eabi/14.2.1/../../../../arm-none-eabi/lib/thumb/v6-m/nofp/libg.a(libc_a-strtod.o)
 .rodata._strtod_l
                0x10044a3c       0xd0 /Applications/ArmGNUToolchain/14.2.rel1/arm-none-eabi/bin/../lib/gcc/arm-none-eabi/14.2.1/../../../../arm-none-eabi/lib/thumb/v6-m/nofp/libg.a(libc_a-strtod.o)
 .rodata.fpinan.0
                0x10044b0c       0x14 /Applications/ArmGNUToolchain/14.2.rel1/arm-none-eabi/bin/../lib/gcc/arm-none-eabi/14.2.1/../../../../arm-none-eabi/lib/thumb/v6-m/nofp/libg.a(libc_a-strtod.o)
 .rodata.fpi.1  0x10044b20       0x14 /Applications/ArmGNUToolchain/14.2.rel1/arm-none-eabi/bin/../lib/gcc/arm-none-eabi/14.2.1/../../../../arm-none-eabi/lib/thumb/v6-m/nofp/libg.a(libc_a-strtod.o)
 *fill*         0x10044b34        0x4 
 .rodata.tinytens
                0x10044b38       0x28 /Applications/ArmGNUToolchain/14.2.rel1/arm-none-eabi/bin/../lib/gcc/arm-none-eabi/14.2.1/../../../../arm-none-eabi/lib/thumb/v6-m/nofp/libg.a(libc_a-strtod.o)
 .rodata.str1.4
                0x10044b60       0x4c /Applications/ArmGNUToolchain/14.2.rel1/arm-none-eabi/bin/../lib/gcc/arm-none-eabi/14.2.1/../../../../arm-none-eabi/lib/thumb/v6-m/nofp/libg.a(libc_a-locale.o)
 .rodata._ctype_
                0x10044b60      0x101 /Applications/ArmGNUToolchain/14.2.rel1/arm-none-eabi/bin/../lib/gcc/arm-none-eabi/14.2.1/../../../../arm-none-eabi/lib/thumb/v6-m/nofp/libg.a(libc_a-ctype_.o)
                0x10044b60                _ctype_
 .rodata.__gethex.str1.4
                0x10044c61       0x81 /Applications/ArmGNUToolchain/14.2.rel1/arm-none-eabi/bin/../lib/gcc/arm-none-eabi/14.2.1/../../../../arm-none-eabi/lib/thumb/v6-m/nofp/libg.a(libc_a-gdtoa-gethex.o)
 *fill*         0x10044c61        0x3 
 .rodata.__hexdig
                0x10044c64      0x100 /Applications/ArmGNUToolchain/14.2.rel1/arm-none-eabi/bin/../lib/gcc/arm-none-eabi/14.2.1/../../../../arm-none-eabi/lib/thumb/v6-m/nofp/libg.a(libc_a-gdtoa-gethex.o)
                0x10044c64                __hexdig
 .rodata.__multadd.str1.4
                0x10044d64       0x76 /Applications/ArmGNUToolchain/14.2.rel1/arm-none-eabi/bin/../lib/gcc/arm-none-eabi/14.2.1/../../../../arm-none-eabi/lib/thumb/v6-m/nofp/libg.a(libc_a-mprec.o)
 .rodata.p05.0  0x10044d64        0xc /Applications/ArmGNUToolchain/14.2.rel1/arm-none-eabi/bin/../lib/gcc/arm-none-eabi/14.2.1/../../../../arm-none-eabi/lib/thumb/v6-m/nofp/libg.a(libc_a-mprec.o)
 .rodata.__mprec_bigtens
                0x10044d70       0x28 /Applications/ArmGNUToolchain/14.2.rel1/arm-none-eabi/bin/../lib/gcc/arm-none-eabi/14.2.1/../../../../arm-none-eabi/lib/thumb/v6-m/nofp/libg.a(libc_a-mprec.o)
                0x10044d70                __mprec_bigtens
 .rodata.__mprec_tens
                0x10044d98       0xc8 /Applications/ArmGNUToolchain/14.2.rel1/arm-none-eabi/bin/../lib/gcc/arm-none-eabi/14.2.1/../../../../arm-none-eabi/lib/thumb/v6-m/nofp/libg.a(libc_a-mprec.o)
                0x10044d98                __mprec_tens
                0x10044e60                        . = ALIGN (0x4)
 *(SORT_BY_ALIGNMENT(SORT_BY_NAME(.flashdata*)))
                0x10044e60                        . = ALIGN (0x4)

.ARM.extab
 *(.ARM.extab* .gnu.linkonce.armextab.*)
                0x10044e60                        __exidx_start = .

.ARM.exidx
 *(.ARM.exidx* .gnu.linkonce.armexidx.*)
                0x10044e60                        __exidx_end = .
                0x10044e60                        . = ALIGN (0x4)
                0x10044e60                        __binary_info_start = .

.binary_info    0x10044e60       0x28
 *(.binary_info.keep.*)
 .binary_info.keep.__bi_ptr84
                0x10044e60        0x4 CMakeFiles/P3.dir/Users/nekrutnikolai/git/pico-sdk/src/rp2_common/pico_standard_binary_info/standard_binary_info.c.o
 .binary_info.keep.__bi_ptr78
                0x10044e64        0x4 CMakeFiles/P3.dir/Users/nekrutnikolai/git/pico-sdk/src/rp2_common/pico_standard_binary_info/standard_binary_info.c.o
 .binary_info.keep.__bi_ptr54
                0x10044e68        0x4 CMakeFiles/P3.dir/Users/nekrutnikolai/git/pico-sdk/src/rp2_common/pico_standard_binary_info/standard_binary_info.c.o
 .binary_info.keep.__bi_ptr48
                0x10044e6c        0x4 CMakeFiles/P3.dir/Users/nekrutnikolai/git/pico-sdk/src/rp2_common/pico_standard_binary_info/standard_binary_info.c.o
 .binary_info.keep.__bi_ptr42
                0x10044e70        0x4 CMakeFiles/P3.dir/Users/nekrutnikolai/git/pico-sdk/src/rp2_common/pico_standard_binary_info/standard_binary_info.c.o
 .binary_info.keep.__bi_ptr34
                0x10044e74        0x4 CMakeFiles/P3.dir/Users/nekrutnikolai/git/pico-sdk/src/rp2_common/pico_standard_binary_info/standard_binary_info.c.o
 .binary_info.keep.__bi_ptr26
                0x10044e78        0x4 CMakeFiles/P3.dir/Users/nekrutnikolai/git/pico-sdk/src/rp2_common/pico_standard_binary_info/standard_binary_info.c.o
 *(.binary_info.*)
 .binary_info.__bi_ptr50
                0x10044e7c        0x4 CMakeFiles/P3.dir/Users/nekrutnikolai/git/pico-sdk/src/rp2_common/pico_stdio_uart/stdio_uart.c.o
 .binary_info.__bi_ptr49
                0x10044e80        0x4 CMakeFiles/P3.dir/Users/nekrutnikolai/git/pico-sdk/src/rp2_common/pico_stdio_uart/stdio_uart.c.o
 .binary_info.__bi_ptr45
                0x10044e84        0x4 CMakeFiles/P3.dir/Users/nekrutnikolai/git/pico-sdk/src/rp2_common/pico_stdio_uart/stdio_uart.c.o
                0x10044e88                        __binary_info_end = .

.rel.dyn        0x10044e88        0x0
 .rel.iplt      0x10044e88        0x0 /Applications/ArmGNUToolchain/14.2.rel1/arm-none-eabi/bin/../lib/gcc/arm-none-eabi/14.2.1/thumb/v6-m/nofp/crtbegin.o
                0x10044e88                        . = ALIGN (0x4)

.ram_vector_table
                0x20000000       0xc0
 *(.ram_vector_table)
 .ram_vector_table
                0x20000000       0xc0 CMakeFiles/P3.dir/Users/nekrutnikolai/git/pico-sdk/src/rp2_common/pico_runtime_init/runtime_init.c.o
                0x20000000                ram_vector_table

.uninitialized_data
                0x200000c0        0x0
                0x200000c0                        . = ALIGN (0x4)
 *(.uninitialized_data*)

.data           0x200000c0      0xda8 load address 0x10044e88
                0x200000c0                        __data_start__ = .
 *(vtable)
 *(.time_critical*)
 .time_critical.sem_acquire_block_until
                0x200000c0       0x68 CMakeFiles/P3.dir/Users/nekrutnikolai/git/pico-sdk/src/common/pico_sync/sem.c.o
                0x200000c0                sem_acquire_block_until
 .time_critical.sem_release
                0x20000128       0x48 CMakeFiles/P3.dir/Users/nekrutnikolai/git/pico-sdk/src/common/pico_sync/sem.c.o
                0x20000128                sem_release
 .time_critical.recursive_mutex_enter_blocking